2025-08-28 00:45:31,674 - INFO - INPUT PARAMETERS: ['BayOpt_epics.py', 'start_opt', '', '', '', '5', '8', 'HALF:IN:FLAG:PRF07:sigx,HALF:IN:FLAG:PRF07:sigy', '1,1', '1,1', 'mean,mean']
2025-08-28 00:45:31,674 - ERROR - 错误: could not convert string to float: ''
Traceback (most recent call last):
  File "/home/zhanghaoran/gitproj/half_linac/src/optimization/BO/BayOpt_epics.py", line 211, in <module>
    knobs_minus = [float(x) for x in sys.argv[3].split(',')]
                  ^^^^^^^^^^^^^^^^^^^^^^^^^^^^^^^^^^^^^^^^^^
  File "/home/zhanghaoran/gitproj/half_linac/src/optimization/BO/BayOpt_epics.py", line 211, in <listcomp>
    knobs_minus = [float(x) for x in sys.argv[3].split(',')]
                   ^^^^^^^^
ValueError: could not convert string to float: ''
2025-08-28 00:47:05,712 - INFO - INPUT PARAMETERS: ['BayOpt_epics.py', 'start_opt', 'QT01,QT02', '-5.0,-5.0', '5.0,5.0', '5', '8', 'HALF:IN:FLAG:PRF07:sigx,HALF:IN:FLAG:PRF07:sigy', '1,1', '1,1', 'mean,mean']
2025-08-28 00:47:05,712 - ERROR - 错误: 'TargetIoc' object has no attribute 'knobs_list'
Traceback (most recent call last):
  File "/home/zhanghaoran/gitproj/half_linac/src/optimization/BO/BayOpt_epics.py", line 224, in <module>
    objhub = TargetIoc(obj_pvnames=obj_pvnames, obj_weights=obj_weights, obj_samples=obj_samples, obj_math=obj_math, interval=interval)
             ^^^^^^^^^^^^^^^^^^^^^^^^^^^^^^^^^^^^^^^^^^^^^^^^^^^^^^^^^^^^^^^^^^^^^^^^^^^^^^^^^^^^^^^^^^^^^^^^^^^^^^^^^^^^^^^^^^^^^^^^^^
  File "/home/zhanghaoran/gitproj/half_linac/src/optimization/BO/BayOpt_epics.py", line 138, in __init__
    self._init_knob_pv() #获得pv通道名
    ^^^^^^^^^^^^^^^^^^^^
  File "/home/zhanghaoran/gitproj/half_linac/src/optimization/BO/BayOpt_epics.py", line 146, in _init_knob_pv
    for knob in self.knobs_list:
                ^^^^^^^^^^^^^^^
AttributeError: 'TargetIoc' object has no attribute 'knobs_list'
2025-08-28 00:48:27,610 - INFO - INPUT PARAMETERS: ['BayOpt_epics.py', 'start_opt', 'QT01,QT02', '-5.0,-5.0', '5.0,5.0', '5', '8', 'HALF:IN:FLAG:PRF07:sigx,HALF:IN:FLAG:PRF07:sigy', '1,1', '1,1', 'mean,mean']
2025-08-28 00:48:27,610 - ERROR - 错误: 'NoneType' object is not iterable
Traceback (most recent call last):
  File "/home/zhanghaoran/gitproj/half_linac/src/optimization/BO/BayOpt_epics.py", line 225, in <module>
    objhub = TargetIoc(obj_pvnames=obj_pvnames, obj_weights=obj_weights, obj_samples=obj_samples, obj_math=obj_math, interval=interval)
             ^^^^^^^^^^^^^^^^^^^^^^^^^^^^^^^^^^^^^^^^^^^^^^^^^^^^^^^^^^^^^^^^^^^^^^^^^^^^^^^^^^^^^^^^^^^^^^^^^^^^^^^^^^^^^^^^^^^^^^^^^^
  File "/home/zhanghaoran/gitproj/half_linac/src/optimization/BO/BayOpt_epics.py", line 139, in __init__
    self._init_knob_pv() #获得pv通道名
    ^^^^^^^^^^^^^^^^^^^^
  File "/home/zhanghaoran/gitproj/half_linac/src/optimization/BO/BayOpt_epics.py", line 147, in _init_knob_pv
    for knob in self.knobs_list:
TypeError: 'NoneType' object is not iterable
2025-08-28 00:48:55,311 - INFO - INPUT PARAMETERS: ['BayOpt_epics.py', 'start_opt', 'XC11', '-5.0', '5.0', '5', '8', 'HALF:IN:FLAG:PRF07:sigx,HALF:IN:FLAG:PRF07:sigy', '1,1', '1,1', 'mean,mean']
2025-08-28 00:48:55,311 - ERROR - 错误: 'NoneType' object is not iterable
Traceback (most recent call last):
  File "/home/zhanghaoran/gitproj/half_linac/src/optimization/BO/BayOpt_epics.py", line 225, in <module>
    objhub = TargetIoc(obj_pvnames=obj_pvnames, obj_weights=obj_weights, obj_samples=obj_samples, obj_math=obj_math, interval=interval)
             ^^^^^^^^^^^^^^^^^^^^^^^^^^^^^^^^^^^^^^^^^^^^^^^^^^^^^^^^^^^^^^^^^^^^^^^^^^^^^^^^^^^^^^^^^^^^^^^^^^^^^^^^^^^^^^^^^^^^^^^^^^
  File "/home/zhanghaoran/gitproj/half_linac/src/optimization/BO/BayOpt_epics.py", line 139, in __init__
    self._init_knob_pv() #获得pv通道名
    ^^^^^^^^^^^^^^^^^^^^
  File "/home/zhanghaoran/gitproj/half_linac/src/optimization/BO/BayOpt_epics.py", line 147, in _init_knob_pv
    for knob in self.knobs_list:
TypeError: 'NoneType' object is not iterable
2025-08-28 00:51:26,945 - INFO - INPUT PARAMETERS: ['BayOpt_epics.py', 'start_opt', 'XC11', '-5.0', '5.0', '5', '8', 'HALF:IN:FLAG:PRF07:sigx,HALF:IN:FLAG:PRF07:sigy', '1,1', '1,1', 'mean,mean']
2025-08-28 00:51:26,945 - ERROR - 错误: can only concatenate list (not "method") to list
Traceback (most recent call last):
  File "/home/zhanghaoran/gitproj/half_linac/src/optimization/BO/BayOpt_epics.py", line 226, in <module>
    vrange = np.array([knobs_minus + objhub.init_knob_value, knobs_plus + objhub.init_knob_value]).T
                       ~~~~~~~~~~~~^~~~~~~~~~~~~~~~~~~~~~~~
TypeError: can only concatenate list (not "method") to list
2025-08-28 00:56:45,635 - INFO - INPUT PARAMETERS: ['BayOpt_epics.py', 'start_opt', 'QT01,QT02', '-5.0,-5.0', '5.0,5.0', '5', '8', 'HALF:IN:FLAG:PRF07:sigx,HALF:IN:FLAG:PRF07:sigy', '-1,-1', '1,1', 'mean,mean']
2025-08-28 00:56:45,635 - ERROR - 错误: 'method' object is not iterable
Traceback (most recent call last):
  File "/home/zhanghaoran/gitproj/half_linac/src/optimization/BO/BayOpt_epics.py", line 227, in <module>
    vrange_b = [x + y for x, y in zip(knobs_minus, knobs)]
                                  ^^^^^^^^^^^^^^^^^^^^^^^
TypeError: 'method' object is not iterable
2025-08-28 00:57:53,034 - INFO - INPUT PARAMETERS: ['BayOpt_epics.py', 'start_opt', 'QT01,QT02', '-5.0,-5.0', '5.0,5.0', '5', '8', 'HALF:IN:FLAG:PRF07:sigx,HALF:IN:FLAG:PRF07:sigy', '-1,-1', '1,1', 'mean,mean']
2025-08-28 00:57:53,034 - ERROR - 错误: 'method' object is not iterable
Traceback (most recent call last):
  File "/home/zhanghaoran/gitproj/half_linac/src/optimization/BO/BayOpt_epics.py", line 228, in <module>
    vrange_b = [x + y for x, y in zip(knobs_minus, knobs)]
                                  ^^^^^^^^^^^^^^^^^^^^^^^
TypeError: 'method' object is not iterable
2025-08-28 00:58:09,228 - INFO - INPUT PARAMETERS: ['BayOpt_epics.py', 'start_opt', 'QT01,QT02', '-5.0,-5.0', '5.0,5.0', '5', '8', 'HALF:IN:FLAG:PRF07:sigx,HALF:IN:FLAG:PRF07:sigy', '-1,-1', '1,1', 'mean,mean']
2025-08-28 00:58:27,841 - INFO - INPUT PARAMETERS: ['BayOpt_epics.py', 'start_opt', 'QT01,QT02', '-5.0,-5.0', '5.0,5.0', '5', '8', 'HALF:IN:FLAG:PRF07:sigx,HALF:IN:FLAG:PRF07:sigy', '-1,-1', '1,1', 'mean,mean']
2025-08-28 00:59:55,502 - INFO - INPUT PARAMETERS: ['BayOpt_epics.py', 'start_opt', 'QT01,QT02', '-5.0,-5.0', '5.0,5.0', '5', '8', 'HALF:IN:FLAG:PRF07:sigx,HALF:IN:FLAG:PRF07:sigy', '-1,-1', '1,1', 'mean,mean']
2025-08-28 01:02:37,387 - INFO - INPUT PARAMETERS: ['BayOpt_epics.py', 'start_opt', 'QT01,QT02', '-5.0,-5.0', '5.0,5.0', '5', '8', 'HALF:IN:FLAG:PRF07:sigx,HALF:IN:FLAG:PRF07:sigy', '-1,-1', '1,1', 'mean,mean']
2025-08-28 01:02:50,045 - INFO - INPUT PARAMETERS: ['BayOpt_epics.py', 'start_opt', 'QT01,QT02', '-5.0,-5.0', '5.0,5.0', '5', '8', 'HALF:IN:FLAG:PRF07:sigx,HALF:IN:FLAG:PRF07:sigy', '-1,-1', '1,1', 'mean,mean']
2025-08-28 01:03:20,115 - INFO - INPUT PARAMETERS: ['BayOpt_epics.py', 'start_opt', 'QT01,QT02', '-5.0,-5.0', '5.0,5.0', '5', '8', 'HALF:IN:FLAG:PRF07:sigx,HALF:IN:FLAG:PRF07:sigy', '-1,-1', '1,1', 'mean,mean']
2025-08-28 01:03:49,709 - INFO - INPUT PARAMETERS: ['BayOpt_epics.py', 'start_opt', 'QT01,QT02', '-5.0,-5.0', '5.0,5.0', '5', '8', 'HALF:IN:FLAG:PRF07:sigx,HALF:IN:FLAG:PRF07:sigy', '-1,-1', '1,1', 'mean,mean']
2025-08-28 01:06:04,214 - INFO - INPUT PARAMETERS: ['BayOpt_epics.py', 'start_opt', 'QT01,QT02', '-2.0,-2.0', '2.0,2.0', '10', '8', 'HALF:IN:FLAG:PRF07:sigx,HALF:IN:FLAG:PRF07:sigy', '-1,-1', '1,1', 'mean,mean']
2025-08-28 12:10:56,365 - ERROR - 错误: BOOptimizer.__init__() got an unexpected keyword argument 'xacq_para'
Traceback (most recent call last):
  File "/home/zhanghaoran/gitproj/half_linac/src/optimization/BO/BayOpt.py", line 156, in <module>
    optimizer = BOOptimizer(
                ^^^^^^^^^^^^
TypeError: BOOptimizer.__init__() got an unexpected keyword argument 'xacq_para'
2025-08-28 14:51:02,008 - INFO - INPUT PARAMETERS: ['BayOpt_epics.py', 'start_opt', 'QT01,QT02', '-2.0,-2.0', '2.0,2.0', 'init points', '10', 'UCB', '2.5', '8', 'HALF:IN:FLAG:PRF07:sigx,HALF:IN:FLAG:PRF07:sigy', '-1,-1', '1,1', 'mean,mean']
2025-08-28 14:51:02,010 - ERROR - 错误: invalid literal for int() with base 10: 'init points'
Traceback (most recent call last):
  File "/home/zhanghaoran/gitproj/half_linac/src/optimization/BO/BayOpt_epics.py", line 215, in <module>
    init_points = int(sys.argv[5])
                  ^^^^^^^^^^^^^^^^
ValueError: invalid literal for int() with base 10: 'init points'
2025-08-28 14:52:52,393 - INFO - INPUT PARAMETERS: ['BayOpt_epics.py', 'start_opt', 'QT01,QT02', '-5.0,-5.0', '5.0,5.0', '3', '10', 'UCB', '2.5', '8', 'HALF:IN:FLAG:PRF07:sigx,HALF:IN:FLAG:PRF07:sigy', '-1,-1', '1,1', 'mean,mean']
