2025-06-13 16:34:14,690 - INFO - 输入参数: ['correct_optimized.py', 'start_cor', 'one-to-one', '8', '10', '1', 'BPM03,BPM04,BPM05,BPM06,BPM07,BPM08,BPM09,BPM10,BPM11,BPM12,BPM13,BPM14,BPM15,BPM16,BPM17,BPM18,BPM19,BPM20,BPM21,BPM22,BPM23,BPM24,BPM25,BPM26,BPM27,BPM28,BPM29,BPM30,BPM31,BPM32,BPM33,BPM34,BPM35,BPM36,BPM37,BPM38,BPM39,BPM40,BPM41,BPM42,BPM43', '0.0,0.0,0.0,0.0,0.0,0.0,0.0,0.0,0.0,0.0,0.0,0.0,0.0,0.0,0.0,0.0,0.0,0.0,0.0,0.0,0.0,0.0,0.0,0.0,0.0,0.0,0.0,0.0,0.0,0.0,0.0,0.0,0.0,0.0,0.0,0.0,0.0,0.0,0.0,0.0,0.0', '0.0,0.0,0.0,0.0,0.0,0.0,0.0,0.0,0.0,0.0,0.0,0.0,0.0,0.0,0.0,0.0,0.0,0.0,0.0,0.0,0.0,0.0,0.0,0.0,0.0,0.0,0.0,0.0,0.0,0.0,0.0,0.0,0.0,0.0,0.0,0.0,0.0,0.0,0.0,0.0,0.0']
2025-06-13 16:34:14,700 - INFO - 开始校正: BPM03
2025-06-13 16:34:30,701 - INFO - 响应系数 Rx=0.568, Ry=5.680
2025-06-13 16:34:38,702 - INFO - 校正完成: BPM03
2025-06-13 16:34:38,702 - INFO - 最终校正铁值: (0.000, -0.000)
2025-06-13 16:34:38,702 - INFO - 最终BPM读数: (-6.934e-06, -1.021e-06)
2025-06-13 16:34:38,702 - INFO - 开始校正: BPM04
2025-06-13 16:34:54,703 - INFO - 响应系数 Rx=1.113, Ry=3.467
2025-06-13 16:35:02,704 - INFO - 校正完成: BPM04
2025-06-13 16:35:02,704 - INFO - 最终校正铁值: (-0.000, -0.000)
2025-06-13 16:35:02,704 - INFO - 最终BPM读数: (-7.624e-12, 4.383e-11)
2025-06-13 16:35:02,704 - INFO - 开始校正: BPM05
2025-06-13 16:35:18,705 - INFO - 响应系数 Rx=1.816, Ry=0.753
2025-06-13 16:35:26,705 - INFO - 校正迭代 1 次: BPM05
2025-06-13 16:35:50,706 - INFO - 校正完成: BPM05
2025-06-13 16:35:50,707 - INFO - 最终校正铁值: (-0.000, 0.000)
2025-06-13 16:35:50,707 - INFO - 最终BPM读数: (1.743e-06, -3.303e-07)
2025-06-13 16:35:50,707 - INFO - 开始校正: BPM06
2025-06-13 16:36:06,707 - INFO - 响应系数 Rx=3.356, Ry=3.023
2025-06-13 16:36:14,708 - INFO - 校正完成: BPM06
2025-06-13 16:36:14,708 - INFO - 最终校正铁值: (-0.000, 0.000)
2025-06-13 16:36:14,708 - INFO - 最终BPM读数: (1.116e-09, -1.301e-10)
2025-06-13 16:36:14,708 - INFO - 开始校正: BPM07
2025-06-13 16:36:30,709 - INFO - 响应系数 Rx=6.533, Ry=2.131
2025-06-13 16:36:38,709 - INFO - 校正完成: BPM07
2025-06-13 16:36:38,709 - INFO - 最终校正铁值: (-0.000, -0.000)
2025-06-13 16:36:38,709 - INFO - 最终BPM读数: (2.469e-13, -3.698e-14)
2025-06-13 16:36:38,709 - INFO - 开始校正: BPM08
2025-06-13 16:36:54,710 - INFO - 响应系数 Rx=6.270, Ry=5.614
2025-06-13 16:37:02,711 - INFO - 校正完成: BPM08
2025-06-13 16:37:02,711 - INFO - 最终校正铁值: (0.000, 0.000)
2025-06-13 16:37:02,711 - INFO - 最终BPM读数: (7.985e-12, 1.110e-12)
2025-06-13 16:37:02,711 - INFO - 开始校正: BPM09
2025-06-13 16:37:18,712 - INFO - 响应系数 Rx=4.642, Ry=8.259
2025-06-13 16:37:26,712 - INFO - 校正完成: BPM09
2025-06-13 16:37:26,713 - INFO - 最终校正铁值: (-0.000, 0.000)
2025-06-13 16:37:26,713 - INFO - 最终BPM读数: (-3.133e-13, 2.440e-13)
2025-06-13 16:37:26,713 - INFO - 开始校正: BPM10
2025-06-13 16:37:42,713 - INFO - 响应系数 Rx=4.610, Ry=2.906
2025-06-13 16:37:50,714 - INFO - 校正完成: BPM10
2025-06-13 16:37:50,714 - INFO - 最终校正铁值: (0.000, 0.000)
2025-06-13 16:37:50,714 - INFO - 最终BPM读数: (3.680e-14, -1.446e-13)
2025-06-13 16:37:50,714 - INFO - 开始校正: BPM11
2025-06-13 16:38:06,715 - INFO - 响应系数 Rx=1.476, Ry=1.423
2025-06-13 16:38:14,716 - INFO - 校正完成: BPM11
2025-06-13 16:38:14,716 - INFO - 最终校正铁值: (-0.000, -0.000)
2025-06-13 16:38:14,716 - INFO - 最终BPM读数: (1.955e-14, 5.367e-15)
2025-06-13 16:38:14,716 - INFO - 开始校正: BPM12
2025-06-13 16:38:30,716 - INFO - 响应系数 Rx=10.067, Ry=10.198
2025-06-13 16:38:38,717 - INFO - 校正完成: BPM12
2025-06-13 16:38:38,717 - INFO - 最终校正铁值: (-0.000, -0.000)
2025-06-13 16:38:38,717 - INFO - 最终BPM读数: (-1.109e-11, 1.793e-11)
2025-06-13 16:38:38,717 - INFO - 开始校正: BPM13
2025-06-13 16:38:54,718 - INFO - 响应系数 Rx=11.756, Ry=11.605
2025-06-13 16:39:02,719 - INFO - 校正完成: BPM13
2025-06-13 16:39:02,719 - INFO - 最终校正铁值: (0.000, 0.000)
2025-06-13 16:39:02,719 - INFO - 最终BPM读数: (4.160e-14, 2.531e-12)
2025-06-13 16:39:02,719 - INFO - 开始校正: BPM14
2025-06-13 16:39:18,720 - INFO - 响应系数 Rx=12.274, Ry=12.435
2025-06-13 16:39:26,721 - INFO - 校正完成: BPM14
2025-06-13 16:39:26,721 - INFO - 最终校正铁值: (-0.000, 0.000)
2025-06-13 16:39:26,721 - INFO - 最终BPM读数: (-1.850e-12, 9.564e-13)
2025-06-13 16:39:26,721 - INFO - 开始校正: BPM15
2025-06-13 16:39:42,722 - INFO - 响应系数 Rx=12.816, Ry=12.651
2025-06-13 16:39:50,722 - INFO - 校正完成: BPM15
2025-06-13 16:39:50,722 - INFO - 最终校正铁值: (0.000, -0.000)
2025-06-13 16:39:50,722 - INFO - 最终BPM读数: (-3.177e-12, 2.208e-13)
2025-06-13 16:39:50,722 - INFO - 开始校正: BPM16
2025-06-13 16:40:06,723 - INFO - 响应系数 Rx=12.892, Ry=13.061
2025-06-13 16:40:14,724 - INFO - 校正完成: BPM16
2025-06-13 16:40:14,724 - INFO - 最终校正铁值: (-0.000, 0.000)
2025-06-13 16:40:14,724 - INFO - 最终BPM读数: (2.731e-13, -4.728e-13)
2025-06-13 16:40:14,724 - INFO - 开始校正: BPM17
2025-06-13 16:40:30,724 - INFO - 响应系数 Rx=13.231, Ry=13.061
2025-06-13 16:40:38,725 - INFO - 校正完成: BPM17
2025-06-13 16:40:38,725 - INFO - 最终校正铁值: (0.000, 0.000)
2025-06-13 16:40:38,725 - INFO - 最终BPM读数: (4.171e-13, -1.584e-13)
2025-06-13 16:40:38,726 - INFO - 开始校正: BPM18
2025-06-13 16:40:54,727 - INFO - 响应系数 Rx=13.185, Ry=13.357
2025-06-13 16:41:02,727 - INFO - 校正完成: BPM18
2025-06-13 16:41:02,728 - INFO - 最终校正铁值: (-0.000, 0.000)
2025-06-13 16:41:02,728 - INFO - 最终BPM读数: (1.627e-12, -1.024e-12)
2025-06-13 16:41:02,728 - INFO - 开始校正: BPM19
2025-06-13 16:41:18,728 - INFO - 响应系数 Rx=13.453, Ry=13.280
2025-06-13 16:41:26,729 - INFO - 校正完成: BPM19
2025-06-13 16:41:26,729 - INFO - 最终校正铁值: (-0.000, -0.000)
2025-06-13 16:41:26,729 - INFO - 最终BPM读数: (1.652e-14, 1.074e-13)
2025-06-13 16:41:26,729 - INFO - 开始校正: BPM20
2025-06-13 16:41:42,730 - INFO - 响应系数 Rx=15.003, Ry=14.568
2025-06-13 16:41:50,730 - INFO - 校正完成: BPM20
2025-06-13 16:41:50,731 - INFO - 最终校正铁值: (-0.000, -0.000)
2025-06-13 16:41:50,731 - INFO - 最终BPM读数: (-1.592e-13, 5.596e-13)
2025-06-13 16:41:50,731 - INFO - 开始校正: BPM21
2025-06-13 16:42:06,731 - INFO - 响应系数 Rx=14.228, Ry=13.867
2025-06-13 16:42:14,732 - INFO - 校正完成: BPM21
2025-06-13 16:42:14,732 - INFO - 最终校正铁值: (0.000, -0.000)
2025-06-13 16:42:14,732 - INFO - 最终BPM读数: (7.693e-14, -1.394e-13)
2025-06-13 16:42:14,732 - INFO - 开始校正: BPM22
2025-06-13 16:42:30,733 - INFO - 响应系数 Rx=1.980, Ry=3.700
2025-06-13 16:42:38,734 - INFO - 校正完成: BPM22
2025-06-13 16:42:38,734 - INFO - 最终校正铁值: (-0.000, -0.000)
2025-06-13 16:42:38,734 - INFO - 最终BPM读数: (-2.779e-15, 5.822e-14)
2025-06-13 16:42:38,734 - INFO - 开始校正: BPM23
2025-06-13 16:42:54,735 - INFO - 响应系数 Rx=2.454, Ry=8.959
2025-06-13 16:43:02,735 - INFO - 校正完成: BPM23
2025-06-13 16:43:02,735 - INFO - 最终校正铁值: (-0.000, -0.000)
2025-06-13 16:43:02,735 - INFO - 最终BPM读数: (-2.469e-10, 1.237e-10)
2025-06-13 16:43:02,735 - INFO - 开始校正: BPM24
2025-06-13 16:43:18,736 - INFO - 响应系数 Rx=13.367, Ry=10.260
2025-06-13 16:43:26,737 - INFO - 校正完成: BPM24
2025-06-13 16:43:26,737 - INFO - 最终校正铁值: (0.000, 0.000)
2025-06-13 16:43:26,737 - INFO - 最终BPM读数: (3.419e-10, -7.647e-11)
2025-06-13 16:43:26,737 - INFO - 开始校正: BPM25
2025-06-13 16:43:42,738 - INFO - 响应系数 Rx=3.535, Ry=7.882
2025-06-13 16:43:50,738 - INFO - 校正完成: BPM25
2025-06-13 16:43:50,739 - INFO - 最终校正铁值: (0.000, 0.000)
2025-06-13 16:43:50,739 - INFO - 最终BPM读数: (2.821e-10, -9.346e-11)
2025-06-13 16:43:50,739 - INFO - 开始校正: BPM26
2025-06-13 16:44:06,739 - INFO - 响应系数 Rx=1.684, Ry=3.257
2025-06-13 16:44:14,740 - INFO - 校正完成: BPM26
2025-06-13 16:44:14,740 - INFO - 最终校正铁值: (0.000, -0.000)
2025-06-13 16:44:14,740 - INFO - 最终BPM读数: (-1.101e-14, 4.210e-14)
2025-06-13 16:44:14,741 - INFO - 开始校正: BPM27
2025-06-13 16:44:30,741 - INFO - 响应系数 Rx=7.698, Ry=7.408
2025-06-13 16:44:38,742 - INFO - 校正完成: BPM27
2025-06-13 16:44:38,742 - INFO - 最终校正铁值: (0.000, 0.000)
2025-06-13 16:44:38,742 - INFO - 最终BPM读数: (-1.427e-15, -1.040e-15)
2025-06-13 16:44:38,742 - INFO - 开始校正: BPM28
2025-06-13 16:44:54,743 - INFO - 响应系数 Rx=12.343, Ry=12.207
2025-06-13 16:45:02,744 - INFO - 校正完成: BPM28
2025-06-13 16:45:02,744 - INFO - 最终校正铁值: (-0.000, -0.000)
2025-06-13 16:45:02,744 - INFO - 最终BPM读数: (-3.151e-16, 6.979e-16)
2025-06-13 16:45:02,744 - INFO - 开始校正: BPM29
2025-06-13 16:45:18,745 - INFO - 响应系数 Rx=12.110, Ry=12.290
2025-06-13 16:45:26,745 - INFO - 校正完成: BPM29
2025-06-13 16:45:26,745 - INFO - 最终校正铁值: (-0.000, -0.000)
2025-06-13 16:45:26,745 - INFO - 最终BPM读数: (-6.790e-16, 1.275e-15)
2025-06-13 16:45:26,745 - INFO - 开始校正: BPM30
2025-06-13 16:45:42,746 - INFO - 响应系数 Rx=12.290, Ry=12.110
2025-06-13 16:45:50,747 - INFO - 校正完成: BPM30
2025-06-13 16:45:50,747 - INFO - 最终校正铁值: (0.000, -0.000)
2025-06-13 16:45:50,747 - INFO - 最终BPM读数: (1.361e-16, -3.897e-17)
2025-06-13 16:45:50,747 - INFO - 开始校正: BPM31
2025-06-13 16:46:06,748 - INFO - 响应系数 Rx=12.110, Ry=12.290
2025-06-13 16:46:14,748 - INFO - 校正完成: BPM31
2025-06-13 16:46:14,748 - INFO - 最终校正铁值: (-0.000, 0.000)
2025-06-13 16:46:14,749 - INFO - 最终BPM读数: (-1.064e-16, -7.852e-17)
2025-06-13 16:46:14,749 - INFO - 开始校正: BPM32
2025-06-13 16:46:30,749 - INFO - 响应系数 Rx=12.290, Ry=12.110
2025-06-13 16:46:38,750 - INFO - 校正完成: BPM32
2025-06-13 16:46:38,750 - INFO - 最终校正铁值: (0.000, 0.000)
2025-06-13 16:46:38,750 - INFO - 最终BPM读数: (-1.503e-16, -2.876e-18)
2025-06-13 16:46:38,750 - INFO - 开始校正: BPM33
2025-06-13 16:46:54,751 - INFO - 响应系数 Rx=12.110, Ry=12.290
2025-06-13 16:47:02,751 - INFO - 校正完成: BPM33
2025-06-13 16:47:02,751 - INFO - 最终校正铁值: (-0.000, -0.000)
2025-06-13 16:47:02,751 - INFO - 最终BPM读数: (-1.052e-16, 1.282e-15)
2025-06-13 16:47:02,751 - INFO - 开始校正: BPM34
2025-06-13 16:47:18,752 - INFO - 响应系数 Rx=3.185, Ry=4.568
2025-06-13 16:47:26,753 - INFO - 校正完成: BPM34
2025-06-13 16:47:26,753 - INFO - 最终校正铁值: (0.000, -0.000)
2025-06-13 16:47:26,753 - INFO - 最终BPM读数: (3.398e-14, 2.678e-14)
2025-06-13 16:47:26,753 - INFO - 开始校正: BPM35
2025-06-13 16:47:42,753 - INFO - 响应系数 Rx=1.926, Ry=1.924
2025-06-13 16:47:50,754 - INFO - 校正完成: BPM35
2025-06-13 16:47:50,754 - INFO - 最终校正铁值: (0.000, 0.000)
2025-06-13 16:47:50,754 - INFO - 最终BPM读数: (-8.023e-16, 1.282e-16)
2025-06-13 16:47:50,754 - INFO - 开始校正: BPM36
2025-06-13 16:48:06,755 - INFO - 响应系数 Rx=1.492, Ry=2.266
2025-06-13 16:48:14,755 - INFO - 校正完成: BPM36
2025-06-13 16:48:14,755 - INFO - 最终校正铁值: (-0.000, -0.000)
2025-06-13 16:48:14,755 - INFO - 最终BPM读数: (1.944e-14, 7.046e-15)
2025-06-13 16:48:14,755 - INFO - 开始校正: BPM37
2025-06-13 16:48:30,756 - INFO - 响应系数 Rx=3.947, Ry=3.944
2025-06-13 16:48:38,757 - INFO - 校正完成: BPM37
2025-06-13 16:48:38,757 - INFO - 最终校正铁值: (-0.000, 0.000)
2025-06-13 16:48:38,757 - INFO - 最终BPM读数: (-4.103e-10, -8.815e-11)
2025-06-13 16:48:38,757 - INFO - 开始校正: BPM38
2025-06-13 16:48:54,757 - INFO - 响应系数 Rx=4.606, Ry=3.649
2025-06-13 16:49:02,758 - INFO - 校正完成: BPM38
2025-06-13 16:49:02,758 - INFO - 最终校正铁值: (0.000, 0.000)
2025-06-13 16:49:02,758 - INFO - 最终BPM读数: (4.678e-11, -7.756e-12)
2025-06-13 16:49:02,758 - INFO - 开始校正: BPM39
2025-06-13 16:49:18,759 - INFO - 响应系数 Rx=1.289, Ry=3.499
2025-06-13 16:49:26,759 - INFO - 校正完成: BPM39
2025-06-13 16:49:26,759 - INFO - 最终校正铁值: (0.000, 0.000)
2025-06-13 16:49:26,760 - INFO - 最终BPM读数: (-3.045e-10, 1.503e-10)
2025-06-13 16:49:26,760 - INFO - 开始校正: BPM40
2025-06-13 16:49:42,760 - INFO - 响应系数 Rx=1.649, Ry=1.260
2025-06-13 16:49:50,761 - INFO - 校正完成: BPM40
2025-06-13 16:49:50,761 - INFO - 最终校正铁值: (0.000, 0.000)
2025-06-13 16:49:50,761 - INFO - 最终BPM读数: (-6.723e-13, 2.689e-12)
2025-06-13 16:49:50,761 - INFO - 开始校正: BPM41
2025-06-13 16:50:06,762 - INFO - 响应系数 Rx=1.529, Ry=3.303
2025-06-13 16:50:14,762 - INFO - 校正完成: BPM41
2025-06-13 16:50:14,762 - INFO - 最终校正铁值: (0.000, 0.000)
2025-06-13 16:50:14,762 - INFO - 最终BPM读数: (-1.230e-10, 3.613e-11)
2025-06-13 16:50:14,762 - INFO - 开始校正: BPM42
2025-06-13 16:50:30,763 - INFO - 响应系数 Rx=3.891, Ry=4.066
2025-06-13 16:50:38,764 - INFO - 校正完成: BPM42
2025-06-13 16:50:38,764 - INFO - 最终校正铁值: (0.000, 0.000)
2025-06-13 16:50:38,764 - INFO - 最终BPM读数: (1.006e-09, 1.337e-09)
2025-06-13 16:50:38,764 - INFO - 开始校正: BPM43
2025-06-13 16:50:54,765 - INFO - 响应系数 Rx=1.725, Ry=1.725
2025-06-13 16:51:02,765 - INFO - 校正完成: BPM43
2025-06-13 16:51:02,766 - INFO - 最终校正铁值: (0.000, -0.000)
2025-06-13 16:51:02,766 - INFO - 最终BPM读数: (5.525e-20, -1.254e-20)
2025-06-13 20:54:15,718 - INFO - 输入参数: ['correct_optimized.py', 'start_cor', 'one-to-one', '8', '10', '1', 'BPM20,BPM21,BPM22,BPM23,BPM24,BPM25', '0.0,0.0,0.0,0.0,0.0,0.0', '0.0,0.0,0.0,0.0,0.0,0.0']
2025-06-13 20:54:15,726 - INFO - 开始校正: BPM20
2025-06-13 20:54:31,727 - INFO - 响应系数 Rx=15.004, Ry=14.569
2025-06-13 20:54:39,728 - INFO - 校正完成: BPM20
2025-06-13 20:54:39,728 - INFO - 最终校正铁值: (-0.000, -0.000)
2025-06-13 20:54:39,729 - INFO - 最终BPM读数: (-6.440e-12, -6.663e-12)
2025-06-13 20:54:39,729 - INFO - 开始校正: BPM21
2025-06-13 20:54:55,729 - INFO - 响应系数 Rx=14.228, Ry=13.867
2025-06-13 20:55:03,730 - INFO - 校正完成: BPM21
2025-06-13 20:55:03,730 - INFO - 最终校正铁值: (-0.000, 0.000)
2025-06-13 20:55:03,730 - INFO - 最终BPM读数: (-1.096e-11, 3.060e-13)
2025-06-13 20:55:03,730 - INFO - 开始校正: BPM22
2025-06-13 20:55:19,731 - INFO - 响应系数 Rx=1.980, Ry=3.700
2025-06-13 20:55:27,731 - INFO - 校正完成: BPM22
2025-06-13 20:55:27,731 - INFO - 最终校正铁值: (-0.000, -0.000)
2025-06-13 20:55:27,731 - INFO - 最终BPM读数: (-5.793e-14, 4.513e-14)
2025-06-13 20:55:27,731 - INFO - 开始校正: BPM23
2025-06-13 20:55:43,733 - INFO - 响应系数 Rx=2.454, Ry=8.959
2025-06-13 20:55:51,733 - INFO - 校正完成: BPM23
2025-06-13 20:55:51,734 - INFO - 最终校正铁值: (-0.000, -0.000)
2025-06-13 20:55:51,734 - INFO - 最终BPM读数: (-1.452e-09, 1.366e-09)
2025-06-13 20:55:51,734 - INFO - 开始校正: BPM24
2025-06-13 20:56:07,735 - INFO - 响应系数 Rx=13.367, Ry=10.260
2025-06-13 20:56:15,736 - INFO - 校正完成: BPM24
2025-06-13 20:56:15,736 - INFO - 最终校正铁值: (0.000, 0.000)
2025-06-13 20:56:15,736 - INFO - 最终BPM读数: (3.055e-11, 1.454e-09)
2025-06-13 20:56:15,736 - INFO - 开始校正: BPM25
2025-06-13 20:56:31,737 - INFO - 响应系数 Rx=3.535, Ry=7.882
2025-06-13 20:56:39,737 - INFO - 校正完成: BPM25
2025-06-13 20:56:39,737 - INFO - 最终校正铁值: (0.000, 0.000)
2025-06-13 20:56:39,737 - INFO - 最终BPM读数: (4.808e-07, 2.052e-07)
2025-06-13 22:00:48,991 - INFO - 输入参数: ['correct_optimized.py', 'start_cor', 'global', '8', '10', '2', 'BPM03,BPM04,BPM05,BPM06,BPM07,BPM08,BPM09,BPM10,BPM11,BPM12,BPM13,BPM14,BPM15,BPM16,BPM17,BPM18,BPM19,BPM20,BPM21,BPM22,BPM23,BPM24,BPM25,BPM26,BPM27,BPM28,BPM29,BPM30,BPM31,BPM32,BPM33,BPM34,BPM35,BPM36,BPM37,BPM38,BPM39,BPM40,BPM41,BPM42,BPM43', '0.0,0.0,0.0,0.0,0.0,0.0,0.0,0.0,0.0,0.0,0.0,0.0,0.0,0.0,0.0,0.0,0.0,0.0,0.0,0.0,0.0,0.0,0.0,0.0,0.0,0.0,0.0,0.0,0.0,0.0,0.0,0.0,0.0,0.0,0.0,0.0,0.0,0.0,0.0,0.0,0.0', '0.0,0.0,0.0,0.0,0.0,0.0,0.0,0.0,0.0,0.0,0.0,0.0,0.0,0.0,0.0,0.0,0.0,0.0,0.0,0.0,0.0,0.0,0.0,0.0,0.0,0.0,0.0,0.0,0.0,0.0,0.0,0.0,0.0,0.0,0.0,0.0,0.0,0.0,0.0,0.0,0.0']
2025-06-13 22:01:21,007 - ERROR - 校正错误: unsupported operand type(s) for -: 'float' and 'list'
Traceback (most recent call last):
  File "/home/zhanghaoran/gitproj/half_linac/src/apps/orbit_correct/correct_optimized.py", line 330, in <module>
    corrector.correct_global()
  File "/home/zhanghaoran/gitproj/half_linac/src/apps/orbit_correct/correct_optimized.py", line 256, in correct_global
    x_err = [tx - x for tx, x in zip(self.target_BPMx_values, x_vals)]
            ^^^^^^^^^^^^^^^^^^^^^^^^^^^^^^^^^^^^^^^^^^^^^^^^^^^^^^^^^^
  File "/home/zhanghaoran/gitproj/half_linac/src/apps/orbit_correct/correct_optimized.py", line 256, in <listcomp>
    x_err = [tx - x for tx, x in zip(self.target_BPMx_values, x_vals)]
             ~~~^~~
TypeError: unsupported operand type(s) for -: 'float' and 'list'
2025-06-13 22:04:52,414 - INFO - 输入参数: ['correct_optimized.py', 'start_cor', 'global', '8', '10', '2', 'BPM03,BPM04,BPM05,BPM06,BPM07,BPM08,BPM09,BPM10,BPM11,BPM12,BPM13,BPM14,BPM15,BPM16,BPM17,BPM18,BPM19,BPM20,BPM21,BPM22,BPM23,BPM24,BPM25,BPM26,BPM27,BPM28,BPM29,BPM30,BPM31,BPM32,BPM33,BPM34,BPM35,BPM36,BPM37,BPM38,BPM39,BPM40,BPM41,BPM42,BPM43', '0.0,0.0,0.0,0.0,0.0,0.0,0.0,0.0,0.0,0.0,0.0,0.0,0.0,0.0,0.0,0.0,0.0,0.0,0.0,0.0,0.0,0.0,0.0,0.0,0.0,0.0,0.0,0.0,0.0,0.0,0.0,0.0,0.0,0.0,0.0,0.0,0.0,0.0,0.0,0.0,0.0', '0.0,0.0,0.0,0.0,0.0,0.0,0.0,0.0,0.0,0.0,0.0,0.0,0.0,0.0,0.0,0.0,0.0,0.0,0.0,0.0,0.0,0.0,0.0,0.0,0.0,0.0,0.0,0.0,0.0,0.0,0.0,0.0,0.0,0.0,0.0,0.0,0.0,0.0,0.0,0.0,0.0']
2025-06-13 22:05:24,423 - ERROR - 校正错误: unsupported operand type(s) for -: 'float' and 'list'
Traceback (most recent call last):
  File "/home/zhanghaoran/gitproj/half_linac/src/apps/orbit_correct/correct_optimized.py", line 331, in <module>
    corrector.correct_global()
  File "/home/zhanghaoran/gitproj/half_linac/src/apps/orbit_correct/correct_optimized.py", line 257, in correct_global
    x_err = [tx - x for tx, x in zip(self.target_BPMx_values, x_vals)]
            ^^^^^^^^^^^^^^^^^^^^^^^^^^^^^^^^^^^^^^^^^^^^^^^^^^^^^^^^^^
  File "/home/zhanghaoran/gitproj/half_linac/src/apps/orbit_correct/correct_optimized.py", line 257, in <listcomp>
    x_err = [tx - x for tx, x in zip(self.target_BPMx_values, x_vals)]
             ~~~^~~
TypeError: unsupported operand type(s) for -: 'float' and 'list'
2025-06-13 22:06:08,625 - INFO - 输入参数: ['correct_optimized.py', 'start_cor', 'global', '8', '10', '2', 'BPM03,BPM04,BPM05,BPM06,BPM07,BPM08,BPM09,BPM10,BPM11,BPM12,BPM13,BPM14,BPM15,BPM16,BPM17,BPM18,BPM19,BPM20,BPM21,BPM22,BPM23,BPM24,BPM25,BPM26,BPM27,BPM28,BPM29,BPM30,BPM31,BPM32,BPM33,BPM34,BPM35,BPM36,BPM37,BPM38,BPM39,BPM40,BPM41,BPM42,BPM43', '0.0,0.0,0.0,0.0,0.0,0.0,0.0,0.0,0.0,0.0,0.0,0.0,0.0,0.0,0.0,0.0,0.0,0.0,0.0,0.0,0.0,0.0,0.0,0.0,0.0,0.0,0.0,0.0,0.0,0.0,0.0,0.0,0.0,0.0,0.0,0.0,0.0,0.0,0.0,0.0,0.0', '0.0,0.0,0.0,0.0,0.0,0.0,0.0,0.0,0.0,0.0,0.0,0.0,0.0,0.0,0.0,0.0,0.0,0.0,0.0,0.0,0.0,0.0,0.0,0.0,0.0,0.0,0.0,0.0,0.0,0.0,0.0,0.0,0.0,0.0,0.0,0.0,0.0,0.0,0.0,0.0,0.0']
2025-06-13 22:06:40,650 - INFO - 迭代 1: 最大误差 X=5.626e-04, Y=3.532e-05
2025-06-13 22:12:48,071 - INFO - 输入参数: ['correct_optimized.py', 'start_cor', 'global', '8', '10', '1', 'BPM03,BPM04,BPM05,BPM06,BPM07,BPM08,BPM09,BPM10,BPM11,BPM12,BPM13,BPM14,BPM15,BPM16,BPM17,BPM18,BPM19,BPM20,BPM21,BPM22,BPM23,BPM24,BPM25,BPM26,BPM27,BPM28,BPM29,BPM30,BPM31,BPM32,BPM33,BPM34,BPM35,BPM36,BPM37,BPM38,BPM39,BPM40,BPM41,BPM42,BPM43', '0.0,0.0,0.0,0.0,0.0,0.0,0.0,0.0,0.0,0.0,0.0,0.0,0.0,0.0,0.0,0.0,0.0,0.0,0.0,0.0,0.0,0.0,0.0,0.0,0.0,0.0,0.0,0.0,0.0,0.0,0.0,0.0,0.0,0.0,0.0,0.0,0.0,0.0,0.0,0.0,0.0', '0.0,0.0,0.0,0.0,0.0,0.0,0.0,0.0,0.0,0.0,0.0,0.0,0.0,0.0,0.0,0.0,0.0,0.0,0.0,0.0,0.0,0.0,0.0,0.0,0.0,0.0,0.0,0.0,0.0,0.0,0.0,0.0,0.0,0.0,0.0,0.0,0.0,0.0,0.0,0.0,0.0']
2025-06-13 22:12:56,079 - ERROR - 校正错误: unsupported operand type(s) for /: 'list' and 'int'
Traceback (most recent call last):
  File "/home/zhanghaoran/gitproj/half_linac/src/apps/orbit_correct/correct_optimized.py", line 331, in <module>
    corrector.correct_global()
  File "/home/zhanghaoran/gitproj/half_linac/src/apps/orbit_correct/correct_optimized.py", line 252, in correct_global
    x_vals = self._get_avg_readings(self.pvBPMx)
             ^^^^^^^^^^^^^^^^^^^^^^^^^^^^^^^^^^^
  File "/home/zhanghaoran/gitproj/half_linac/src/apps/orbit_correct/correct_optimized.py", line 137, in _get_avg_readings
    return results / samples_perstep
           ~~~~~~~~^~~~~~~~~~~~~~~~~
TypeError: unsupported operand type(s) for /: 'list' and 'int'
2025-06-13 22:13:55,657 - INFO - 输入参数: ['correct_optimized.py', 'start_cor', 'global', '8', '10', '1', 'BPM03,BPM04,BPM05,BPM06,BPM07,BPM08,BPM09,BPM10,BPM11,BPM12,BPM13,BPM14,BPM15,BPM16,BPM17,BPM18,BPM19,BPM20,BPM21,BPM22,BPM23,BPM24,BPM25,BPM26,BPM27,BPM28,BPM29,BPM30,BPM31,BPM32,BPM33,BPM34,BPM35,BPM36,BPM37,BPM38,BPM39,BPM40,BPM41,BPM42,BPM43', '0.0,0.0,0.0,0.0,0.0,0.0,0.0,0.0,0.0,0.0,0.0,0.0,0.0,0.0,0.0,0.0,0.0,0.0,0.0,0.0,0.0,0.0,0.0,0.0,0.0,0.0,0.0,0.0,0.0,0.0,0.0,0.0,0.0,0.0,0.0,0.0,0.0,0.0,0.0,0.0,0.0', '0.0,0.0,0.0,0.0,0.0,0.0,0.0,0.0,0.0,0.0,0.0,0.0,0.0,0.0,0.0,0.0,0.0,0.0,0.0,0.0,0.0,0.0,0.0,0.0,0.0,0.0,0.0,0.0,0.0,0.0,0.0,0.0,0.0,0.0,0.0,0.0,0.0,0.0,0.0,0.0,0.0']
2025-06-13 22:14:11,675 - INFO - 迭代 1: 最大误差 X=2.813e-04, Y=1.766e-05
2025-06-13 22:14:27,687 - INFO - 迭代 2: 最大误差 X=1.455e-02, Y=1.061e-02
2025-06-13 22:14:43,697 - INFO - 迭代 3: 最大误差 X=3.492e-03, Y=5.711e-03
2025-06-13 22:16:18,585 - INFO - 输入参数: ['correct_optimized.py', 'start_cor', 'global', '8', '10', '1', 'BPM03,BPM04,BPM05,BPM06,BPM07,BPM08,BPM09,BPM10,BPM11,BPM12,BPM13,BPM14,BPM15,BPM16,BPM17,BPM18,BPM19,BPM20,BPM21,BPM22,BPM23,BPM24,BPM25,BPM26,BPM27,BPM28,BPM29,BPM30,BPM31,BPM32,BPM33,BPM34,BPM35,BPM36,BPM37,BPM38,BPM39,BPM40,BPM41,BPM42,BPM43', '0.0,0.0,0.0,0.0,0.0,0.0,0.0,0.0,0.0,0.0,0.0,0.0,0.0,0.0,0.0,0.0,0.0,0.0,0.0,0.0,0.0,0.0,0.0,0.0,0.0,0.0,0.0,0.0,0.0,0.0,0.0,0.0,0.0,0.0,0.0,0.0,0.0,0.0,0.0,0.0,0.0', '0.0,0.0,0.0,0.0,0.0,0.0,0.0,0.0,0.0,0.0,0.0,0.0,0.0,0.0,0.0,0.0,0.0,0.0,0.0,0.0,0.0,0.0,0.0,0.0,0.0,0.0,0.0,0.0,0.0,0.0,0.0,0.0,0.0,0.0,0.0,0.0,0.0,0.0,0.0,0.0,0.0']
2025-06-13 22:16:34,605 - INFO - 迭代 1: 最大误差 X=2.813e-04, Y=1.766e-05
2025-06-13 22:16:50,606 - INFO - 校正完成于迭代 2 次
2025-06-14 14:58:58,982 - INFO - 输入参数: ['correct_optimized.py', 'cor_off', 'BPM03,BPM04,BPM05,BPM06,BPM07,BPM08,BPM09,BPM10,BPM11,BPM12,BPM13,BPM14,BPM15,BPM16,BPM17,BPM18,BPM19,BPM20,BPM21,BPM22,BPM23,BPM24,BPM25,BPM26,BPM27,BPM28,BPM29,BPM30,BPM31,BPM32,BPM33,BPM34,BPM35,BPM36,BPM37,BPM38,BPM39,BPM40,BPM41,BPM42,BPM43']
2025-06-14 14:58:58,983 - ERROR - 校正错误: '>' not supported between instances of 'int' and 'NoneType'
Traceback (most recent call last):
  File "/home/zhanghaoran/gitproj/half_linac/src/apps/orbit_correct/correct_optimized.py", line 335, in <module>
    corrector = OrbitCorrector(target_BPMlist=target_BPMlist)
                ^^^^^^^^^^^^^^^^^^^^^^^^^^^^^^^^^^^^^^^^^^^^^
  File "/home/zhanghaoran/gitproj/half_linac/src/apps/orbit_correct/correct_optimized.py", line 56, in __init__
    self.timer_interval = max(timer_interval, st.runtime_machine)
                          ^^^^^^^^^^^^^^^^^^^^^^^^^^^^^^^^^^^^^^^
TypeError: '>' not supported between instances of 'int' and 'NoneType'
2025-06-14 15:01:29,472 - INFO - 输入参数: ['correct_optimized.py', 'cor_off', 'BPM03,BPM04,BPM05,BPM06,BPM07,BPM08,BPM09,BPM10,BPM11,BPM12,BPM13,BPM14,BPM15,BPM16,BPM17,BPM18,BPM19,BPM20,BPM21,BPM22,BPM23,BPM24,BPM25,BPM26,BPM27,BPM28,BPM29,BPM30,BPM31,BPM32,BPM33,BPM34,BPM35,BPM36,BPM37,BPM38,BPM39,BPM40,BPM41,BPM42,BPM43']
2025-06-14 15:01:29,482 - ERROR - 加载响应矩阵失败: /home/zhanghaoran/gitproj/half_linac/src/apps/orbit_correct/response.dat not found.
2025-06-14 15:01:29,482 - ERROR - 校正错误: /home/zhanghaoran/gitproj/half_linac/src/apps/orbit_correct/response.dat not found.
Traceback (most recent call last):
  File "/home/zhanghaoran/gitproj/half_linac/src/apps/orbit_correct/correct_optimized.py", line 335, in <module>
    corrector = OrbitCorrector(target_BPMlist=target_BPMlist)
                ^^^^^^^^^^^^^^^^^^^^^^^^^^^^^^^^^^^^^^^^^^^^^
  File "/home/zhanghaoran/gitproj/half_linac/src/apps/orbit_correct/correct_optimized.py", line 76, in __init__
    self.ORMx_n, self.ORMy_n = self.load_response_matrix()
                               ^^^^^^^^^^^^^^^^^^^^^^^^^^^
  File "/home/zhanghaoran/gitproj/half_linac/src/apps/orbit_correct/correct_optimized.py", line 91, in load_response_matrix
    RM = np.loadtxt(self.RESPM_FILE)
         ^^^^^^^^^^^^^^^^^^^^^^^^^^^
  File "/home/zhanghaoran/.local/lib/python3.11/site-packages/numpy/lib/_npyio_impl.py", line 1397, in loadtxt
    arr = _read(fname, dtype=dtype, comment=comment, delimiter=delimiter,
          ^^^^^^^^^^^^^^^^^^^^^^^^^^^^^^^^^^^^^^^^^^^^^^^^^^^^^^^^^^^^^^^
  File "/home/zhanghaoran/.local/lib/python3.11/site-packages/numpy/lib/_npyio_impl.py", line 1024, in _read
    fh = np.lib._datasource.open(fname, 'rt', encoding=encoding)
         ^^^^^^^^^^^^^^^^^^^^^^^^^^^^^^^^^^^^^^^^^^^^^^^^^^^^^^^
  File "/home/zhanghaoran/.local/lib/python3.11/site-packages/numpy/lib/_datasource.py", line 192, in open
    return ds.open(path, mode, encoding=encoding, newline=newline)
           ^^^^^^^^^^^^^^^^^^^^^^^^^^^^^^^^^^^^^^^^^^^^^^^^^^^^^^^
  File "/home/zhanghaoran/.local/lib/python3.11/site-packages/numpy/lib/_datasource.py", line 529, in open
    raise FileNotFoundError(f"{path} not found.")
FileNotFoundError: /home/zhanghaoran/gitproj/half_linac/src/apps/orbit_correct/response.dat not found.
2025-06-14 15:02:17,528 - INFO - 输入参数: ['correct_optimized.py', 'cor_off', 'BPM03,BPM04,BPM05,BPM06,BPM07,BPM08,BPM09,BPM10,BPM11,BPM12,BPM13,BPM14,BPM15,BPM16,BPM17,BPM18,BPM19,BPM20,BPM21,BPM22,BPM23,BPM24,BPM25,BPM26,BPM27,BPM28,BPM29,BPM30,BPM31,BPM32,BPM33,BPM34,BPM35,BPM36,BPM37,BPM38,BPM39,BPM40,BPM41,BPM42,BPM43']
2025-06-14 15:02:17,529 - ERROR - 加载响应矩阵失败: Singular matrix
2025-06-14 15:02:17,529 - ERROR - 校正错误: Singular matrix
Traceback (most recent call last):
  File "/home/zhanghaoran/gitproj/half_linac/src/apps/orbit_correct/correct_optimized.py", line 335, in <module>
    corrector = OrbitCorrector(target_BPMlist=target_BPMlist)
                ^^^^^^^^^^^^^^^^^^^^^^^^^^^^^^^^^^^^^^^^^^^^^
  File "/home/zhanghaoran/gitproj/half_linac/src/apps/orbit_correct/correct_optimized.py", line 76, in __init__
    self.ORMx_n, self.ORMy_n = self.load_response_matrix()
                               ^^^^^^^^^^^^^^^^^^^^^^^^^^^
  File "/home/zhanghaoran/gitproj/half_linac/src/apps/orbit_correct/correct_optimized.py", line 94, in load_response_matrix
    return np.linalg.inv(ORM_x), np.linalg.inv(ORM_y)
           ^^^^^^^^^^^^^^^^^^^^
  File "/home/zhanghaoran/.local/lib/python3.11/site-packages/numpy/linalg/_linalg.py", line 669, in inv
    ainv = _umath_linalg.inv(a, signature=signature)
           ^^^^^^^^^^^^^^^^^^^^^^^^^^^^^^^^^^^^^^^^^
  File "/home/zhanghaoran/.local/lib/python3.11/site-packages/numpy/linalg/_linalg.py", line 163, in _raise_linalgerror_singular
    raise LinAlgError("Singular matrix")
numpy.linalg.LinAlgError: Singular matrix
2025-06-14 15:04:57,977 - INFO - 输入参数: ['correct_optimized.py', 'cor_off', 'BPM03,BPM04,BPM05,BPM06,BPM07,BPM08,BPM09,BPM10,BPM11,BPM12,BPM13,BPM14,BPM15,BPM16,BPM17,BPM18,BPM19,BPM20,BPM21,BPM22,BPM23,BPM24,BPM25,BPM26,BPM27,BPM28,BPM29,BPM30,BPM31,BPM32,BPM33,BPM34,BPM35,BPM36,BPM37,BPM38,BPM39,BPM40,BPM41,BPM42,BPM43']
2025-06-14 15:04:57,978 - ERROR - 加载响应矩阵失败: Singular matrix
2025-06-14 15:04:57,978 - ERROR - 校正错误: Singular matrix
Traceback (most recent call last):
  File "/home/zhanghaoran/gitproj/half_linac/src/apps/orbit_correct/correct_optimized.py", line 335, in <module>
    corrector = OrbitCorrector(target_BPMlist=target_BPMlist)
                ^^^^^^^^^^^^^^^^^^^^^^^^^^^^^^^^^^^^^^^^^^^^^
  File "/home/zhanghaoran/gitproj/half_linac/src/apps/orbit_correct/correct_optimized.py", line 76, in __init__
    self.ORMx_n, self.ORMy_n = self.load_response_matrix()
                               ^^^^^^^^^^^^^^^^^^^^^^^^^^^
  File "/home/zhanghaoran/gitproj/half_linac/src/apps/orbit_correct/correct_optimized.py", line 94, in load_response_matrix
    return np.linalg.inv(ORM_x), np.linalg.inv(ORM_y)
           ^^^^^^^^^^^^^^^^^^^^
  File "/home/zhanghaoran/.local/lib/python3.11/site-packages/numpy/linalg/_linalg.py", line 669, in inv
    ainv = _umath_linalg.inv(a, signature=signature)
           ^^^^^^^^^^^^^^^^^^^^^^^^^^^^^^^^^^^^^^^^^
  File "/home/zhanghaoran/.local/lib/python3.11/site-packages/numpy/linalg/_linalg.py", line 163, in _raise_linalgerror_singular
    raise LinAlgError("Singular matrix")
numpy.linalg.LinAlgError: Singular matrix
2025-06-14 15:05:24,795 - INFO - 输入参数: ['correct_optimized.py', 'cor_off', 'BPM03,BPM04,BPM05,BPM06,BPM07,BPM08,BPM09,BPM10,BPM11,BPM12,BPM13,BPM14,BPM15,BPM16,BPM17,BPM18,BPM19,BPM20,BPM21,BPM22,BPM23,BPM24,BPM25,BPM26,BPM27,BPM28,BPM29,BPM30,BPM31,BPM32,BPM33,BPM34,BPM35,BPM36,BPM37,BPM38,BPM39,BPM40,BPM41,BPM42,BPM43']
2025-06-14 15:05:24,797 - ERROR - 加载响应矩阵失败: Singular matrix
2025-06-14 15:05:24,797 - ERROR - 校正错误: Singular matrix
Traceback (most recent call last):
  File "/home/zhanghaoran/gitproj/half_linac/src/apps/orbit_correct/correct_optimized.py", line 336, in <module>
    corrector = OrbitCorrector(target_BPMlist=target_BPMlist)
                ^^^^^^^^^^^^^^^^^^^^^^^^^^^^^^^^^^^^^^^^^^^^^
  File "/home/zhanghaoran/gitproj/half_linac/src/apps/orbit_correct/correct_optimized.py", line 76, in __init__
    self.ORMx_n, self.ORMy_n = self.load_response_matrix()
                               ^^^^^^^^^^^^^^^^^^^^^^^^^^^
  File "/home/zhanghaoran/gitproj/half_linac/src/apps/orbit_correct/correct_optimized.py", line 95, in load_response_matrix
    return np.linalg.inv(ORM_x), np.linalg.inv(ORM_y)
           ^^^^^^^^^^^^^^^^^^^^
  File "/home/zhanghaoran/.local/lib/python3.11/site-packages/numpy/linalg/_linalg.py", line 669, in inv
    ainv = _umath_linalg.inv(a, signature=signature)
           ^^^^^^^^^^^^^^^^^^^^^^^^^^^^^^^^^^^^^^^^^
  File "/home/zhanghaoran/.local/lib/python3.11/site-packages/numpy/linalg/_linalg.py", line 163, in _raise_linalgerror_singular
    raise LinAlgError("Singular matrix")
numpy.linalg.LinAlgError: Singular matrix
2025-06-14 15:20:11,224 - INFO - 输入参数: ['correct_optimized.py', 'cor_off', 'BPM03,BPM04,BPM05,BPM06,BPM07,BPM08,BPM09,BPM10,BPM11,BPM12,BPM13,BPM14,BPM15,BPM16,BPM17,BPM18,BPM19,BPM20,BPM21,BPM22,BPM23,BPM24,BPM25,BPM26,BPM27,BPM28,BPM29,BPM30,BPM31,BPM32,BPM33,BPM34,BPM35,BPM36,BPM37,BPM38,BPM39,BPM40,BPM41,BPM42,BPM43']
2025-06-14 15:20:11,226 - ERROR - 加载响应矩阵失败: Singular matrix
2025-06-14 15:20:11,226 - ERROR - 校正错误: Singular matrix
Traceback (most recent call last):
  File "/home/zhanghaoran/gitproj/half_linac/src/apps/orbit_correct/correct_optimized.py", line 336, in <module>
    corrector = OrbitCorrector(target_BPMlist=target_BPMlist)
                ^^^^^^^^^^^^^^^^^^^^^^^^^^^^^^^^^^^^^^^^^^^^^
  File "/home/zhanghaoran/gitproj/half_linac/src/apps/orbit_correct/correct_optimized.py", line 76, in __init__
    self.ORMx_n, self.ORMy_n = self.load_response_matrix()
                               ^^^^^^^^^^^^^^^^^^^^^^^^^^^
  File "/home/zhanghaoran/gitproj/half_linac/src/apps/orbit_correct/correct_optimized.py", line 95, in load_response_matrix
    return np.linalg.inv(ORM_x), np.linalg.inv(ORM_y)
           ^^^^^^^^^^^^^^^^^^^^
  File "/home/zhanghaoran/.local/lib/python3.11/site-packages/numpy/linalg/_linalg.py", line 669, in inv
    ainv = _umath_linalg.inv(a, signature=signature)
           ^^^^^^^^^^^^^^^^^^^^^^^^^^^^^^^^^^^^^^^^^
  File "/home/zhanghaoran/.local/lib/python3.11/site-packages/numpy/linalg/_linalg.py", line 163, in _raise_linalgerror_singular
    raise LinAlgError("Singular matrix")
numpy.linalg.LinAlgError: Singular matrix
2025-06-14 16:13:37,919 - INFO - 输入参数: ['correct_optimized.py', 'start_cor', 'global', '8', '10', '1', 'BPM03,BPM04,BPM05,BPM06,BPM07,BPM08,BPM09,BPM10,BPM11,BPM12,BPM13,BPM14,BPM15,BPM16,BPM17,BPM18,BPM19,BPM20,BPM21,BPM22,BPM23,BPM24,BPM25,BPM26,BPM27,BPM28,BPM29,BPM30,BPM31,BPM32,BPM33,BPM34,BPM35,BPM36,BPM37,BPM38,BPM39,BPM40,BPM41,BPM42,BPM43', '0.0,0.0,0.0,0.0,0.0,0.0,0.0,0.0,0.0,0.0,0.0,0.0,0.0,0.0,0.0,0.0,0.0,0.0,0.0,0.0,0.0,0.0,0.0,0.0,0.0,0.0,0.0,0.0,0.0,0.0,0.0,0.0,0.0,0.0,0.0,0.0,0.0,0.0,0.0,0.0,0.0', '0.0,0.0,0.0,0.0,0.0,0.0,0.0,0.0,0.0,0.0,0.0,0.0,0.0,0.0,0.0,0.0,0.0,0.0,0.0,0.0,0.0,0.0,0.0,0.0,0.0,0.0,0.0,0.0,0.0,0.0,0.0,0.0,0.0,0.0,0.0,0.0,0.0,0.0,0.0,0.0,0.0']
2025-06-14 16:13:37,921 - ERROR - 加载响应矩阵失败: Singular matrix
2025-06-14 16:13:37,921 - ERROR - 校正错误: Singular matrix
Traceback (most recent call last):
  File "/home/zhanghaoran/gitproj/half_linac/src/apps/orbit_correct/correct_optimized.py", line 322, in <module>
    corrector = OrbitCorrector(
                ^^^^^^^^^^^^^^^
  File "/home/zhanghaoran/gitproj/half_linac/src/apps/orbit_correct/correct_optimized.py", line 76, in __init__
    self.ORMx_n, self.ORMy_n = self.load_response_matrix()
                               ^^^^^^^^^^^^^^^^^^^^^^^^^^^
  File "/home/zhanghaoran/gitproj/half_linac/src/apps/orbit_correct/correct_optimized.py", line 95, in load_response_matrix
    return np.linalg.inv(ORM_x), np.linalg.inv(ORM_y)
                                 ^^^^^^^^^^^^^^^^^^^^
  File "/home/zhanghaoran/.local/lib/python3.11/site-packages/numpy/linalg/_linalg.py", line 669, in inv
    ainv = _umath_linalg.inv(a, signature=signature)
           ^^^^^^^^^^^^^^^^^^^^^^^^^^^^^^^^^^^^^^^^^
  File "/home/zhanghaoran/.local/lib/python3.11/site-packages/numpy/linalg/_linalg.py", line 163, in _raise_linalgerror_singular
    raise LinAlgError("Singular matrix")
numpy.linalg.LinAlgError: Singular matrix
2025-06-14 17:49:22,037 - INFO - 输入参数: ['correct_optimized.py', 'start_cor', 'global', '7', '10', '1', 'BPM03,BPM04,BPM05,BPM06,BPM07,BPM08,BPM09,BPM10,BPM11,BPM12,BPM13,BPM14,BPM15,BPM16,BPM17,BPM18,BPM19,BPM20,BPM21,BPM22,BPM23,BPM24,BPM25,BPM26,BPM27,BPM28,BPM29,BPM30,BPM31,BPM32,BPM33,BPM34,BPM35,BPM36,BPM37,BPM38,BPM39,BPM40,BPM41,BPM42,BPM43', '0.0,0.0,0.0,0.0,0.0,0.0,0.0,0.0,0.0,0.0,0.0,0.0,0.0,0.0,0.0,0.0,0.0,0.0,0.0,0.0,0.0,0.0,0.0,0.0,0.0,0.0,0.0,0.0,0.0,0.0,0.0,0.0,0.0,0.0,0.0,0.0,0.0,0.0,0.0,0.0,0.0', '0.0,0.0,0.0,0.0,0.0,0.0,0.0,0.0,0.0,0.0,0.0,0.0,0.0,0.0,0.0,0.0,0.0,0.0,0.0,0.0,0.0,0.0,0.0,0.0,0.0,0.0,0.0,0.0,0.0,0.0,0.0,0.0,0.0,0.0,0.0,0.0,0.0,0.0,0.0,0.0,0.0']
2025-06-14 17:49:38,067 - INFO - 迭代 1: 最大误差 X=2.813e-04, Y=1.766e-05
2025-06-14 17:49:54,078 - INFO - 迭代 2: 最大误差 X=5.471e-04, Y=3.515e-05
2025-06-14 17:50:10,089 - INFO - 迭代 3: 最大误差 X=1.100e-03, Y=7.195e-05
2025-06-14 17:50:26,102 - INFO - 迭代 4: 最大误差 X=2.181e-03, Y=1.449e-04
2025-06-14 17:50:42,116 - INFO - 迭代 5: 最大误差 X=4.369e-03, Y=2.920e-04
2025-06-14 17:50:58,131 - INFO - 迭代 6: 最大误差 X=8.768e-03, Y=5.850e-04
2025-06-14 17:51:14,146 - INFO - 迭代 7: 最大误差 X=1.455e-02, Y=1.181e-03
2025-06-14 17:51:30,159 - INFO - 迭代 8: 最大误差 X=9.179e-03, Y=5.882e-04
2025-06-14 17:51:46,172 - INFO - 迭代 9: 最大误差 X=1.997e-02, Y=1.002e-03
2025-06-14 17:52:02,173 - INFO - 校正完成于迭代 10 次
2025-06-17 15:36:51,529 - INFO - 输入参数: ['correct_optimized.py', 'start_cor', 'one-to-one', '7', '10', '1', 'BPM03,BPM04,BPM05,BPM06,BPM07,BPM08,BPM09,BPM10,BPM11,BPM12,BPM13,BPM14,BPM15,BPM16,BPM17,BPM18,BPM19,BPM20,BPM21,BPM22,BPM23,BPM24,BPM25,BPM26,BPM27,BPM28,BPM29,BPM30,BPM31,BPM32,BPM33,BPM34,BPM35,BPM36,BPM37,BPM38,BPM39,BPM40,BPM41,BPM42,BPM43', '0.0,0.0,0.0,0.0,0.0,0.0,0.0,0.0,0.0,0.0,0.0,0.0,0.0,0.0,0.0,0.0,0.0,0.0,0.0,0.0,0.0,0.0,0.0,0.0,0.0,0.0,0.0,0.0,0.0,0.0,0.0,0.0,0.0,0.0,0.0,0.0,0.0,0.0,0.0,0.0,0.0', '0.0,0.0,0.0,0.0,0.0,0.0,0.0,0.0,0.0,0.0,0.0,0.0,0.0,0.0,0.0,0.0,0.0,0.0,0.0,0.0,0.0,0.0,0.0,0.0,0.0,0.0,0.0,0.0,0.0,0.0,0.0,0.0,0.0,0.0,0.0,0.0,0.0,0.0,0.0,0.0,0.0']
2025-06-17 15:36:51,538 - INFO - 开始校正: BPM03
2025-06-17 15:37:07,539 - INFO - 响应系数 Rx=0.447, Ry=5.683
2025-06-17 15:37:15,540 - INFO - 校正完成: BPM03
2025-06-17 15:37:15,540 - INFO - 最终校正铁值: (0.000, 0.000)
2025-06-17 15:37:15,540 - INFO - 最终BPM读数: (8.355e-07, -2.347e-07)
2025-06-17 15:37:15,540 - INFO - 开始校正: BPM04
2025-06-17 15:37:38,269 - INFO - 输入参数: ['correct_optimized.py', 'cor_off', 'BPM03,BPM04,BPM05,BPM06,BPM07,BPM08,BPM09,BPM10,BPM11,BPM12,BPM13,BPM14,BPM15,BPM16,BPM17,BPM18,BPM19,BPM20,BPM21,BPM22,BPM23,BPM24,BPM25,BPM26,BPM27,BPM28,BPM29,BPM30,BPM31,BPM32,BPM33,BPM34,BPM35,BPM36,BPM37,BPM38,BPM39,BPM40,BPM41,BPM42,BPM43']
2025-06-17 15:37:38,270 - INFO - 所有校正铁已重置为零
2025-06-17 16:03:17,739 - INFO - 输入参数: ['correct_optimized.py', 'start_cor', 'global', '7', '10', '1', 'BPM03,BPM04,BPM05,BPM06,BPM07,BPM08,BPM09,BPM10,BPM11,BPM12,BPM13,BPM14,BPM15,BPM16,BPM17,BPM18,BPM19,BPM20,BPM21,BPM22,BPM23,BPM24,BPM25,BPM26,BPM27,BPM28,BPM29,BPM30,BPM31,BPM32,BPM33,BPM34,BPM35,BPM36,BPM37,BPM38,BPM39,BPM40,BPM41,BPM42,BPM43', '0.0,0.0,0.0,0.0,0.0,0.0,0.0,0.0,0.0,0.0,0.0,0.0,0.0,0.0,0.0,0.0,0.0,0.0,0.0,0.0,0.0,0.0,0.0,0.0,0.0,0.0,0.0,0.0,0.0,0.0,0.0,0.0,0.0,0.0,0.0,0.0,0.0,0.0,0.0,0.0,0.0', '0.0,0.0,0.0,0.0,0.0,0.0,0.0,0.0,0.0,0.0,0.0,0.0,0.0,0.0,0.0,0.0,0.0,0.0,0.0,0.0,0.0,0.0,0.0,0.0,0.0,0.0,0.0,0.0,0.0,0.0,0.0,0.0,0.0,0.0,0.0,0.0,0.0,0.0,0.0,0.0,0.0']
2025-06-17 16:03:33,841 - INFO - 迭代 1: 最大误差 X=2.813e-04, Y=1.766e-05
2025-06-17 16:03:49,853 - INFO - 迭代 2: 最大误差 X=2.813e-04, Y=1.766e-05
2025-06-17 16:04:05,865 - INFO - 迭代 3: 最大误差 X=2.813e-04, Y=1.766e-05
2025-06-17 16:04:21,876 - INFO - 迭代 4: 最大误差 X=2.813e-04, Y=1.766e-05
2025-06-17 16:04:37,887 - INFO - 迭代 5: 最大误差 X=2.813e-04, Y=1.766e-05
2025-06-17 16:04:53,899 - INFO - 迭代 6: 最大误差 X=2.813e-04, Y=1.766e-05
2025-06-17 16:07:09,820 - INFO - 输入参数: ['correct_optimized.py', 'start_cor', 'global', '8', '10', '1', 'BPM03,BPM04,BPM05,BPM06,BPM07,BPM08,BPM09,BPM10,BPM11,BPM12,BPM13,BPM14,BPM15,BPM16,BPM17,BPM18,BPM19,BPM20,BPM21,BPM22,BPM23,BPM24,BPM25,BPM26,BPM27,BPM28,BPM29,BPM30,BPM31,BPM32,BPM33,BPM34,BPM35,BPM36,BPM37,BPM38,BPM39,BPM40,BPM41,BPM42,BPM43', '0.0,0.0,0.0,0.0,0.0,0.0,0.0,0.0,0.0,0.0,0.0,0.0,0.0,0.0,0.0,0.0,0.0,0.0,0.0,0.0,0.0,0.0,0.0,0.0,0.0,0.0,0.0,0.0,0.0,0.0,0.0,0.0,0.0,0.0,0.0,0.0,0.0,0.0,0.0,0.0,0.0', '0.0,0.0,0.0,0.0,0.0,0.0,0.0,0.0,0.0,0.0,0.0,0.0,0.0,0.0,0.0,0.0,0.0,0.0,0.0,0.0,0.0,0.0,0.0,0.0,0.0,0.0,0.0,0.0,0.0,0.0,0.0,0.0,0.0,0.0,0.0,0.0,0.0,0.0,0.0,0.0,0.0']
2025-06-17 16:07:25,862 - INFO - 迭代 1: 最大误差 X=2.813e-04, Y=1.766e-05
2025-06-17 16:07:41,874 - INFO - 迭代 2: 最大误差 X=5.471e-04, Y=3.515e-05
2025-06-17 16:07:57,888 - INFO - 迭代 3: 最大误差 X=1.100e-03, Y=7.195e-05
2025-06-17 16:08:13,900 - INFO - 迭代 4: 最大误差 X=1.100e-03, Y=7.195e-05
2025-06-17 16:08:29,911 - INFO - 迭代 5: 最大误差 X=1.100e-03, Y=7.195e-05
2025-06-17 16:08:45,924 - INFO - 迭代 6: 最大误差 X=1.100e-03, Y=7.195e-05
2025-06-17 16:09:01,936 - INFO - 迭代 7: 最大误差 X=1.100e-03, Y=7.195e-05
2025-06-17 16:09:17,947 - INFO - 迭代 8: 最大误差 X=1.100e-03, Y=7.195e-05
2025-06-17 16:09:33,958 - INFO - 迭代 9: 最大误差 X=1.100e-03, Y=7.195e-05
2025-06-17 16:09:49,970 - INFO - 迭代 10: 最大误差 X=1.100e-03, Y=7.195e-05
2025-06-17 16:10:05,983 - INFO - 迭代 11: 最大误差 X=1.100e-03, Y=7.195e-05
2025-06-17 16:10:21,994 - INFO - 迭代 12: 最大误差 X=1.100e-03, Y=7.195e-05
2025-06-17 16:10:38,007 - INFO - 迭代 13: 最大误差 X=1.100e-03, Y=7.195e-05
2025-06-17 16:10:43,829 - INFO - 输入参数: ['correct_optimized.py', 'cor_off', 'BPM03,BPM04,BPM05,BPM06,BPM07,BPM08,BPM09,BPM10,BPM11,BPM12,BPM13,BPM14,BPM15,BPM16,BPM17,BPM18,BPM19,BPM20,BPM21,BPM22,BPM23,BPM24,BPM25,BPM26,BPM27,BPM28,BPM29,BPM30,BPM31,BPM32,BPM33,BPM34,BPM35,BPM36,BPM37,BPM38,BPM39,BPM40,BPM41,BPM42,BPM43']
2025-06-17 16:10:43,859 - INFO - 所有校正铁已重置为零
2025-06-17 16:13:19,972 - INFO - 输入参数: ['correct_optimized.py', 'start_cor', 'global', '8', '10', '1', 'BPM03,BPM04,BPM05,BPM06,BPM07,BPM08,BPM09,BPM10,BPM11,BPM12,BPM13,BPM14,BPM15,BPM16,BPM17,BPM18,BPM19,BPM20,BPM21,BPM22,BPM23,BPM24,BPM25,BPM26,BPM27,BPM28,BPM29,BPM30,BPM31,BPM32,BPM33,BPM34,BPM35,BPM36,BPM37,BPM38,BPM39,BPM40,BPM41,BPM42,BPM43', '0.0,0.0,0.0,0.0,0.0,0.0,0.0,0.0,0.0,0.0,0.0,0.0,0.0,0.0,0.0,0.0,0.0,0.0,0.0,0.0,0.0,0.0,0.0,0.0,0.0,0.0,0.0,0.0,0.0,0.0,0.0,0.0,0.0,0.0,0.0,0.0,0.0,0.0,0.0,0.0,0.0', '0.0,0.0,0.0,0.0,0.0,0.0,0.0,0.0,0.0,0.0,0.0,0.0,0.0,0.0,0.0,0.0,0.0,0.0,0.0,0.0,0.0,0.0,0.0,0.0,0.0,0.0,0.0,0.0,0.0,0.0,0.0,0.0,0.0,0.0,0.0,0.0,0.0,0.0,0.0,0.0,0.0']
2025-06-17 16:13:36,015 - ERROR - 校正错误: 'PV' object has no attribute 'strip'
Traceback (most recent call last):
  File "/home/zhanghaoran/gitproj/half_linac/src/apps/orbit_correct/correct_optimized.py", line 370, in <module>
    corrector.correct_global()
  File "/home/zhanghaoran/gitproj/half_linac/src/apps/orbit_correct/correct_optimized.py", line 325, in correct_global
    caput_many(self.pvCORx, new_hcor)
  File "/home/zhanghaoran/.local/lib/python3.11/site-packages/epics/__init__.py", line 355, in caput_many
    pvs = [get_pv(name, **kwargs) for name in pvlist]
          ^^^^^^^^^^^^^^^^^^^^^^^^^^^^^^^^^^^^^^^^^^^
  File "/home/zhanghaoran/.local/lib/python3.11/site-packages/epics/__init__.py", line 355, in <listcomp>
    pvs = [get_pv(name, **kwargs) for name in pvlist]
           ^^^^^^^^^^^^^^^^^^^^^^
  File "/home/zhanghaoran/.local/lib/python3.11/site-packages/epics/pv.py", line 121, in get_pv
    thispv = default_pv_class(pvname, form=form, callback=callback,
             ^^^^^^^^^^^^^^^^^^^^^^^^^^^^^^^^^^^^^^^^^^^^^^^^^^^^^^
  File "/home/zhanghaoran/.local/lib/python3.11/site-packages/epics/pv.py", line 223, in __init__
    self.pvname     = pvname.strip()
                      ^^^^^^^^^^^^
AttributeError: 'PV' object has no attribute 'strip'
2025-06-17 16:16:00,635 - INFO - 输入参数: ['correct_optimized.py', 'start_cor', 'global', '8', '10', '1', 'BPM03,BPM04,BPM05,BPM06,BPM07,BPM08,BPM09,BPM10,BPM11,BPM12,BPM13,BPM14,BPM15,BPM16,BPM17,BPM18,BPM19,BPM20,BPM21,BPM22,BPM23,BPM24,BPM25,BPM26,BPM27,BPM28,BPM29,BPM30,BPM31,BPM32,BPM33,BPM34,BPM35,BPM36,BPM37,BPM38,BPM39,BPM40,BPM41,BPM42,BPM43', '0.0,0.0,0.0,0.0,0.0,0.0,0.0,0.0,0.0,0.0,0.0,0.0,0.0,0.0,0.0,0.0,0.0,0.0,0.0,0.0,0.0,0.0,0.0,0.0,0.0,0.0,0.0,0.0,0.0,0.0,0.0,0.0,0.0,0.0,0.0,0.0,0.0,0.0,0.0,0.0,0.0', '0.0,0.0,0.0,0.0,0.0,0.0,0.0,0.0,0.0,0.0,0.0,0.0,0.0,0.0,0.0,0.0,0.0,0.0,0.0,0.0,0.0,0.0,0.0,0.0,0.0,0.0,0.0,0.0,0.0,0.0,0.0,0.0,0.0,0.0,0.0,0.0,0.0,0.0,0.0,0.0,0.0']
2025-06-17 16:16:13,633 - INFO - 输入参数: ['correct_optimized.py', 'cor_off', 'BPM03,BPM04,BPM05,BPM06,BPM07,BPM08,BPM09,BPM10,BPM11,BPM12,BPM13,BPM14,BPM15,BPM16,BPM17,BPM18,BPM19,BPM20,BPM21,BPM22,BPM23,BPM24,BPM25,BPM26,BPM27,BPM28,BPM29,BPM30,BPM31,BPM32,BPM33,BPM34,BPM35,BPM36,BPM37,BPM38,BPM39,BPM40,BPM41,BPM42,BPM43']
2025-06-17 16:16:13,653 - INFO - 所有校正铁已重置为零
2025-06-17 16:16:39,716 - INFO - 输入参数: ['correct_optimized.py', 'start_cor', 'global', '8', '10', '1', 'BPM03,BPM04,BPM05,BPM06,BPM07,BPM08,BPM09,BPM10,BPM11,BPM12,BPM13,BPM14,BPM15,BPM16,BPM17,BPM18,BPM19,BPM20,BPM21,BPM22,BPM23,BPM24,BPM25,BPM26,BPM27,BPM28,BPM29,BPM30,BPM31,BPM32,BPM33,BPM34,BPM35,BPM36,BPM37,BPM38,BPM39,BPM40,BPM41,BPM42,BPM43', '0.0,0.0,0.0,0.0,0.0,0.0,0.0,0.0,0.0,0.0,0.0,0.0,0.0,0.0,0.0,0.0,0.0,0.0,0.0,0.0,0.0,0.0,0.0,0.0,0.0,0.0,0.0,0.0,0.0,0.0,0.0,0.0,0.0,0.0,0.0,0.0,0.0,0.0,0.0,0.0,0.0', '0.0,0.0,0.0,0.0,0.0,0.0,0.0,0.0,0.0,0.0,0.0,0.0,0.0,0.0,0.0,0.0,0.0,0.0,0.0,0.0,0.0,0.0,0.0,0.0,0.0,0.0,0.0,0.0,0.0,0.0,0.0,0.0,0.0,0.0,0.0,0.0,0.0,0.0,0.0,0.0,0.0']
2025-06-17 16:16:55,749 - INFO - 迭代 1: 最大误差 X=2.813e-04, Y=1.766e-05
2025-06-17 16:17:11,760 - INFO - 迭代 2: 最大误差 X=2.813e-04, Y=1.766e-05
2025-06-17 16:17:27,772 - INFO - 迭代 3: 最大误差 X=2.813e-04, Y=1.766e-05
2025-06-17 16:17:45,773 - ERROR - 校正错误: unsupported operand type(s) for +=: 'float' and 'NoneType'
Traceback (most recent call last):
  File "/home/zhanghaoran/gitproj/half_linac/src/apps/orbit_correct/correct_optimized.py", line 369, in <module>
    corrector.correct_global()
  File "/home/zhanghaoran/gitproj/half_linac/src/apps/orbit_correct/correct_optimized.py", line 287, in correct_global
    y_vals = self._get_avg_readings(self.pvBPMy)
             ^^^^^^^^^^^^^^^^^^^^^^^^^^^^^^^^^^^
  File "/home/zhanghaoran/gitproj/half_linac/src/apps/orbit_correct/correct_optimized.py", line 169, in _get_avg_readings
    results[i] += pv.get()
TypeError: unsupported operand type(s) for +=: 'float' and 'NoneType'
2025-06-17 16:18:05,795 - INFO - 输入参数: ['correct_optimized.py', 'start_cor', 'global', '8', '10', '1', 'BPM03,BPM04,BPM05,BPM06,BPM07,BPM08,BPM09,BPM10,BPM11,BPM12,BPM13,BPM14,BPM15,BPM16,BPM17,BPM18,BPM19,BPM20,BPM21,BPM22,BPM23,BPM24,BPM25,BPM26,BPM27,BPM28,BPM29,BPM30,BPM31,BPM32,BPM33,BPM34,BPM35,BPM36,BPM37,BPM38,BPM39,BPM40,BPM41,BPM42,BPM43', '0.0,0.0,0.0,0.0,0.0,0.0,0.0,0.0,0.0,0.0,0.0,0.0,0.0,0.0,0.0,0.0,0.0,0.0,0.0,0.0,0.0,0.0,0.0,0.0,0.0,0.0,0.0,0.0,0.0,0.0,0.0,0.0,0.0,0.0,0.0,0.0,0.0,0.0,0.0,0.0,0.0', '0.0,0.0,0.0,0.0,0.0,0.0,0.0,0.0,0.0,0.0,0.0,0.0,0.0,0.0,0.0,0.0,0.0,0.0,0.0,0.0,0.0,0.0,0.0,0.0,0.0,0.0,0.0,0.0,0.0,0.0,0.0,0.0,0.0,0.0,0.0,0.0,0.0,0.0,0.0,0.0,0.0']
2025-06-17 16:18:21,830 - INFO - 迭代 1: 最大误差 X=2.813e-04, Y=1.766e-05
2025-06-17 16:18:37,841 - INFO - 迭代 2: 最大误差 X=5.471e-04, Y=3.515e-05
2025-06-17 16:18:53,852 - INFO - 迭代 3: 最大误差 X=1.100e-03, Y=7.195e-05
2025-06-17 16:19:09,862 - INFO - 迭代 4: 最大误差 X=2.181e-03, Y=1.449e-04
2025-06-17 16:19:25,874 - INFO - 迭代 5: 最大误差 X=4.369e-03, Y=2.920e-04
2025-06-17 16:19:41,885 - INFO - 迭代 6: 最大误差 X=8.768e-03, Y=5.850e-04
2025-06-17 16:19:57,898 - INFO - 迭代 7: 最大误差 X=1.455e-02, Y=1.181e-03
2025-06-17 16:20:13,911 - INFO - 迭代 8: 最大误差 X=9.179e-03, Y=5.882e-04
2025-06-17 16:20:29,657 - INFO - 输入参数: ['correct_optimized.py', 'cor_off', 'BPM03,BPM04,BPM05,BPM06,BPM07,BPM08,BPM09,BPM10,BPM11,BPM12,BPM13,BPM14,BPM15,BPM16,BPM17,BPM18,BPM19,BPM20,BPM21,BPM22,BPM23,BPM24,BPM25,BPM26,BPM27,BPM28,BPM29,BPM30,BPM31,BPM32,BPM33,BPM34,BPM35,BPM36,BPM37,BPM38,BPM39,BPM40,BPM41,BPM42,BPM43']
2025-06-17 16:20:29,675 - INFO - 所有校正铁已重置为零
2025-06-17 16:20:47,818 - INFO - 输入参数: ['correct_optimized.py', 'cor_off', 'BPM03,BPM04,BPM05,BPM06,BPM07,BPM08,BPM09,BPM10,BPM11,BPM12,BPM13,BPM14,BPM15,BPM16,BPM17,BPM18,BPM19,BPM20,BPM21,BPM22,BPM23,BPM24,BPM25,BPM26,BPM27,BPM28,BPM29,BPM30,BPM31,BPM32,BPM33,BPM34,BPM35,BPM36,BPM37,BPM38,BPM39,BPM40,BPM41,BPM42,BPM43']
2025-06-17 16:20:47,835 - INFO - 所有校正铁已重置为零
2025-06-17 16:23:59,555 - INFO - 输入参数: ['correct_optimized.py', 'start_cor', 'global', '8', '10', '1', 'BPM03,BPM04,BPM05,BPM06,BPM07,BPM08,BPM09,BPM10,BPM11,BPM12,BPM13,BPM14,BPM15,BPM16,BPM17,BPM18,BPM19,BPM20,BPM21,BPM22,BPM23,BPM24,BPM25,BPM26,BPM27,BPM28,BPM29,BPM30,BPM31,BPM32,BPM33,BPM34,BPM35,BPM36,BPM37,BPM38,BPM39,BPM40,BPM41,BPM42,BPM43', '0.0,0.0,0.0,0.0,0.0,0.0,0.0,0.0,0.0,0.0,0.0,0.0,0.0,0.0,0.0,0.0,0.0,0.0,0.0,0.0,0.0,0.0,0.0,0.0,0.0,0.0,0.0,0.0,0.0,0.0,0.0,0.0,0.0,0.0,0.0,0.0,0.0,0.0,0.0,0.0,0.0', '0.0,0.0,0.0,0.0,0.0,0.0,0.0,0.0,0.0,0.0,0.0,0.0,0.0,0.0,0.0,0.0,0.0,0.0,0.0,0.0,0.0,0.0,0.0,0.0,0.0,0.0,0.0,0.0,0.0,0.0,0.0,0.0,0.0,0.0,0.0,0.0,0.0,0.0,0.0,0.0,0.0']
2025-06-17 16:24:15,582 - INFO - 迭代 0: 最大误差 X=2.813e-04, Y=1.766e-05
2025-06-17 16:24:31,594 - INFO - 迭代 1: 最大误差 X=5.471e-04, Y=3.515e-05
2025-06-17 16:24:47,607 - INFO - 迭代 2: 最大误差 X=5.471e-04, Y=3.515e-05
2025-06-17 16:25:03,618 - INFO - 迭代 3: 最大误差 X=5.471e-04, Y=3.515e-05
2025-06-17 16:25:19,628 - INFO - 迭代 4: 最大误差 X=5.471e-04, Y=3.515e-05
2025-06-17 16:25:35,640 - INFO - 迭代 5: 最大误差 X=5.471e-04, Y=3.515e-05
2025-06-17 16:25:51,653 - INFO - 迭代 6: 最大误差 X=5.471e-04, Y=3.515e-05
2025-06-17 16:26:07,664 - INFO - 迭代 7: 最大误差 X=5.471e-04, Y=3.515e-05
2025-06-17 16:26:23,675 - INFO - 迭代 8: 最大误差 X=5.471e-04, Y=3.515e-05
2025-06-17 16:26:39,686 - INFO - 迭代 9: 最大误差 X=5.471e-04, Y=3.515e-05
2025-06-17 16:26:55,698 - INFO - 迭代 10: 最大误差 X=5.471e-04, Y=3.515e-05
2025-06-17 16:27:11,709 - INFO - 迭代 11: 最大误差 X=5.471e-04, Y=3.515e-05
2025-06-17 16:27:27,721 - INFO - 迭代 12: 最大误差 X=5.471e-04, Y=3.515e-05
2025-06-17 16:27:43,732 - INFO - 迭代 13: 最大误差 X=5.471e-04, Y=3.515e-05
2025-06-17 16:27:59,744 - INFO - 迭代 14: 最大误差 X=5.471e-04, Y=3.515e-05
2025-06-17 16:28:15,755 - INFO - 迭代 15: 最大误差 X=5.471e-04, Y=3.515e-05
2025-06-17 16:28:31,767 - INFO - 迭代 16: 最大误差 X=5.471e-04, Y=3.515e-05
2025-06-17 16:28:47,780 - INFO - 迭代 17: 最大误差 X=5.471e-04, Y=3.515e-05
2025-06-17 16:33:58,739 - INFO - 输入参数: ['correct_optimized.py', 'start_cor', 'global', '8', '10', '1', 'BPM03,BPM04,BPM05,BPM06,BPM07,BPM08,BPM09,BPM10,BPM11,BPM12,BPM13,BPM14,BPM15,BPM16,BPM17,BPM18,BPM19,BPM20,BPM21,BPM22,BPM23,BPM24,BPM25,BPM26,BPM27,BPM28,BPM29,BPM30,BPM31,BPM32,BPM33,BPM34,BPM35,BPM36,BPM37,BPM38,BPM39,BPM40,BPM41,BPM42,BPM43', '0.0,0.0,0.0,0.0,0.0,0.0,0.0,0.0,0.0,0.0,0.0,0.0,0.0,0.0,0.0,0.0,0.0,0.0,0.0,0.0,0.0,0.0,0.0,0.0,0.0,0.0,0.0,0.0,0.0,0.0,0.0,0.0,0.0,0.0,0.0,0.0,0.0,0.0,0.0,0.0,0.0', '0.0,0.0,0.0,0.0,0.0,0.0,0.0,0.0,0.0,0.0,0.0,0.0,0.0,0.0,0.0,0.0,0.0,0.0,0.0,0.0,0.0,0.0,0.0,0.0,0.0,0.0,0.0,0.0,0.0,0.0,0.0,0.0,0.0,0.0,0.0,0.0,0.0,0.0,0.0,0.0,0.0']
2025-06-17 16:33:58,816 - INFO - 迭代 0: 最大误差 X=2.813e-04, Y=1.766e-05
2025-06-17 16:33:58,841 - INFO - 迭代 1: 最大误差 X=2.269e-05, Y=3.327e-06
2025-06-17 16:33:58,857 - INFO - 迭代 2: 最大误差 X=4.166e-05, Y=3.727e-06
2025-06-17 16:33:58,873 - INFO - 迭代 3: 最大误差 X=8.506e-05, Y=2.876e-06
2025-06-17 16:33:58,888 - INFO - 迭代 4: 最大误差 X=1.831e-04, Y=2.234e-06
2025-06-17 16:33:58,904 - INFO - 迭代 5: 最大误差 X=4.032e-04, Y=1.784e-06
2025-06-17 16:33:58,920 - INFO - 迭代 6: 最大误差 X=8.967e-04, Y=1.431e-06
2025-06-17 16:33:58,937 - INFO - 迭代 7: 最大误差 X=2.002e-03, Y=1.537e-06
2025-06-17 16:33:58,952 - INFO - 迭代 8: 最大误差 X=4.478e-03, Y=1.959e-06
2025-06-17 16:33:58,967 - INFO - 迭代 9: 最大误差 X=1.002e-02, Y=2.531e-06
2025-06-17 16:33:58,983 - INFO - 迭代 10: 最大误差 X=2.243e-02, Y=3.271e-06
2025-06-17 16:33:58,999 - INFO - 迭代 11: 最大误差 X=5.022e-02, Y=4.228e-06
2025-06-17 16:33:59,016 - INFO - 迭代 12: 最大误差 X=1.000e-01, Y=5.464e-06
2025-06-17 16:33:59,031 - INFO - 迭代 13: 最大误差 X=1.000e-01, Y=7.062e-06
2025-06-17 16:33:59,046 - INFO - 迭代 14: 最大误差 X=1.000e-01, Y=9.128e-06
2025-06-17 16:33:59,061 - INFO - 迭代 15: 最大误差 X=1.000e-01, Y=1.180e-05
2025-06-17 16:33:59,076 - INFO - 迭代 16: 最大误差 X=1.000e-01, Y=1.525e-05
2025-06-17 16:33:59,091 - INFO - 迭代 17: 最大误差 X=1.000e-01, Y=1.971e-05
2025-06-17 16:33:59,107 - INFO - 迭代 18: 最大误差 X=1.000e-01, Y=2.547e-05
2025-06-17 16:33:59,122 - INFO - 迭代 19: 最大误差 X=1.000e-01, Y=3.292e-05
2025-06-17 16:33:59,133 - INFO - 达到最大迭代次数 20 次
2025-06-17 16:35:24,944 - INFO - 输入参数: ['correct_optimized.py', 'start_cor', 'global', '8', '10', '1', 'BPM03,BPM04,BPM05,BPM06,BPM07,BPM08,BPM09,BPM10,BPM11,BPM12,BPM13,BPM14,BPM15,BPM16,BPM17,BPM18,BPM19,BPM20,BPM21,BPM22,BPM23,BPM24,BPM25,BPM26,BPM27,BPM28,BPM29,BPM30,BPM31,BPM32,BPM33,BPM34,BPM35,BPM36,BPM37,BPM38,BPM39,BPM40,BPM41,BPM42,BPM43', '0.0,0.0,0.0,0.0,0.0,0.0,0.0,0.0,0.0,0.0,0.0,0.0,0.0,0.0,0.0,0.0,0.0,0.0,0.0,0.0,0.0,0.0,0.0,0.0,0.0,0.0,0.0,0.0,0.0,0.0,0.0,0.0,0.0,0.0,0.0,0.0,0.0,0.0,0.0,0.0,0.0', '0.0,0.0,0.0,0.0,0.0,0.0,0.0,0.0,0.0,0.0,0.0,0.0,0.0,0.0,0.0,0.0,0.0,0.0,0.0,0.0,0.0,0.0,0.0,0.0,0.0,0.0,0.0,0.0,0.0,0.0,0.0,0.0,0.0,0.0,0.0,0.0,0.0,0.0,0.0,0.0,0.0']
2025-06-17 16:35:40,958 - INFO - 迭代 0: 最大误差 X=2.813e-04, Y=1.766e-05
2025-06-17 16:35:56,984 - INFO - 迭代 1: 最大误差 X=2.269e-05, Y=3.327e-06
2025-06-17 16:36:13,001 - INFO - 迭代 2: 最大误差 X=4.166e-05, Y=3.727e-06
2025-06-17 16:37:15,522 - INFO - 输入参数: ['correct_optimized.py', 'start_cor', 'global', '8', '10', '1', 'BPM03,BPM04,BPM05,BPM06,BPM07,BPM08,BPM09,BPM10,BPM11,BPM12,BPM13,BPM14,BPM15,BPM16,BPM17,BPM18,BPM19,BPM20,BPM21,BPM22,BPM23,BPM24,BPM25,BPM26,BPM27,BPM28,BPM29,BPM30,BPM31,BPM32,BPM33,BPM34,BPM35,BPM36,BPM37,BPM38,BPM39,BPM40,BPM41,BPM42,BPM43', '0.0,0.0,0.0,0.0,0.0,0.0,0.0,0.0,0.0,0.0,0.0,0.0,0.0,0.0,0.0,0.0,0.0,0.0,0.0,0.0,0.0,0.0,0.0,0.0,0.0,0.0,0.0,0.0,0.0,0.0,0.0,0.0,0.0,0.0,0.0,0.0,0.0,0.0,0.0,0.0,0.0', '0.0,0.0,0.0,0.0,0.0,0.0,0.0,0.0,0.0,0.0,0.0,0.0,0.0,0.0,0.0,0.0,0.0,0.0,0.0,0.0,0.0,0.0,0.0,0.0,0.0,0.0,0.0,0.0,0.0,0.0,0.0,0.0,0.0,0.0,0.0,0.0,0.0,0.0,0.0,0.0,0.0']
2025-06-17 16:37:31,536 - INFO - 迭代 0: 最大误差 X=2.813e-04, Y=1.766e-05
2025-06-17 16:37:47,563 - INFO - 迭代 1: 最大误差 X=5.471e-04, Y=3.515e-05
2025-06-17 16:38:03,579 - INFO - 迭代 2: 最大误差 X=1.100e-03, Y=7.195e-05
2025-06-17 16:38:19,597 - INFO - 迭代 3: 最大误差 X=2.181e-03, Y=1.449e-04
2025-06-17 16:38:35,615 - INFO - 迭代 4: 最大误差 X=4.369e-03, Y=2.920e-04
2025-06-17 16:38:51,631 - INFO - 迭代 5: 最大误差 X=8.768e-03, Y=5.850e-04
2025-06-17 16:39:07,647 - INFO - 迭代 6: 最大误差 X=1.455e-02, Y=1.181e-03
2025-06-17 16:39:23,662 - INFO - 迭代 7: 最大误差 X=9.179e-03, Y=5.882e-04
2025-06-17 16:39:39,677 - INFO - 迭代 8: 最大误差 X=1.997e-02, Y=1.002e-03
2025-06-17 16:39:55,696 - INFO - 迭代 9: 最大误差 X=1.997e-02, Y=1.002e-03
2025-06-17 16:45:37,569 - INFO - 输入参数: ['correct_optimized.py', 'start_cor', 'global', '8', '10', '1', 'BPM03,BPM04,BPM05,BPM06,BPM07,BPM08,BPM09,BPM10,BPM11,BPM12,BPM13,BPM14,BPM15,BPM16,BPM17,BPM18,BPM19,BPM20,BPM21,BPM22,BPM23,BPM24,BPM25,BPM26,BPM27,BPM28,BPM29,BPM30,BPM31,BPM32,BPM33,BPM34,BPM35,BPM36,BPM37,BPM38,BPM39,BPM40,BPM41,BPM42,BPM43', '0.0,0.0,0.0,0.0,0.0,0.0,0.0,0.0,0.0,0.0,0.0,0.0,0.0,0.0,0.0,0.0,0.0,0.0,0.0,0.0,0.0,0.0,0.0,0.0,0.0,0.0,0.0,0.0,0.0,0.0,0.0,0.0,0.0,0.0,0.0,0.0,0.0,0.0,0.0,0.0,0.0', '0.0,0.0,0.0,0.0,0.0,0.0,0.0,0.0,0.0,0.0,0.0,0.0,0.0,0.0,0.0,0.0,0.0,0.0,0.0,0.0,0.0,0.0,0.0,0.0,0.0,0.0,0.0,0.0,0.0,0.0,0.0,0.0,0.0,0.0,0.0,0.0,0.0,0.0,0.0,0.0,0.0']
2025-06-17 16:45:53,582 - INFO - 迭代 0: 最大误差 X=2.813e-04, Y=1.766e-05
2025-06-17 16:46:09,611 - INFO - 迭代 1: 最大误差 X=5.471e-04, Y=3.515e-05
2025-06-17 16:46:25,630 - INFO - 迭代 2: 最大误差 X=1.100e-03, Y=7.195e-05
2025-06-17 16:46:41,248 - INFO - 输入参数: ['correct_optimized.py', 'cor_off', 'BPM03,BPM04,BPM05,BPM06,BPM07,BPM08,BPM09,BPM10,BPM11,BPM12,BPM13,BPM14,BPM15,BPM16,BPM17,BPM18,BPM19,BPM20,BPM21,BPM22,BPM23,BPM24,BPM25,BPM26,BPM27,BPM28,BPM29,BPM30,BPM31,BPM32,BPM33,BPM34,BPM35,BPM36,BPM37,BPM38,BPM39,BPM40,BPM41,BPM42,BPM43']
2025-06-17 16:46:41,250 - INFO - 所有校正铁已重置为零
2025-06-17 16:50:22,568 - INFO - 输入参数: ['correct_optimized.py', 'cor_off', 'BPM03,BPM04,BPM05,BPM06,BPM07,BPM08,BPM09,BPM10,BPM11,BPM12,BPM13,BPM14,BPM15,BPM16,BPM17,BPM18,BPM19,BPM20,BPM21,BPM22,BPM23,BPM24,BPM25,BPM26,BPM27,BPM28,BPM29,BPM30,BPM31,BPM32,BPM33,BPM34,BPM35,BPM36,BPM37,BPM38,BPM39,BPM40,BPM41,BPM42,BPM43']
2025-06-17 16:52:00,830 - INFO - 输入参数: ['correct_optimized.py', 'start_cor', 'global', '8', '10', '1', 'BPM03,BPM04,BPM05,BPM06,BPM07,BPM08,BPM09,BPM10,BPM11,BPM12,BPM13,BPM14,BPM15,BPM16,BPM17,BPM18,BPM19,BPM20,BPM21,BPM22,BPM23,BPM24,BPM25,BPM26,BPM27,BPM28,BPM29,BPM30,BPM31,BPM32,BPM33,BPM34,BPM35,BPM36,BPM37,BPM38,BPM39,BPM40,BPM41,BPM42,BPM43', '0.0,0.0,0.0,0.0,0.0,0.0,0.0,0.0,0.0,0.0,0.0,0.0,0.0,0.0,0.0,0.0,0.0,0.0,0.0,0.0,0.0,0.0,0.0,0.0,0.0,0.0,0.0,0.0,0.0,0.0,0.0,0.0,0.0,0.0,0.0,0.0,0.0,0.0,0.0,0.0,0.0', '0.0,0.0,0.0,0.0,0.0,0.0,0.0,0.0,0.0,0.0,0.0,0.0,0.0,0.0,0.0,0.0,0.0,0.0,0.0,0.0,0.0,0.0,0.0,0.0,0.0,0.0,0.0,0.0,0.0,0.0,0.0,0.0,0.0,0.0,0.0,0.0,0.0,0.0,0.0,0.0,0.0']
2025-06-17 16:52:16,844 - INFO - 迭代 0: 最大误差 X=2.813e-04, Y=1.766e-05
2025-06-17 16:52:32,873 - INFO - 迭代 1: 最大误差 X=1.017e-05, Y=7.588e-07
2025-06-17 16:52:48,892 - INFO - 迭代 2: 最大误差 X=1.017e-05, Y=7.588e-07
2025-06-17 16:53:04,913 - INFO - 迭代 3: 最大误差 X=1.017e-05, Y=7.588e-07
2025-06-17 16:53:20,932 - INFO - 迭代 4: 最大误差 X=1.017e-05, Y=7.588e-07
2025-06-17 16:53:36,951 - INFO - 迭代 5: 最大误差 X=1.017e-05, Y=7.588e-07
2025-06-17 16:54:02,969 - ERROR - 校正错误: [Errno 5] Input/output error
Traceback (most recent call last):
  File "/home/zhanghaoran/gitproj/half_linac/src/apps/orbit_correct/correct_optimized.py", line 398, in <module>
    corrector.correct_global()
  File "/home/zhanghaoran/gitproj/half_linac/src/apps/orbit_correct/correct_optimized.py", line 303, in correct_global
    print("获取当前x轨道数据", x_vals)
OSError: [Errno 5] Input/output error
2025-06-17 17:06:36,464 - INFO - 输入参数: ['correct_optimized.py', 'start_cor', 'global', '8', '10', '1', 'BPM03,BPM04,BPM05,BPM06,BPM07,BPM08,BPM09,BPM10,BPM11,BPM12,BPM13,BPM14,BPM15,BPM16,BPM17,BPM18,BPM19,BPM20,BPM21,BPM22,BPM23,BPM24,BPM25,BPM26,BPM27,BPM28,BPM29,BPM30,BPM31,BPM32,BPM33,BPM34,BPM35,BPM36,BPM37,BPM38,BPM39,BPM40,BPM41,BPM42,BPM43', '0.0,0.0,0.0,0.0,0.0,0.0,0.0,0.0,0.0,0.0,0.0,0.0,0.0,0.0,0.0,0.0,0.0,0.0,0.0,0.0,0.0,0.0,0.0,0.0,0.0,0.0,0.0,0.0,0.0,0.0,0.0,0.0,0.0,0.0,0.0,0.0,0.0,0.0,0.0,0.0,0.0', '0.0,0.0,0.0,0.0,0.0,0.0,0.0,0.0,0.0,0.0,0.0,0.0,0.0,0.0,0.0,0.0,0.0,0.0,0.0,0.0,0.0,0.0,0.0,0.0,0.0,0.0,0.0,0.0,0.0,0.0,0.0,0.0,0.0,0.0,0.0,0.0,0.0,0.0,0.0,0.0,0.0']
2025-06-17 17:06:52,478 - INFO - 迭代 0: 最大误差 X=2.813e-04, Y=1.766e-05
2025-06-17 17:07:08,510 - INFO - 迭代 1: 最大误差 X=1.017e-05, Y=7.588e-07
2025-06-17 17:07:24,530 - INFO - 迭代 2: 最大误差 X=1.258e-05, Y=2.112e-07
2025-06-17 17:07:40,551 - INFO - 迭代 3: 最大误差 X=1.261e-06, Y=1.944e-07
2025-06-17 17:07:40,551 - INFO - 校正完成于迭代 3 次
2025-06-17 17:31:03,983 - INFO - 输入参数: ['correct_optimized.py', 'cor_off', 'BPM03,BPM04,BPM05,BPM06,BPM07,BPM08,BPM09,BPM10,BPM11,BPM12,BPM13,BPM14,BPM15,BPM16,BPM17,BPM18,BPM19,BPM20,BPM21,BPM22,BPM23,BPM24,BPM25,BPM26,BPM27,BPM28,BPM29,BPM30,BPM31,BPM32,BPM33,BPM34,BPM35,BPM36,BPM37,BPM38,BPM39,BPM40,BPM41,BPM42,BPM43']
2025-06-17 17:31:41,374 - INFO - 输入参数: ['correct_optimized.py', 'start_cor', 'global', '8', '10', '1', 'BPM03,BPM04,BPM05,BPM06,BPM07,BPM08,BPM09,BPM10,BPM11,BPM12,BPM13,BPM14,BPM15,BPM16,BPM17,BPM18,BPM19,BPM20,BPM21,BPM22,BPM23,BPM24,BPM25,BPM26,BPM27,BPM28,BPM29,BPM30,BPM31,BPM32,BPM33,BPM34,BPM35,BPM36,BPM37,BPM38,BPM39,BPM40,BPM41,BPM42,BPM43', '0.0,0.0,0.0,0.0,0.0,0.0,0.0,0.0,0.0,0.0,0.0,0.0,0.0,0.0,0.0,0.0,0.0,0.0,0.0,0.0,0.0,0.0,0.0,0.0,0.0,0.0,0.0,0.0,0.0,0.0,0.0,0.0,0.0,0.0,0.0,0.0,0.0,0.0,0.0,0.0,0.0', '0.0,0.0,0.0,0.0,0.0,0.0,0.0,0.0,0.0,0.0,0.0,0.0,0.0,0.0,0.0,0.0,0.0,0.0,0.0,0.0,0.0,0.0,0.0,0.0,0.0,0.0,0.0,0.0,0.0,0.0,0.0,0.0,0.0,0.0,0.0,0.0,0.0,0.0,0.0,0.0,0.0']
2025-06-17 17:31:57,387 - INFO - 迭代 0: 最大误差 X=1.066e-03, Y=1.535e-03
2025-06-17 17:32:13,419 - INFO - 迭代 1: 最大误差 X=1.539e-05, Y=2.564e-06
2025-06-17 17:32:29,440 - INFO - 迭代 2: 最大误差 X=1.473e-05, Y=5.947e-07
2025-06-17 17:32:45,459 - INFO - 迭代 3: 最大误差 X=5.708e-06, Y=2.933e-07
2025-06-17 17:32:45,459 - INFO - 校正完成于迭代 3 次
2025-06-17 17:34:23,342 - INFO - 输入参数: ['correct_optimized.py', 'cor_off', 'BPM03,BPM04,BPM05,BPM06,BPM07,BPM08,BPM09,BPM10,BPM11,BPM12,BPM13,BPM14,BPM15,BPM16,BPM17,BPM18,BPM19,BPM20,BPM21,BPM22,BPM23,BPM24,BPM25,BPM26,BPM27,BPM28,BPM29,BPM30,BPM31,BPM32,BPM33,BPM34,BPM35,BPM36,BPM37,BPM38,BPM39,BPM40,BPM41,BPM42,BPM43']
2025-06-17 17:37:45,811 - INFO - 输入参数: ['correct_optimized.py', 'start_cor', 'global', '8', '10', '1', 'BPM03,BPM04,BPM05,BPM06,BPM07,BPM08,BPM09,BPM10,BPM11,BPM12,BPM13,BPM14,BPM15,BPM16,BPM17,BPM18,BPM19,BPM20,BPM21,BPM22,BPM23,BPM24,BPM25,BPM26,BPM27,BPM28,BPM29,BPM30,BPM31,BPM32,BPM33,BPM34,BPM35,BPM36,BPM37,BPM38,BPM39,BPM40,BPM41,BPM42,BPM43', '0.0,0.0,0.0,0.0,0.0,0.0,0.0,0.0,0.0,0.0,0.0,0.0,0.0,0.0,0.0,0.0,0.0,0.0,0.0,0.0,0.0,0.0,0.0,0.0,0.0,0.0,0.0,0.0,0.0,0.0,0.0,0.0,0.0,0.0,0.0,0.0,0.0,0.0,0.0,0.0,0.0', '0.0,0.0,0.0,0.0,0.0,0.0,0.0,0.0,0.0,0.0,0.0,0.0,0.0,0.0,0.0,0.0,0.0,0.0,0.0,0.0,0.0,0.0,0.0,0.0,0.0,0.0,0.0,0.0,0.0,0.0,0.0,0.0,0.0,0.0,0.0,0.0,0.0,0.0,0.0,0.0,0.0']
2025-06-17 17:38:01,825 - INFO - 迭代 0: 最大误差 X=1.066e-03, Y=1.535e-03
2025-06-17 17:38:17,856 - INFO - 迭代 1: 最大误差 X=1.539e-05, Y=2.564e-06
2025-06-17 17:38:33,877 - INFO - 迭代 2: 最大误差 X=1.473e-05, Y=5.947e-07
2025-06-17 17:38:49,900 - INFO - 迭代 3: 最大误差 X=5.708e-06, Y=2.933e-07
2025-06-17 17:38:49,900 - INFO - 校正完成于迭代 3 次
2025-06-17 17:40:00,610 - INFO - 输入参数: ['correct_optimized.py', 'cor_off', 'BPM03,BPM04,BPM05,BPM06,BPM07,BPM08,BPM09,BPM10,BPM11,BPM12,BPM13,BPM14,BPM15,BPM16,BPM17,BPM18,BPM19,BPM20,BPM21,BPM22,BPM23,BPM24,BPM25,BPM26,BPM27,BPM28,BPM29,BPM30,BPM31,BPM32,BPM33,BPM34,BPM35,BPM36,BPM37,BPM38,BPM39,BPM40,BPM41,BPM42,BPM43']
2025-06-17 17:40:26,716 - INFO - 输入参数: ['correct_optimized.py', 'start_cor', 'global', '8', '10', '1', 'BPM03,BPM04,BPM05,BPM06,BPM07,BPM08,BPM09,BPM10,BPM11,BPM12,BPM13,BPM14,BPM15,BPM16,BPM17,BPM18,BPM19,BPM20,BPM21,BPM22,BPM23,BPM24,BPM25,BPM26,BPM27,BPM28,BPM29,BPM30,BPM31,BPM32,BPM33,BPM34,BPM35,BPM36,BPM37,BPM38,BPM39,BPM40,BPM41,BPM42,BPM43', '0.0,0.0,0.0,0.0,0.0,0.0,0.0,0.0,0.0,0.0,0.0,0.0,0.0,0.0,0.0,0.0,0.0,0.0,0.0,0.0,0.0,0.0,0.0,0.0,0.0,0.0,0.0,0.0,0.0,0.0,0.0,0.0,0.0,0.0,0.0,0.0,0.0,0.0,0.0,0.0,0.0', '0.0,0.0,0.0,0.0,0.0,0.0,0.0,0.0,0.0,0.0,0.0,0.0,0.0,0.0,0.0,0.0,0.0,0.0,0.0,0.0,0.0,0.0,0.0,0.0,0.0,0.0,0.0,0.0,0.0,0.0,0.0,0.0,0.0,0.0,0.0,0.0,0.0,0.0,0.0,0.0,0.0']
2025-06-17 17:40:42,729 - INFO - 迭代 0: 最大误差 X=1.066e-03, Y=1.535e-03
2025-06-17 17:40:58,761 - INFO - 迭代 1: 最大误差 X=1.539e-05, Y=2.564e-06
2025-06-17 17:41:14,781 - INFO - 迭代 2: 最大误差 X=1.473e-05, Y=5.947e-07
2025-06-17 17:41:30,803 - INFO - 迭代 3: 最大误差 X=5.708e-06, Y=2.933e-07
2025-06-17 17:41:30,803 - INFO - 校正完成于迭代 3 次
2025-06-17 21:53:43,972 - INFO - INPUT PARAMETERS: ['correct_optimized.py', 'start_cor', 'global', '8', '10', '1', 'BPM03,BPM04,BPM05,BPM06,BPM07,BPM08,BPM09,BPM10,BPM11,BPM12,BPM13,BPM14,BPM15,BPM16,BPM17,BPM18,BPM19,BPM20,BPM21,BPM22,BPM23,BPM24,BPM25,BPM26,BPM27,BPM28,BPM29,BPM30,BPM31,BPM32,BPM33,BPM34,BPM35,BPM36,BPM37,BPM38,BPM39,BPM40,BPM41,BPM42,BPM43', '0.0,0.0,0.0,0.0,0.0,0.0,0.0,0.0,0.0,0.0,0.0,0.0,0.0,0.0,0.0,0.0,0.0,0.0,0.0,0.0,0.0,0.0,0.0,0.0,0.0,0.0,0.0,0.0,0.0,0.0,0.0,0.0,0.0,0.0,0.0,0.0,0.0,0.0,0.0,0.0,0.0', '0.0,0.0,0.0,0.0,0.0,0.0,0.0,0.0,0.0,0.0,0.0,0.0,0.0,0.0,0.0,0.0,0.0,0.0,0.0,0.0,0.0,0.0,0.0,0.0,0.0,0.0,0.0,0.0,0.0,0.0,0.0,0.0,0.0,0.0,0.0,0.0,0.0,0.0,0.0,0.0,0.0']
2025-06-17 21:53:51,985 - INFO - 迭代 0: 最大误差 X=1.509e-03, Y=6.635e-03
2025-06-17 21:54:00,015 - INFO - 迭代 1: 最大误差 X=3.188e-05, Y=9.007e-06
2025-06-17 21:54:08,038 - INFO - 迭代 2: 最大误差 X=6.092e-06, Y=5.370e-07
2025-06-17 21:54:08,038 - INFO - 校正完成于迭代 2 次
2025-06-17 21:58:38,860 - INFO - INPUT PARAMETERS: ['correct_optimized.py', 'cor_off', 'BPM03,BPM04,BPM05,BPM06,BPM07,BPM08,BPM09,BPM10,BPM11,BPM12,BPM13,BPM14,BPM15,BPM16,BPM17,BPM18,BPM19,BPM20,BPM21,BPM22,BPM23,BPM24,BPM25,BPM26,BPM27,BPM28,BPM29,BPM30,BPM31,BPM32,BPM33,BPM34,BPM35,BPM36,BPM37,BPM38,BPM39,BPM40,BPM41,BPM42,BPM43']
2025-06-17 21:59:22,080 - INFO - INPUT PARAMETERS: ['correct_optimized.py', 'start_cor', 'global', '8', '10', '1', 'BPM03,BPM04,BPM05,BPM06,BPM07,BPM08,BPM09,BPM10,BPM11,BPM12,BPM13,BPM14,BPM15,BPM16,BPM17,BPM18,BPM19,BPM20,BPM21,BPM22,BPM23,BPM24,BPM25,BPM26,BPM27,BPM28,BPM29,BPM30,BPM31,BPM32,BPM33,BPM34,BPM35,BPM36,BPM37,BPM38,BPM39,BPM40,BPM41,BPM42,BPM43', '0.0,0.0,0.0,0.0,0.0,0.0,0.0,0.0,0.0,0.0,0.0,0.0,0.0,0.0,0.0,0.0,0.0,0.0,0.0,0.0,0.0,0.0,0.0,0.0,0.0,0.0,0.0,0.0,0.0,0.0,0.0,0.0,0.0,0.0,0.0,0.0,0.0,0.0,0.0,0.0,0.0', '0.0,0.0,0.0,0.0,0.0,0.0,0.0,0.0,0.0,0.0,0.0,0.0,0.0,0.0,0.0,0.0,0.0,0.0,0.0,0.0,0.0,0.0,0.0,0.0,0.0,0.0,0.0,0.0,0.0,0.0,0.0,0.0,0.0,0.0,0.0,0.0,0.0,0.0,0.0,0.0,0.0']
2025-06-17 21:59:30,092 - INFO - iteration 0: max error X=1.509e-03 , Y=6.635e-03
2025-06-17 21:59:38,123 - INFO - iteration 1: max error X=3.188e-05 , Y=9.007e-06
2025-06-17 21:59:46,142 - INFO - iteration 2: max error X=6.092e-06 , Y=5.370e-07
2025-06-17 21:59:46,142 - INFO - correction is finished at iteration 2
2025-06-17 22:00:25,581 - INFO - INPUT PARAMETERS: ['correct_optimized.py', 'cor_off', 'BPM03,BPM04,BPM05,BPM06,BPM07,BPM08,BPM09,BPM10,BPM11,BPM12,BPM13,BPM14,BPM15,BPM16,BPM17,BPM18,BPM19,BPM20,BPM21,BPM22,BPM23,BPM24,BPM25,BPM26,BPM27,BPM28,BPM29,BPM30,BPM31,BPM32,BPM33,BPM34,BPM35,BPM36,BPM37,BPM38,BPM39,BPM40,BPM41,BPM42,BPM43']
2025-06-17 22:00:42,371 - INFO - INPUT PARAMETERS: ['correct_optimized.py', 'start_cor', 'global', '8', '10', '2', 'BPM03,BPM04,BPM05,BPM06,BPM07,BPM08,BPM09,BPM10,BPM11,BPM12,BPM13,BPM14,BPM15,BPM16,BPM17,BPM18,BPM19,BPM20,BPM21,BPM22,BPM23,BPM24,BPM25,BPM26,BPM27,BPM28,BPM29,BPM30,BPM31,BPM32,BPM33,BPM34,BPM35,BPM36,BPM37,BPM38,BPM39,BPM40,BPM41,BPM42,BPM43', '0.0,0.0,0.0,0.0,0.0,0.0,0.0,0.0,0.0,0.0,0.0,0.0,0.0,0.0,0.0,0.0,0.0,0.0,0.0,0.0,0.0,0.0,0.0,0.0,0.0,0.0,0.0,0.0,0.0,0.0,0.0,0.0,0.0,0.0,0.0,0.0,0.0,0.0,0.0,0.0,0.0', '0.0,0.0,0.0,0.0,0.0,0.0,0.0,0.0,0.0,0.0,0.0,0.0,0.0,0.0,0.0,0.0,0.0,0.0,0.0,0.0,0.0,0.0,0.0,0.0,0.0,0.0,0.0,0.0,0.0,0.0,0.0,0.0,0.0,0.0,0.0,0.0,0.0,0.0,0.0,0.0,0.0']
2025-06-17 22:00:58,388 - INFO - iteration 0: max error X=1.509e-03 , Y=6.635e-03
2025-06-17 22:01:14,424 - INFO - iteration 1: max error X=8.434e-04 , Y=3.316e-03
2025-06-17 22:01:30,448 - INFO - iteration 2: max error X=8.307e-04 , Y=3.315e-03
2025-06-17 22:01:46,471 - INFO - iteration 3: max error X=1.130e-05 , Y=6.537e-06
2025-06-17 22:02:02,495 - INFO - iteration 4: max error X=3.566e-06 , Y=4.681e-08
2025-06-17 22:02:02,495 - INFO - correction is finished at iteration: 4
2025-06-17 22:02:43,010 - INFO - INPUT PARAMETERS: ['correct_optimized.py', 'cor_off', 'BPM03,BPM04,BPM05,BPM06,BPM07,BPM08,BPM09,BPM10,BPM11,BPM12,BPM13,BPM14,BPM15,BPM16,BPM17,BPM18,BPM19,BPM20,BPM21,BPM22,BPM23,BPM24,BPM25,BPM26,BPM27,BPM28,BPM29,BPM30,BPM31,BPM32,BPM33,BPM34,BPM35,BPM36,BPM37,BPM38,BPM39,BPM40,BPM41,BPM42,BPM43']
2025-06-17 22:03:15,507 - INFO - INPUT PARAMETERS: ['correct_optimized.py', 'start_cor', 'global', '8', '10', '2', 'BPM03,BPM04,BPM05,BPM06,BPM07,BPM08,BPM09,BPM10,BPM11,BPM12,BPM13,BPM14,BPM15,BPM16,BPM17,BPM18,BPM19,BPM20,BPM21,BPM22,BPM23,BPM24,BPM25,BPM26,BPM27,BPM28,BPM29,BPM30,BPM31,BPM32,BPM33,BPM34,BPM35,BPM36,BPM37,BPM38,BPM39,BPM40,BPM41,BPM42,BPM43', '0.0,0.0,0.0,0.0,0.0,0.0,0.0,0.0,0.0,0.0,0.0,0.0,0.0,0.0,0.0,0.0,0.0,0.0,0.0,0.0,0.0,0.0,0.0,0.0,0.0,0.0,0.0,0.0,0.0,0.0,0.0,0.0,0.0,0.0,0.0,0.0,0.0,0.0,0.0,0.0,0.0', '0.0,0.0,0.0,0.0,0.0,0.0,0.0,0.0,0.0,0.0,0.0,0.0,0.0,0.0,0.0,0.0,0.0,0.0,0.0,0.0,0.0,0.0,0.0,0.0,0.0,0.0,0.0,0.0,0.0,0.0,0.0,0.0,0.0,0.0,0.0,0.0,0.0,0.0,0.0,0.0,0.0']
2025-06-17 22:03:31,524 - INFO - iteration 0: max error X=1.509e-03 , Y=6.635e-03
2025-06-17 22:03:47,559 - INFO - iteration 1: max error X=3.188e-05 , Y=9.007e-06
2025-06-17 22:04:03,583 - INFO - iteration 2: max error X=6.092e-06 , Y=5.370e-07
2025-06-17 22:04:03,583 - INFO - correction is finished at iteration: 2
2025-06-17 22:05:01,279 - INFO - INPUT PARAMETERS: ['correct_optimized.py', 'cor_off', 'BPM03,BPM04,BPM05,BPM06,BPM07,BPM08,BPM09,BPM10,BPM11,BPM12,BPM13,BPM14,BPM15,BPM16,BPM17,BPM18,BPM19,BPM20,BPM21,BPM22,BPM23,BPM24,BPM25,BPM26,BPM27,BPM28,BPM29,BPM30,BPM31,BPM32,BPM33,BPM34,BPM35,BPM36,BPM37,BPM38,BPM39,BPM40,BPM41,BPM42,BPM43']
2025-06-23 14:39:39,892 - INFO - INPUT PARAMETERS: ['correct_optimized.py', 'start_cor', 'global', '8', '10', '1', 'BPM03,BPM04,BPM05,BPM06,BPM07,BPM08,BPM09,BPM10,BPM11,BPM12,BPM13,BPM14,BPM15,BPM16,BPM17,BPM18,BPM19,BPM20,BPM21,BPM22,BPM23,BPM24,BPM25,BPM26,BPM27,BPM28,BPM29,BPM30,BPM31,BPM32,BPM33,BPM34,BPM35,BPM36,BPM37,BPM38,BPM39,BPM40,BPM41,BPM42,BPM43', '0.0,0.0,0.0,0.0,0.0,0.0,0.0,0.0,0.0,0.0,0.0,0.0,0.0,0.0,0.0,0.0,0.0,0.0,0.0,0.0,0.0,0.0,0.0,0.0,0.0,0.0,0.0,0.0,0.0,0.0,0.0,0.0,0.0,0.0,0.0,0.0,0.0,0.0,0.0,0.0,0.0', '0.0,0.0,0.0,0.0,0.0,0.0,0.0,0.0,0.0,0.0,0.0,0.0,0.0,0.0,0.0,0.0,0.0,0.0,0.0,0.0,0.0,0.0,0.0,0.0,0.0,0.0,0.0,0.0,0.0,0.0,0.0,0.0,0.0,0.0,0.0,0.0,0.0,0.0,0.0,0.0,0.0']
2025-06-23 14:39:47,998 - INFO - iteration 0: max error X=2.063e-03 , Y=4.550e-03
2025-06-23 14:39:56,028 - INFO - iteration 1: max error X=6.340e-05 , Y=1.285e-05
2025-06-23 14:40:04,046 - INFO - iteration 2: max error X=9.523e-06 , Y=1.113e-06
2025-06-23 14:40:04,046 - INFO - correction is finished at iteration: 2
2025-06-23 14:40:21,514 - INFO - INPUT PARAMETERS: ['correct_optimized.py', 'cor_off', 'BPM03,BPM04,BPM05,BPM06,BPM07,BPM08,BPM09,BPM10,BPM11,BPM12,BPM13,BPM14,BPM15,BPM16,BPM17,BPM18,BPM19,BPM20,BPM21,BPM22,BPM23,BPM24,BPM25,BPM26,BPM27,BPM28,BPM29,BPM30,BPM31,BPM32,BPM33,BPM34,BPM35,BPM36,BPM37,BPM38,BPM39,BPM40,BPM41,BPM42,BPM43']
2025-06-23 14:42:02,007 - INFO - INPUT PARAMETERS: ['correct_optimized.py', 'start_cor', 'global', '8', '10', '1', 'BPM03,BPM04,BPM05,BPM06,BPM07,BPM08,BPM09,BPM10,BPM11,BPM12,BPM13,BPM14,BPM15,BPM16,BPM17,BPM18,BPM19,BPM20,BPM21,BPM22,BPM23,BPM24,BPM25,BPM26,BPM27,BPM28,BPM29,BPM30,BPM31,BPM32,BPM33,BPM34,BPM35,BPM36,BPM37,BPM38,BPM39,BPM40,BPM41,BPM42,BPM43', '0.0,0.0,0.0,0.0,0.0,0.0,0.0,0.0,0.0,0.0,0.0,0.0,0.0,0.0,0.0,0.0,0.0,0.0,0.0,0.0,0.0,0.0,0.0,0.0,0.0,0.0,0.0,0.0,0.0,0.0,0.0,0.0,0.0,0.0,0.0,0.0,0.0,0.0,0.0,0.0,0.0', '0.0,0.0,0.0,0.0,0.0,0.0,0.0,0.0,0.0,0.0,0.0,0.0,0.0,0.0,0.0,0.0,0.0,0.0,0.0,0.0,0.0,0.0,0.0,0.0,0.0,0.0,0.0,0.0,0.0,0.0,0.0,0.0,0.0,0.0,0.0,0.0,0.0,0.0,0.0,0.0,0.0']
2025-06-23 14:42:10,033 - INFO - iteration 0: max error X=2.063e-03 , Y=4.550e-03
2025-06-23 14:42:18,063 - INFO - iteration 1: max error X=6.340e-05 , Y=1.285e-05
2025-06-23 14:42:26,082 - INFO - iteration 2: max error X=9.523e-06 , Y=1.113e-06
2025-06-23 14:42:26,082 - INFO - correction is finished at iteration: 2
2025-06-23 14:43:56,343 - INFO - INPUT PARAMETERS: ['correct_optimized.py', 'cor_off', 'BPM03,BPM04,BPM05,BPM06,BPM07,BPM08,BPM09,BPM10,BPM11,BPM12,BPM13,BPM14,BPM15,BPM16,BPM17,BPM18,BPM19,BPM20,BPM21,BPM22,BPM23,BPM24,BPM25,BPM26,BPM27,BPM28,BPM29,BPM30,BPM31,BPM32,BPM33,BPM34,BPM35,BPM36,BPM37,BPM38,BPM39,BPM40,BPM41,BPM42,BPM43']
2025-06-23 14:46:23,550 - INFO - INPUT PARAMETERS: ['correct_optimized.py', 'start_cor', 'global', '8', '10', '1', 'BPM03,BPM04,BPM05,BPM06,BPM07,BPM08,BPM09,BPM10,BPM11,BPM12,BPM13,BPM14,BPM15,BPM16,BPM17,BPM18,BPM19,BPM20,BPM21,BPM22,BPM23,BPM24,BPM25,BPM26,BPM27,BPM28,BPM29,BPM30,BPM31,BPM32,BPM33,BPM34,BPM35,BPM36,BPM37,BPM38,BPM39,BPM40,BPM41,BPM42,BPM43', '0.0,0.0,0.0,0.0,0.0,0.0,0.0,0.0,0.0,0.0,0.0,0.0,0.0,0.0,0.0,0.0,0.0,0.0,0.0,0.0,0.0,0.0,0.0,0.0,0.0,0.0,0.0,0.0,0.0,0.0,0.0,0.0,0.0,0.0,0.0,0.0,0.0,0.0,0.0,0.0,0.0', '0.0,0.0,0.0,0.0,0.0,0.0,0.0,0.0,0.0,0.0,0.0,0.0,0.0,0.0,0.0,0.0,0.0,0.0,0.0,0.0,0.0,0.0,0.0,0.0,0.0,0.0,0.0,0.0,0.0,0.0,0.0,0.0,0.0,0.0,0.0,0.0,0.0,0.0,0.0,0.0,0.0']
2025-06-23 14:46:31,577 - INFO - iteration 0: max error X=1.107e-03 , Y=3.589e-03
2025-06-23 14:46:39,607 - INFO - iteration 1: max error X=3.893e-05 , Y=5.059e-06
2025-06-23 14:46:47,629 - INFO - iteration 2: max error X=2.345e-06 , Y=3.794e-07
2025-06-23 14:46:47,629 - INFO - correction is finished at iteration: 2
2025-06-23 17:07:08,250 - INFO - INPUT PARAMETERS: ['correct_optimized.py', 'start_cor', 'global', '8', '10', '1', 'BPM03,BPM04,BPM05,BPM06,BPM07,BPM08,BPM09,BPM10,BPM11,BPM12,BPM13,BPM14,BPM15,BPM16,BPM17,BPM18,BPM19,BPM20,BPM21,BPM22,BPM23,BPM24,BPM25,BPM26,BPM27,BPM28,BPM29,BPM30,BPM31,BPM32,BPM33,BPM34,BPM35,BPM36,BPM37,BPM38,BPM39,BPM40,BPM41,BPM42,BPM43', '0.0,0.0,0.0,0.0,0.0,0.0,0.0,0.0,0.0,0.0,0.0,0.0,0.0,0.0,0.0,0.0,0.0,0.0,0.0,0.0,0.0,0.0,0.0,0.0,0.0,0.0,0.0,0.0,0.0,0.0,0.0,0.0,0.0,0.0,0.0,0.0,0.0,0.0,0.0,0.0,0.0', '0.0,0.0,0.0,0.0,0.0,0.0,0.0,0.0,0.0,0.0,0.0,0.0,0.0,0.0,0.0,0.0,0.0,0.0,0.0,0.0,0.0,0.0,0.0,0.0,0.0,0.0,0.0,0.0,0.0,0.0,0.0,0.0,0.0,0.0,0.0,0.0,0.0,0.0,0.0,0.0,0.0']
2025-06-23 17:07:16,342 - INFO - iteration 0: max error X=1.805e-03 , Y=3.686e-03
2025-06-23 17:07:24,373 - INFO - iteration 1: max error X=6.083e-06 , Y=5.968e-06
2025-06-23 17:07:24,373 - INFO - correction is finished at iteration: 1
2025-06-23 17:08:07,118 - INFO - INPUT PARAMETERS: ['correct_optimized.py', 'cor_off', 'BPM03,BPM04,BPM05,BPM06,BPM07,BPM08,BPM09,BPM10,BPM11,BPM12,BPM13,BPM14,BPM15,BPM16,BPM17,BPM18,BPM19,BPM20,BPM21,BPM22,BPM23,BPM24,BPM25,BPM26,BPM27,BPM28,BPM29,BPM30,BPM31,BPM32,BPM33,BPM34,BPM35,BPM36,BPM37,BPM38,BPM39,BPM40,BPM41,BPM42,BPM43']
2025-06-23 17:09:39,095 - INFO - INPUT PARAMETERS: ['correct_optimized.py', 'start_cor', 'global', '8', '10', '1', 'BPM03,BPM04,BPM05,BPM06,BPM07,BPM08,BPM09,BPM10,BPM11,BPM12,BPM13,BPM14,BPM15,BPM16,BPM17,BPM18,BPM19,BPM20,BPM21,BPM22,BPM23,BPM24,BPM25,BPM26,BPM27,BPM28,BPM29,BPM30,BPM31,BPM32,BPM33,BPM34,BPM35,BPM36,BPM37,BPM38,BPM39,BPM40,BPM41,BPM42,BPM43', '0.0,0.0,0.0,0.0,0.0,0.0,0.0,0.0,0.0,0.0,0.0,0.0,0.0,0.0,0.0,0.0,0.0,0.0,0.0,0.0,0.0,0.0,0.0,0.0,0.0,0.0,0.0,0.0,0.0,0.0,0.0,0.0,0.0,0.0,0.0,0.0,0.0,0.0,0.0,0.0,0.0', '0.0,0.0,0.0,0.0,0.0,0.0,0.0,0.0,0.0,0.0,0.0,0.0,0.0,0.0,0.0,0.0,0.0,0.0,0.0,0.0,0.0,0.0,0.0,0.0,0.0,0.0,0.0,0.0,0.0,0.0,0.0,0.0,0.0,0.0,0.0,0.0,0.0,0.0,0.0,0.0,0.0']
2025-06-23 17:09:47,195 - INFO - iteration 0: max error X=1.805e-03 , Y=3.686e-03
2025-06-23 17:09:55,225 - INFO - iteration 1: max error X=6.083e-06 , Y=5.968e-06
2025-06-23 17:09:55,226 - INFO - correction is finished at iteration: 1
2025-06-23 17:10:24,072 - INFO - INPUT PARAMETERS: ['correct_optimized.py', 'cor_off']
2025-06-23 17:29:21,435 - INFO - INPUT PARAMETERS: ['correct_optimized.py', 'start_cor', 'global', '8', '10', '1', 'BPM03,BPM04,BPM05,BPM06,BPM07,BPM08,BPM09,BPM10,BPM11,BPM12,BPM13,BPM14,BPM15,BPM16,BPM17,BPM18,BPM19,BPM20,BPM21,BPM22,BPM23,BPM24,BPM25,BPM26,BPM27,BPM28,BPM29,BPM30,BPM31,BPM32,BPM33,BPM34,BPM35,BPM36,BPM37,BPM38,BPM39,BPM40,BPM41,BPM42,BPM43', '0.0,0.0,0.0,0.0,0.5,0.0,0.0,0.0,0.0,0.4,0.0,0.5,0.0,0.0,0.2,0.4,0.0,0.0,-0.3,0.0,0.0,0.0,0.1,0.0,0.30000000000000004,0.0,0.0,0.2,0.0,0.0,0.0,0.0,0.0,0.0,0.0,0.0,0.0,0.0,0.0,0.0,0.0', '0.0,0.4,0.0,0.0,0.0,0.0,0.0,0.7999999999999999,0.0,0.0,0.0,0.0,0.0,0.0,0.2,0.0,0.0,0.0,0.0,-0.2,0.0,0.0,0.0,0.0,0.0,0.0,-0.6000000000000001,0.0,0.0,0.0,0.0,0.0,0.0,0.0,0.0,0.0,0.0,0.0,0.0,0.0,0.0']
2025-06-23 17:29:29,605 - INFO - iteration 0: max error X=1.848e-03 , Y=3.686e-03
2025-06-23 17:29:37,635 - INFO - iteration 1: max error X=1.077e-05 , Y=5.921e-06
2025-06-23 17:29:45,654 - INFO - iteration 2: max error X=1.064e-05 , Y=1.808e-07
2025-06-23 17:29:53,674 - INFO - iteration 3: max error X=1.956e-06 , Y=1.588e-07
2025-06-23 17:29:53,675 - INFO - correction is finished at iteration: 3
2025-06-23 17:30:27,829 - INFO - INPUT PARAMETERS: ['correct_optimized.py', 'cor_off']
2025-06-25 11:26:06,275 - INFO - INPUT PARAMETERS: ['correct_optimized.py', 'start_cor', 'one-to-one', '8', '10', '1', 'BPM03,BPM04,BPM05,BPM06,BPM07,BPM08,BPM09,BPM10,BPM11,BPM12,BPM13,BPM14,BPM15,BPM16,BPM17,BPM18,BPM19,BPM20,BPM21,BPM22,BPM23,BPM24,BPM25,BPM26,BPM27,BPM28,BPM29,BPM30,BPM31,BPM32,BPM33,BPM34,BPM35,BPM36,BPM37,BPM38,BPM39,BPM40,BPM41,BPM42,BPM43', '0.0,0.0,0.0,0.0,0.0,0.0,0.0,0.0,0.0,0.0,0.0,0.0,0.0,0.0,0.0,0.0,0.0,0.0,0.0,0.0,0.0,0.0,0.0,0.0,0.0,0.0,0.0,0.0,0.0,0.0,0.0,0.0,0.0,0.0,0.0,0.0,0.0,0.0,0.0,0.0,0.0', '0.0,0.0,0.0,0.0,0.0,0.0,0.0,0.0,0.0,0.0,0.0,0.0,0.0,0.0,0.0,0.0,0.0,0.0,0.0,0.0,0.0,0.0,0.0,0.0,0.0,0.0,0.0,0.0,0.0,0.0,0.0,0.0,0.0,0.0,0.0,0.0,0.0,0.0,0.0,0.0,0.0']
2025-06-25 11:26:06,358 - INFO - 开始校正: BPM03
2025-06-25 11:26:16,067 - INFO - INPUT PARAMETERS: ['correct_optimized.py', 'cor_off', 'BPM03,BPM04,BPM05,BPM06,BPM07,BPM08,BPM09,BPM10,BPM11,BPM12,BPM13,BPM14,BPM15,BPM16,BPM17,BPM18,BPM19,BPM20,BPM21,BPM22,BPM23,BPM24,BPM25,BPM26,BPM27,BPM28,BPM29,BPM30,BPM31,BPM32,BPM33,BPM34,BPM35,BPM36,BPM37,BPM38,BPM39,BPM40,BPM41,BPM42,BPM43']
2025-06-25 11:26:24,227 - INFO - INPUT PARAMETERS: ['correct_optimized.py', 'start_cor', 'global', '8', '10', '1', 'BPM03,BPM04,BPM05,BPM06,BPM07,BPM08,BPM09,BPM10,BPM11,BPM12,BPM13,BPM14,BPM15,BPM16,BPM17,BPM18,BPM19,BPM20,BPM21,BPM22,BPM23,BPM24,BPM25,BPM26,BPM27,BPM28,BPM29,BPM30,BPM31,BPM32,BPM33,BPM34,BPM35,BPM36,BPM37,BPM38,BPM39,BPM40,BPM41,BPM42,BPM43', '0.0,0.0,0.0,0.0,0.0,0.0,0.0,0.0,0.0,0.0,0.0,0.0,0.0,0.0,0.0,0.0,0.0,0.0,0.0,0.0,0.0,0.0,0.0,0.0,0.0,0.0,0.0,0.0,0.0,0.0,0.0,0.0,0.0,0.0,0.0,0.0,0.0,0.0,0.0,0.0,0.0', '0.0,0.0,0.0,0.0,0.0,0.0,0.0,0.0,0.0,0.0,0.0,0.0,0.0,0.0,0.0,0.0,0.0,0.0,0.0,0.0,0.0,0.0,0.0,0.0,0.0,0.0,0.0,0.0,0.0,0.0,0.0,0.0,0.0,0.0,0.0,0.0,0.0,0.0,0.0,0.0,0.0']
2025-06-25 11:26:32,383 - INFO - iteration 0: max error X=1.656e-03 , Y=5.077e-03
2025-06-25 11:26:40,412 - INFO - iteration 1: max error X=2.508e-05 , Y=2.870e-06
2025-06-25 11:26:48,432 - INFO - iteration 2: max error X=3.511e-06 , Y=4.980e-07
2025-06-25 11:26:48,432 - INFO - correction is finished at iteration: 2
2025-06-25 11:34:24,474 - INFO - INPUT PARAMETERS: ['correct_optimized.py', 'cor_off']
2025-06-25 11:34:50,213 - INFO - INPUT PARAMETERS: ['correct_optimized.py', 'start_cor', 'one-to-one', '8', '10', '1', 'BPM03,BPM04,BPM05,BPM06,BPM07,BPM08,BPM09,BPM10,BPM11,BPM12,BPM13,BPM14,BPM15,BPM16,BPM17,BPM18,BPM19,BPM20,BPM21,BPM22,BPM23,BPM24,BPM25,BPM26,BPM27,BPM28,BPM29,BPM30,BPM31,BPM32,BPM33,BPM34,BPM35,BPM36,BPM37,BPM38,BPM39,BPM40,BPM41,BPM42,BPM43', '0.0,0.0,0.0,0.0,0.0,0.0,0.0,0.0,0.0,0.0,0.0,0.0,0.0,0.0,0.0,0.0,0.0,0.0,0.0,0.0,0.0,0.0,0.0,0.0,0.0,0.0,0.0,0.0,0.0,0.0,0.0,0.0,0.0,0.0,0.0,0.0,0.0,0.0,0.0,0.0,0.0', '0.0,0.0,0.0,0.0,0.0,0.0,0.0,0.0,0.0,0.0,0.0,0.0,0.0,0.0,0.0,0.0,0.0,0.0,0.0,0.0,0.0,0.0,0.0,0.0,0.0,0.0,0.0,0.0,0.0,0.0,0.0,0.0,0.0,0.0,0.0,0.0,0.0,0.0,0.0,0.0,0.0']
2025-06-25 11:34:50,288 - INFO - 开始校正: BPM03
2025-06-25 11:35:06,289 - INFO - response coefficient: Rx=0.411, Ry=5.674
2025-06-25 11:35:14,290 - INFO - correction finished: BPM03
2025-06-25 11:35:14,290 - INFO - corrector: (-0.000, -0.000)
2025-06-25 11:35:14,290 - INFO - BPM: (-4.395e-06, -4.690e-07)
2025-06-25 11:35:14,290 - INFO - 开始校正: BPM04
2025-06-25 11:35:30,290 - INFO - response coefficient: Rx=1.113, Ry=3.467
2025-06-25 11:35:38,291 - INFO - correction finished: BPM04
2025-06-25 11:35:38,291 - INFO - corrector: (0.000, 0.000)
2025-06-25 11:35:38,291 - INFO - BPM: (2.374e-13, -1.040e-11)
2025-06-25 11:35:38,291 - INFO - 开始校正: BPM05
2025-06-25 11:35:54,292 - INFO - response coefficient: Rx=1.726, Ry=0.750
2025-06-25 11:36:02,293 - INFO - correction finished: BPM05
2025-06-25 11:36:02,293 - INFO - corrector: (-0.000, 0.000)
2025-06-25 11:36:02,293 - INFO - BPM: (-5.353e-06, 9.272e-06)
2025-06-25 11:36:02,293 - INFO - 开始校正: BPM06
2025-06-25 11:36:18,294 - INFO - response coefficient: Rx=3.356, Ry=3.023
2025-06-25 11:36:26,295 - INFO - correction finished: BPM06
2025-06-25 11:36:26,295 - INFO - corrector: (-0.000, 0.000)
2025-06-25 11:36:26,295 - INFO - BPM: (2.909e-09, -3.194e-09)
2025-06-25 11:36:26,295 - INFO - 开始校正: BPM07
2025-06-25 11:36:42,296 - INFO - response coefficient: Rx=6.533, Ry=2.131
2025-06-25 11:36:50,296 - INFO - correction finished: BPM07
2025-06-25 11:36:50,296 - INFO - corrector: (-0.000, 0.000)
2025-06-25 11:36:50,296 - INFO - BPM: (1.109e-12, 1.960e-13)
2025-06-25 11:36:50,296 - INFO - 开始校正: BPM08
2025-06-25 11:37:06,297 - INFO - response coefficient: Rx=6.271, Ry=5.614
2025-06-25 11:37:14,298 - INFO - correction finished: BPM08
2025-06-25 11:37:14,298 - INFO - corrector: (0.000, 0.000)
2025-06-25 11:37:14,298 - INFO - BPM: (-1.681e-12, 4.100e-12)
2025-06-25 11:37:14,298 - INFO - 开始校正: BPM09
2025-06-25 11:37:30,299 - INFO - response coefficient: Rx=4.642, Ry=8.259
2025-06-25 11:37:38,299 - INFO - correction finished: BPM09
2025-06-25 11:37:38,299 - INFO - corrector: (-0.000, -0.000)
2025-06-25 11:37:38,299 - INFO - BPM: (9.053e-13, 1.125e-12)
2025-06-25 11:37:38,299 - INFO - 开始校正: BPM10
2025-06-25 11:37:54,300 - INFO - response coefficient: Rx=4.610, Ry=2.906
2025-06-25 11:38:02,301 - INFO - correction finished: BPM10
2025-06-25 11:38:02,301 - INFO - corrector: (0.000, 0.000)
2025-06-25 11:38:02,301 - INFO - BPM: (6.676e-15, 3.407e-15)
2025-06-25 11:38:02,301 - INFO - 开始校正: BPM11
2025-06-25 11:38:18,302 - INFO - response coefficient: Rx=1.476, Ry=1.423
2025-06-25 11:38:26,302 - INFO - correction finished: BPM11
2025-06-25 11:38:26,302 - INFO - corrector: (0.000, 0.000)
2025-06-25 11:38:26,302 - INFO - BPM: (5.762e-15, 6.697e-16)
2025-06-25 11:38:26,303 - INFO - 开始校正: BPM12
2025-06-25 11:38:42,303 - INFO - response coefficient: Rx=10.069, Ry=10.201
2025-06-25 11:38:50,304 - INFO - correction finished: BPM12
2025-06-25 11:38:50,304 - INFO - corrector: (-0.000, -0.000)
2025-06-25 11:38:50,304 - INFO - BPM: (3.594e-12, 4.563e-12)
2025-06-25 11:38:50,304 - INFO - 开始校正: BPM13
2025-06-25 11:39:06,306 - INFO - response coefficient: Rx=11.758, Ry=11.606
2025-06-25 11:39:14,306 - INFO - correction finished: BPM13
2025-06-25 11:39:14,307 - INFO - corrector: (-0.000, -0.000)
2025-06-25 11:39:14,307 - INFO - BPM: (1.788e-12, -1.209e-12)
2025-06-25 11:39:14,307 - INFO - 开始校正: BPM14
2025-06-25 11:39:30,308 - INFO - response coefficient: Rx=12.275, Ry=12.436
2025-06-25 11:39:38,308 - INFO - correction finished: BPM14
2025-06-25 11:39:38,308 - INFO - corrector: (-0.000, 0.000)
2025-06-25 11:39:38,309 - INFO - BPM: (-5.756e-12, 3.414e-12)
2025-06-25 11:39:38,309 - INFO - 开始校正: BPM15
2025-06-25 11:39:54,309 - INFO - response coefficient: Rx=12.817, Ry=12.652
2025-06-25 11:40:02,310 - INFO - correction finished: BPM15
2025-06-25 11:40:02,310 - INFO - corrector: (0.000, 0.000)
2025-06-25 11:40:02,310 - INFO - BPM: (2.377e-13, 1.103e-12)
2025-06-25 11:40:02,310 - INFO - 开始校正: BPM16
2025-06-25 11:40:18,311 - INFO - response coefficient: Rx=12.893, Ry=13.062
2025-06-25 11:40:26,311 - INFO - correction finished: BPM16
2025-06-25 11:40:26,311 - INFO - corrector: (-0.000, -0.000)
2025-06-25 11:40:26,311 - INFO - BPM: (-8.070e-14, 1.955e-13)
2025-06-25 11:40:26,311 - INFO - 开始校正: BPM17
2025-06-25 11:40:42,312 - INFO - response coefficient: Rx=13.232, Ry=13.061
2025-06-25 11:40:50,313 - INFO - correction finished: BPM17
2025-06-25 11:40:50,313 - INFO - corrector: (-0.000, -0.000)
2025-06-25 11:40:50,313 - INFO - BPM: (6.791e-14, -3.968e-13)
2025-06-25 11:40:50,313 - INFO - 开始校正: BPM18
2025-06-25 11:41:06,314 - INFO - response coefficient: Rx=13.185, Ry=13.357
2025-06-25 11:41:14,314 - INFO - correction finished: BPM18
2025-06-25 11:41:14,314 - INFO - corrector: (-0.000, -0.000)
2025-06-25 11:41:14,314 - INFO - BPM: (-1.048e-14, -3.038e-13)
2025-06-25 11:41:14,314 - INFO - 开始校正: BPM19
2025-06-25 11:41:30,315 - INFO - response coefficient: Rx=13.454, Ry=13.280
2025-06-25 11:41:38,316 - INFO - correction finished: BPM19
2025-06-25 11:41:38,316 - INFO - corrector: (0.000, 0.000)
2025-06-25 11:41:38,316 - INFO - BPM: (-1.370e-13, -4.737e-14)
2025-06-25 11:41:38,316 - INFO - 开始校正: BPM20
2025-06-25 11:41:54,316 - INFO - response coefficient: Rx=15.004, Ry=14.569
2025-06-25 11:42:02,317 - INFO - correction finished: BPM20
2025-06-25 11:42:02,317 - INFO - corrector: (0.000, 0.000)
2025-06-25 11:42:02,317 - INFO - BPM: (4.175e-14, -5.364e-13)
2025-06-25 11:42:02,317 - INFO - 开始校正: BPM21
2025-06-25 11:42:18,318 - INFO - response coefficient: Rx=14.228, Ry=13.867
2025-06-25 11:42:26,319 - INFO - correction finished: BPM21
2025-06-25 11:42:26,319 - INFO - corrector: (-0.000, 0.000)
2025-06-25 11:42:26,319 - INFO - BPM: (7.295e-13, 1.942e-13)
2025-06-25 11:42:26,319 - INFO - 开始校正: BPM22
2025-06-25 11:42:42,320 - INFO - response coefficient: Rx=1.980, Ry=3.700
2025-06-25 11:42:50,320 - INFO - correction finished: BPM22
2025-06-25 11:42:50,320 - INFO - corrector: (0.000, -0.000)
2025-06-25 11:42:50,320 - INFO - BPM: (7.540e-14, 5.194e-15)
2025-06-25 11:42:50,320 - INFO - 开始校正: BPM23
2025-06-25 11:43:06,321 - INFO - response coefficient: Rx=2.454, Ry=8.959
2025-06-25 11:43:14,322 - INFO - correction finished: BPM23
2025-06-25 11:43:14,322 - INFO - corrector: (0.000, -0.000)
2025-06-25 11:43:14,322 - INFO - BPM: (-2.145e-11, -1.349e-10)
2025-06-25 11:43:14,322 - INFO - 开始校正: BPM24
2025-06-25 11:43:30,323 - INFO - response coefficient: Rx=13.366, Ry=10.260
2025-06-25 11:43:38,323 - INFO - correction finished: BPM24
2025-06-25 11:43:38,323 - INFO - corrector: (0.000, -0.000)
2025-06-25 11:43:38,323 - INFO - BPM: (2.755e-08, 7.908e-09)
2025-06-25 11:43:38,323 - INFO - 开始校正: BPM25
2025-06-25 11:43:54,324 - INFO - response coefficient: Rx=3.534, Ry=7.882
2025-06-25 11:44:02,325 - INFO - correction finished: BPM25
2025-06-25 11:44:02,325 - INFO - corrector: (0.000, -0.000)
2025-06-25 11:44:02,325 - INFO - BPM: (4.626e-07, 2.246e-08)
2025-06-25 11:44:02,325 - INFO - 开始校正: BPM26
2025-06-25 11:44:18,325 - INFO - response coefficient: Rx=1.684, Ry=3.257
2025-06-25 11:44:26,326 - INFO - correction finished: BPM26
2025-06-25 11:44:26,326 - INFO - corrector: (0.000, -0.000)
2025-06-25 11:44:26,326 - INFO - BPM: (-1.335e-13, 1.930e-13)
2025-06-25 11:44:26,326 - INFO - 开始校正: BPM27
2025-06-25 11:44:42,327 - INFO - response coefficient: Rx=7.698, Ry=7.408
2025-06-25 11:44:50,327 - INFO - correction finished: BPM27
2025-06-25 11:44:50,328 - INFO - corrector: (0.000, -0.000)
2025-06-25 11:44:50,328 - INFO - BPM: (1.697e-15, -3.772e-15)
2025-06-25 11:44:50,328 - INFO - 开始校正: BPM28
2025-06-25 11:45:06,328 - INFO - response coefficient: Rx=12.343, Ry=12.207
2025-06-25 11:45:14,329 - INFO - correction finished: BPM28
2025-06-25 11:45:14,329 - INFO - corrector: (0.000, -0.000)
2025-06-25 11:45:14,329 - INFO - BPM: (9.073e-15, -2.122e-15)
2025-06-25 11:45:14,329 - INFO - 开始校正: BPM29
2025-06-25 11:45:30,330 - INFO - response coefficient: Rx=12.110, Ry=12.290
2025-06-25 11:45:38,331 - INFO - correction finished: BPM29
2025-06-25 11:45:38,331 - INFO - corrector: (0.000, 0.000)
2025-06-25 11:45:38,331 - INFO - BPM: (4.949e-17, -1.119e-17)
2025-06-25 11:45:38,331 - INFO - 开始校正: BPM30
2025-06-25 11:45:54,332 - INFO - response coefficient: Rx=12.290, Ry=12.110
2025-06-25 11:46:02,332 - INFO - correction finished: BPM30
2025-06-25 11:46:02,332 - INFO - corrector: (-0.000, 0.000)
2025-06-25 11:46:02,332 - INFO - BPM: (8.485e-16, -6.280e-18)
2025-06-25 11:46:02,332 - INFO - 开始校正: BPM31
2025-06-25 11:46:18,333 - INFO - response coefficient: Rx=12.110, Ry=12.290
2025-06-25 11:46:26,333 - INFO - correction finished: BPM31
2025-06-25 11:46:26,334 - INFO - corrector: (-0.000, -0.000)
2025-06-25 11:46:26,334 - INFO - BPM: (-4.677e-17, 2.854e-16)
2025-06-25 11:46:26,334 - INFO - 开始校正: BPM32
2025-06-25 11:46:42,334 - INFO - response coefficient: Rx=12.290, Ry=12.110
2025-06-25 11:46:50,335 - INFO - correction finished: BPM32
2025-06-25 11:46:50,335 - INFO - corrector: (0.000, 0.000)
2025-06-25 11:46:50,335 - INFO - BPM: (-3.209e-16, 7.910e-17)
2025-06-25 11:46:50,335 - INFO - 开始校正: BPM33
2025-06-25 11:47:06,336 - INFO - response coefficient: Rx=12.110, Ry=12.290
2025-06-25 11:47:14,336 - INFO - correction finished: BPM33
2025-06-25 11:47:14,337 - INFO - corrector: (-0.000, 0.000)
2025-06-25 11:47:14,337 - INFO - BPM: (-8.004e-16, 2.763e-17)
2025-06-25 11:47:14,337 - INFO - 开始校正: BPM34
2025-06-25 11:47:30,337 - INFO - response coefficient: Rx=3.185, Ry=4.568
2025-06-25 11:47:38,338 - INFO - correction finished: BPM34
2025-06-25 11:47:38,338 - INFO - corrector: (0.000, 0.000)
2025-06-25 11:47:38,338 - INFO - BPM: (1.002e-14, 1.249e-14)
2025-06-25 11:47:38,338 - INFO - 开始校正: BPM35
2025-06-25 11:47:54,339 - INFO - response coefficient: Rx=1.926, Ry=1.924
2025-06-25 11:48:02,339 - INFO - correction finished: BPM35
2025-06-25 11:48:02,339 - INFO - corrector: (0.000, -0.000)
2025-06-25 11:48:02,339 - INFO - BPM: (-1.881e-15, 1.588e-16)
2025-06-25 11:48:02,339 - INFO - 开始校正: BPM36
2025-06-25 11:48:18,340 - INFO - response coefficient: Rx=1.492, Ry=2.266
2025-06-25 11:48:26,341 - INFO - correction finished: BPM36
2025-06-25 11:48:26,341 - INFO - corrector: (-0.000, -0.000)
2025-06-25 11:48:26,341 - INFO - BPM: (8.000e-14, 4.044e-14)
2025-06-25 11:48:26,341 - INFO - 开始校正: BPM37
2025-06-25 11:48:42,342 - INFO - response coefficient: Rx=3.947, Ry=3.944
2025-06-25 11:48:50,342 - INFO - correction finished: BPM37
2025-06-25 11:48:50,342 - INFO - corrector: (-0.000, 0.000)
2025-06-25 11:48:50,342 - INFO - BPM: (1.749e-10, 1.389e-11)
2025-06-25 11:48:50,342 - INFO - 开始校正: BPM38
2025-06-25 11:49:06,343 - INFO - response coefficient: Rx=4.606, Ry=3.649
2025-06-25 11:49:14,344 - INFO - correction finished: BPM38
2025-06-25 11:49:14,344 - INFO - corrector: (0.000, 0.000)
2025-06-25 11:49:14,344 - INFO - BPM: (4.027e-11, -1.446e-11)
2025-06-25 11:49:14,344 - INFO - 开始校正: BPM39
2025-06-25 11:49:30,344 - INFO - response coefficient: Rx=1.289, Ry=3.499
2025-06-25 11:49:38,345 - INFO - correction finished: BPM39
2025-06-25 11:49:38,345 - INFO - corrector: (-0.000, 0.000)
2025-06-25 11:49:38,345 - INFO - BPM: (1.987e-10, -9.808e-11)
2025-06-25 11:49:38,345 - INFO - 开始校正: BPM40
2025-06-25 11:49:54,346 - INFO - response coefficient: Rx=1.649, Ry=1.260
2025-06-25 11:50:02,346 - INFO - correction finished: BPM40
2025-06-25 11:50:02,347 - INFO - corrector: (0.000, -0.000)
2025-06-25 11:50:02,347 - INFO - BPM: (1.291e-12, -7.645e-12)
2025-06-25 11:50:02,347 - INFO - 开始校正: BPM41
2025-06-25 11:50:18,347 - INFO - response coefficient: Rx=1.529, Ry=3.303
2025-06-25 11:50:26,348 - INFO - correction finished: BPM41
2025-06-25 11:50:26,348 - INFO - corrector: (-0.000, -0.000)
2025-06-25 11:50:26,348 - INFO - BPM: (6.477e-11, -1.875e-11)
2025-06-25 11:50:26,348 - INFO - 开始校正: BPM42
2025-06-25 11:50:42,349 - INFO - response coefficient: Rx=3.891, Ry=4.066
2025-06-25 11:50:50,349 - INFO - correction finished: BPM42
2025-06-25 11:50:50,349 - INFO - corrector: (0.000, 0.000)
2025-06-25 11:50:50,350 - INFO - BPM: (5.729e-09, 5.287e-10)
2025-06-25 11:50:50,350 - INFO - 开始校正: BPM43
2025-06-25 11:51:06,350 - INFO - response coefficient: Rx=1.725, Ry=1.725
2025-06-25 11:51:14,351 - INFO - correction finished: BPM43
2025-06-25 11:51:14,351 - INFO - corrector: (0.000, 0.000)
2025-06-25 11:51:14,351 - INFO - BPM: (9.103e-20, -1.295e-20)
2025-06-25 11:52:33,974 - INFO - INPUT PARAMETERS: ['correct_optimized.py', 'cor_off']
2025-06-25 11:53:17,737 - INFO - INPUT PARAMETERS: ['correct_optimized.py', 'start_cor', 'one-to-one', '8', '10', '1', 'BPM06,BPM07,BPM08,BPM09,BPM10', '0.0,0.0,0.0,0.0,0.0', '0.0,0.0,0.0,0.0,0.0']
2025-06-25 11:53:17,776 - INFO - 开始校正: BPM06
2025-06-25 11:53:33,777 - INFO - response coefficient: Rx=3.356, Ry=3.024
2025-06-25 11:53:41,777 - INFO - correction finished: BPM06
2025-06-25 11:53:41,777 - INFO - corrector: (-0.000, 0.000)
2025-06-25 11:53:41,777 - INFO - BPM: (-6.062e-08, -1.320e-07)
2025-06-25 11:53:41,777 - INFO - 开始校正: BPM07
2025-06-25 11:53:57,778 - INFO - response coefficient: Rx=6.533, Ry=2.131
2025-06-25 11:54:05,779 - INFO - correction finished: BPM07
2025-06-25 11:54:05,779 - INFO - corrector: (-0.000, -0.000)
2025-06-25 11:54:05,779 - INFO - BPM: (-2.313e-12, -1.566e-11)
2025-06-25 11:54:05,779 - INFO - 开始校正: BPM08
2025-06-25 11:54:21,780 - INFO - response coefficient: Rx=6.271, Ry=5.615
2025-06-25 11:54:29,780 - INFO - correction finished: BPM08
2025-06-25 11:54:29,780 - INFO - corrector: (0.000, 0.000)
2025-06-25 11:54:29,780 - INFO - BPM: (5.793e-12, -4.354e-12)
2025-06-25 11:54:29,780 - INFO - 开始校正: BPM09
2025-06-25 11:54:45,781 - INFO - response coefficient: Rx=4.642, Ry=8.259
2025-06-25 11:54:53,782 - INFO - correction finished: BPM09
2025-06-25 11:54:53,782 - INFO - corrector: (-0.000, -0.000)
2025-06-25 11:54:53,782 - INFO - BPM: (9.056e-13, 1.125e-12)
2025-06-25 11:54:53,782 - INFO - 开始校正: BPM10
2025-06-25 11:55:09,782 - INFO - response coefficient: Rx=4.610, Ry=2.906
2025-06-25 11:55:17,783 - INFO - correction finished: BPM10
2025-06-25 11:55:17,783 - INFO - corrector: (0.000, 0.000)
2025-06-25 11:55:17,783 - INFO - BPM: (7.041e-15, 3.034e-15)
