2025-06-13 21:19:33,577 - INFO - ResponseMatrixCalculator initialized
2025-06-13 21:19:33,578 - INFO - Starting response matrix calculation
2025-06-13 21:19:33,578 - INFO - Processing X corrector 1/41: HALF:IN:COR:XC03:ao
2025-06-13 21:20:29,684 - INFO - Processing X corrector 2/41: HALF:IN:COR:XC04:ao
2025-06-13 21:21:25,724 - INFO - Processing X corrector 3/41: HALF:IN:COR:XC05:ao
2025-06-13 21:22:21,777 - INFO - Processing X corrector 4/41: HALF:IN:COR:XC06:ao
2025-06-13 21:23:17,811 - INFO - Processing X corrector 5/41: HALF:IN:COR:XC07:ao
2025-06-13 21:24:13,840 - INFO - Processing X corrector 6/41: HALF:IN:COR:XC08:ao
2025-06-13 21:25:09,869 - INFO - Processing X corrector 7/41: HALF:IN:COR:XC09:ao
2025-06-13 21:26:05,920 - INFO - Processing X corrector 8/41: HALF:IN:COR:XC10:ao
2025-06-13 21:27:01,949 - INFO - Processing X corrector 9/41: HALF:IN:COR:XC11:ao
2025-06-13 21:27:57,978 - INFO - Processing X corrector 10/41: HALF:IN:COR:XC12:ao
2025-06-13 21:28:54,033 - INFO - Processing X corrector 11/41: HALF:IN:COR:XC13:ao
2025-06-13 21:29:50,061 - INFO - Processing X corrector 12/41: HALF:IN:COR:XC14:ao
2025-06-13 21:30:46,114 - INFO - Processing X corrector 13/41: HALF:IN:COR:XC15:ao
2025-06-13 21:31:42,166 - INFO - Processing X corrector 14/41: HALF:IN:COR:XC16:ao
2025-06-13 21:32:38,195 - INFO - Processing X corrector 15/41: HALF:IN:COR:XC17:ao
2025-06-13 21:33:34,224 - INFO - Processing X corrector 16/41: HALF:IN:COR:XC18:ao
2025-06-13 21:34:30,254 - INFO - Processing X corrector 17/41: HALF:IN:COR:XC19:ao
2025-06-13 21:35:26,285 - INFO - Processing X corrector 18/41: HALF:IN:COR:XC20:ao
2025-06-13 21:36:22,320 - INFO - Processing X corrector 19/41: HALF:IN:COR:XC21:ao
2025-06-13 21:37:18,352 - INFO - Processing X corrector 20/41: HALF:IN:COR:XC22:ao
2025-06-13 21:38:14,386 - INFO - Processing X corrector 21/41: HALF:IN:COR:XC23:ao
2025-06-13 21:39:10,419 - INFO - Processing X corrector 22/41: HALF:IN:COR:XC24:ao
2025-06-13 21:40:06,449 - INFO - Processing X corrector 23/41: HALF:IN:COR:XC25:ao
2025-06-13 21:41:02,482 - INFO - Processing X corrector 24/41: HALF:IN:COR:XC26:ao
2025-06-13 21:41:58,519 - INFO - Processing X corrector 25/41: HALF:IN:COR:XC27:ao
2025-06-13 21:42:54,553 - INFO - Processing X corrector 26/41: HALF:IN:COR:XC28:ao
2025-06-13 21:43:50,606 - INFO - Processing X corrector 27/41: HALF:IN:COR:XC29:ao
2025-06-13 21:44:46,636 - INFO - Processing X corrector 28/41: HALF:IN:COR:XC30:ao
2025-06-13 21:45:42,663 - INFO - Processing X corrector 29/41: HALF:IN:COR:XC31:ao
2025-06-13 21:46:38,692 - INFO - Processing X corrector 30/41: HALF:IN:COR:XC32:ao
2025-06-13 21:47:34,721 - INFO - Processing X corrector 31/41: HALF:IN:COR:XC33:ao
2025-06-13 21:48:30,753 - INFO - Processing X corrector 32/41: HALF:IN:COR:XC34:ao
2025-06-13 21:49:26,783 - INFO - Processing X corrector 33/41: HALF:IN:COR:XC35:ao
2025-06-13 21:50:22,816 - INFO - Processing X corrector 34/41: HALF:IN:COR:XC36:ao
2025-06-13 21:51:18,848 - INFO - Processing X corrector 35/41: HALF:IN:COR:XC37:ao
2025-06-13 21:52:14,877 - INFO - Processing X corrector 36/41: HALF:IN:COR:XC38:ao
2025-06-13 21:53:10,908 - INFO - Processing X corrector 37/41: HALF:IN:COR:XC39:ao
2025-06-13 21:54:06,961 - INFO - Processing X corrector 38/41: HALF:IN:COR:XC40:ao
2025-06-13 21:55:02,989 - INFO - Processing X corrector 39/41: HALF:IN:COR:XC41:ao
2025-06-13 21:55:59,019 - INFO - Processing X corrector 40/41: HALF:IN:COR:XC42:ao
2025-06-13 21:56:55,055 - INFO - Processing X corrector 41/41: HALF:IN:COR:XC43:ao
2025-06-13 21:57:51,086 - INFO - Processing Y corrector 1/41: HALF:IN:COR:YC03:ao
2025-06-13 21:58:47,118 - INFO - Processing Y corrector 2/41: HALF:IN:COR:YC04:ao
2025-06-13 21:59:43,155 - INFO - Processing Y corrector 3/41: HALF:IN:COR:YC05:ao
2025-06-13 22:00:39,189 - INFO - Processing Y corrector 4/41: HALF:IN:COR:YC06:ao
2025-06-13 22:01:35,231 - INFO - Processing Y corrector 5/41: HALF:IN:COR:YC07:ao
2025-06-14 11:59:25,313 - INFO - ResponseMatrixCalculator initialized
2025-06-14 11:59:25,313 - INFO - Starting response matrix calculation
2025-06-14 11:59:25,313 - INFO - Processing X corrector 1/41: HALF:IN:COR:XC03:ao
2025-06-14 11:59:49,404 - INFO - Processing X corrector 2/41: HALF:IN:COR:XC04:ao
2025-06-14 12:00:13,425 - INFO - Processing X corrector 3/41: HALF:IN:COR:XC05:ao
2025-06-14 12:00:37,444 - INFO - Processing X corrector 4/41: HALF:IN:COR:XC06:ao
2025-06-14 12:01:01,458 - INFO - Processing X corrector 5/41: HALF:IN:COR:XC07:ao
2025-06-14 12:01:25,479 - INFO - Processing X corrector 6/41: HALF:IN:COR:XC08:ao
2025-06-14 12:01:49,493 - INFO - Processing X corrector 7/41: HALF:IN:COR:XC09:ao
2025-06-14 12:02:13,506 - INFO - Processing X corrector 8/41: HALF:IN:COR:XC10:ao
2025-06-14 12:02:37,523 - INFO - Processing X corrector 9/41: HALF:IN:COR:XC11:ao
2025-06-14 12:03:01,535 - INFO - Processing X corrector 10/41: HALF:IN:COR:XC12:ao
2025-06-14 12:03:25,550 - INFO - Processing X corrector 11/41: HALF:IN:COR:XC13:ao
2025-06-14 12:03:49,587 - INFO - Processing X corrector 12/41: HALF:IN:COR:XC14:ao
2025-06-14 12:04:13,623 - INFO - Processing X corrector 13/41: HALF:IN:COR:XC15:ao
2025-06-14 12:04:37,638 - INFO - Processing X corrector 14/41: HALF:IN:COR:XC16:ao
2025-06-14 12:05:01,658 - INFO - Processing X corrector 15/41: HALF:IN:COR:XC17:ao
2025-06-14 12:05:25,676 - INFO - Processing X corrector 16/41: HALF:IN:COR:XC18:ao
2025-06-14 12:05:49,695 - INFO - Processing X corrector 17/41: HALF:IN:COR:XC19:ao
2025-06-14 12:06:13,716 - INFO - Processing X corrector 18/41: HALF:IN:COR:XC20:ao
2025-06-14 12:06:37,736 - INFO - Processing X corrector 19/41: HALF:IN:COR:XC21:ao
2025-06-14 12:07:01,754 - INFO - Processing X corrector 20/41: HALF:IN:COR:XC22:ao
2025-06-14 12:07:25,773 - INFO - Processing X corrector 21/41: HALF:IN:COR:XC23:ao
2025-06-14 12:07:49,795 - INFO - Processing X corrector 22/41: HALF:IN:COR:XC24:ao
2025-06-14 12:08:13,812 - INFO - Processing X corrector 23/41: HALF:IN:COR:XC25:ao
2025-06-14 12:08:37,829 - INFO - Processing X corrector 24/41: HALF:IN:COR:XC26:ao
2025-06-14 12:09:01,850 - INFO - Processing X corrector 25/41: HALF:IN:COR:XC27:ao
2025-06-14 12:09:25,868 - INFO - Processing X corrector 26/41: HALF:IN:COR:XC28:ao
2025-06-14 12:09:49,885 - INFO - Processing X corrector 27/41: HALF:IN:COR:XC29:ao
2025-06-14 12:10:13,901 - INFO - Processing X corrector 28/41: HALF:IN:COR:XC30:ao
2025-06-14 12:10:37,913 - INFO - Processing X corrector 29/41: HALF:IN:COR:XC31:ao
2025-06-14 12:11:01,930 - INFO - Processing X corrector 30/41: HALF:IN:COR:XC32:ao
2025-06-14 12:11:25,949 - INFO - Processing X corrector 31/41: HALF:IN:COR:XC33:ao
2025-06-14 12:11:49,967 - INFO - Processing X corrector 32/41: HALF:IN:COR:XC34:ao
2025-06-14 12:12:13,988 - INFO - Processing X corrector 33/41: HALF:IN:COR:XC35:ao
2025-06-14 12:12:38,009 - INFO - Processing X corrector 34/41: HALF:IN:COR:XC36:ao
2025-06-14 12:13:02,028 - INFO - Processing X corrector 35/41: HALF:IN:COR:XC37:ao
2025-06-14 12:13:26,047 - INFO - Processing X corrector 36/41: HALF:IN:COR:XC38:ao
2025-06-14 12:13:50,063 - INFO - Processing X corrector 37/41: HALF:IN:COR:XC39:ao
2025-06-14 12:14:14,077 - INFO - Processing X corrector 38/41: HALF:IN:COR:XC40:ao
2025-06-14 12:14:38,098 - INFO - Processing X corrector 39/41: HALF:IN:COR:XC41:ao
2025-06-14 12:15:02,119 - INFO - Processing X corrector 40/41: HALF:IN:COR:XC42:ao
2025-06-14 12:15:26,141 - INFO - Processing X corrector 41/41: HALF:IN:COR:XC43:ao
2025-06-14 12:15:50,160 - INFO - Processing Y corrector 1/41: HALF:IN:COR:YC03:ao
2025-06-14 12:16:14,177 - INFO - Processing Y corrector 2/41: HALF:IN:COR:YC04:ao
2025-06-14 12:16:38,193 - INFO - Processing Y corrector 3/41: HALF:IN:COR:YC05:ao
2025-06-14 12:17:02,211 - INFO - Processing Y corrector 4/41: HALF:IN:COR:YC06:ao
2025-06-14 12:17:26,232 - INFO - Processing Y corrector 5/41: HALF:IN:COR:YC07:ao
2025-06-14 12:17:50,250 - INFO - Processing Y corrector 6/41: HALF:IN:COR:YC08:ao
2025-06-14 12:18:14,269 - INFO - Processing Y corrector 7/41: HALF:IN:COR:YC09:ao
2025-06-14 12:18:38,289 - INFO - Processing Y corrector 8/41: HALF:IN:COR:YC10:ao
2025-06-14 12:19:02,309 - INFO - Processing Y corrector 9/41: HALF:IN:COR:YC11:ao
2025-06-14 12:19:26,329 - INFO - Processing Y corrector 10/41: HALF:IN:COR:YC12:ao
2025-06-14 12:19:50,351 - INFO - Processing Y corrector 11/41: HALF:IN:COR:YC13:ao
2025-06-14 12:20:14,365 - INFO - Processing Y corrector 12/41: HALF:IN:COR:YC14:ao
2025-06-14 12:20:38,383 - INFO - Processing Y corrector 13/41: HALF:IN:COR:YC15:ao
2025-06-14 12:21:02,398 - INFO - Processing Y corrector 14/41: HALF:IN:COR:YC16:ao
2025-06-14 12:21:26,416 - INFO - Processing Y corrector 15/41: HALF:IN:COR:YC17:ao
2025-06-14 12:21:50,434 - INFO - Processing Y corrector 16/41: HALF:IN:COR:YC18:ao
2025-06-14 12:22:14,450 - INFO - Processing Y corrector 17/41: HALF:IN:COR:YC19:ao
2025-06-14 12:22:38,465 - INFO - Processing Y corrector 18/41: HALF:IN:COR:YC20:ao
2025-06-14 12:23:02,482 - INFO - Processing Y corrector 19/41: HALF:IN:COR:YC21:ao
2025-06-14 12:23:26,496 - INFO - Processing Y corrector 20/41: HALF:IN:COR:YC22:ao
2025-06-14 12:23:50,514 - INFO - Processing Y corrector 21/41: HALF:IN:COR:YC23:ao
2025-06-14 12:24:14,529 - INFO - Processing Y corrector 22/41: HALF:IN:COR:YC24:ao
2025-06-14 12:24:38,542 - INFO - Processing Y corrector 23/41: HALF:IN:COR:YC25:ao
2025-06-14 12:25:02,559 - INFO - Processing Y corrector 24/41: HALF:IN:COR:YC26:ao
2025-06-14 12:25:26,576 - INFO - Processing Y corrector 25/41: HALF:IN:COR:YC27:ao
2025-06-14 12:25:50,594 - INFO - Processing Y corrector 26/41: HALF:IN:COR:YC28:ao
2025-06-14 12:26:14,612 - INFO - Processing Y corrector 27/41: HALF:IN:COR:YC29:ao
2025-06-14 12:26:38,631 - INFO - Processing Y corrector 28/41: HALF:IN:COR:YC30:ao
2025-06-14 12:27:02,646 - INFO - Processing Y corrector 29/41: HALF:IN:COR:YC31:ao
2025-06-14 12:27:26,661 - INFO - Processing Y corrector 30/41: HALF:IN:COR:YC32:ao
2025-06-14 12:27:50,677 - INFO - Processing Y corrector 31/41: HALF:IN:COR:YC33:ao
2025-06-14 12:28:14,695 - INFO - Processing Y corrector 32/41: HALF:IN:COR:YC34:ao
2025-06-14 12:28:38,712 - INFO - Processing Y corrector 33/41: HALF:IN:COR:YC35:ao
2025-06-14 12:29:02,729 - INFO - Processing Y corrector 34/41: HALF:IN:COR:YC36:ao
2025-06-14 12:29:26,750 - INFO - Processing Y corrector 35/41: HALF:IN:COR:YC37:ao
2025-06-14 12:29:50,767 - INFO - Processing Y corrector 36/41: HALF:IN:COR:YC38:ao
2025-06-14 12:30:14,782 - INFO - Processing Y corrector 37/41: HALF:IN:COR:YC39:ao
2025-06-14 12:30:38,795 - INFO - Processing Y corrector 38/41: HALF:IN:COR:YC40:ao
2025-06-14 12:31:02,812 - INFO - Processing Y corrector 39/41: HALF:IN:COR:YC41:ao
2025-06-14 12:31:26,829 - INFO - Processing Y corrector 40/41: HALF:IN:COR:YC42:ao
2025-06-14 12:31:50,845 - INFO - Processing Y corrector 41/41: HALF:IN:COR:YC43:ao
2025-06-14 12:32:14,862 - INFO - Response matrix calculation completed
2025-06-14 12:32:14,867 - INFO - Response matrix saved to response.txt
2025-06-14 13:57:21,971 - INFO - ResponseMatrixCalculator initialized
2025-06-14 13:57:21,971 - INFO - Starting response matrix calculation
2025-06-14 13:57:21,972 - INFO - Processing X corrector 1/41: HALF:IN:COR:XC03:ao
2025-06-14 13:57:46,070 - INFO - Processing X corrector 2/41: HALF:IN:COR:XC04:ao
2025-06-14 13:58:48,990 - INFO - ResponseMatrixCalculator initialized
2025-06-14 13:58:48,990 - INFO - Starting response matrix calculation
2025-06-14 13:58:48,990 - INFO - Processing X corrector 1/41: HALF:IN:COR:XC03:ao
2025-06-14 13:59:13,080 - INFO - Processing X corrector 2/41: HALF:IN:COR:XC04:ao
2025-06-14 13:59:37,102 - INFO - Processing X corrector 3/41: HALF:IN:COR:XC05:ao
2025-06-14 14:00:01,122 - INFO - Processing X corrector 4/41: HALF:IN:COR:XC06:ao
2025-06-14 14:00:25,137 - INFO - Processing X corrector 5/41: HALF:IN:COR:XC07:ao
2025-06-14 14:00:49,155 - INFO - Processing X corrector 6/41: HALF:IN:COR:XC08:ao
2025-06-14 14:01:13,171 - INFO - Processing X corrector 7/41: HALF:IN:COR:XC09:ao
2025-06-14 14:01:37,187 - INFO - Processing X corrector 8/41: HALF:IN:COR:XC10:ao
2025-06-14 14:02:01,205 - INFO - Processing X corrector 9/41: HALF:IN:COR:XC11:ao
2025-06-14 14:02:25,219 - INFO - Processing X corrector 10/41: HALF:IN:COR:XC12:ao
2025-06-14 14:02:49,235 - INFO - Processing X corrector 11/41: HALF:IN:COR:XC13:ao
2025-06-14 14:03:13,250 - INFO - Processing X corrector 12/41: HALF:IN:COR:XC14:ao
2025-06-14 14:03:37,263 - INFO - Processing X corrector 13/41: HALF:IN:COR:XC15:ao
2025-06-14 14:04:01,279 - INFO - Processing X corrector 14/41: HALF:IN:COR:XC16:ao
2025-06-14 14:04:25,292 - INFO - Processing X corrector 15/41: HALF:IN:COR:XC17:ao
2025-06-14 14:04:49,307 - INFO - Processing X corrector 16/41: HALF:IN:COR:XC18:ao
2025-06-14 14:05:13,321 - INFO - Processing X corrector 17/41: HALF:IN:COR:XC19:ao
2025-06-14 14:05:37,337 - INFO - Processing X corrector 18/41: HALF:IN:COR:XC20:ao
2025-06-14 14:06:01,352 - INFO - Processing X corrector 19/41: HALF:IN:COR:XC21:ao
2025-06-14 14:06:25,368 - INFO - Processing X corrector 20/41: HALF:IN:COR:XC22:ao
2025-06-14 14:06:49,387 - INFO - Processing X corrector 21/41: HALF:IN:COR:XC23:ao
2025-06-14 14:07:13,401 - INFO - Processing X corrector 22/41: HALF:IN:COR:XC24:ao
2025-06-14 14:07:37,418 - INFO - Processing X corrector 23/41: HALF:IN:COR:XC25:ao
2025-06-14 14:08:01,437 - INFO - Processing X corrector 24/41: HALF:IN:COR:XC26:ao
2025-06-14 14:08:25,452 - INFO - Processing X corrector 25/41: HALF:IN:COR:XC27:ao
2025-06-14 14:08:49,470 - INFO - Processing X corrector 26/41: HALF:IN:COR:XC28:ao
2025-06-14 14:09:13,486 - INFO - Processing X corrector 27/41: HALF:IN:COR:XC29:ao
2025-06-14 14:09:37,499 - INFO - Processing X corrector 28/41: HALF:IN:COR:XC30:ao
2025-06-14 14:10:01,514 - INFO - Processing X corrector 29/41: HALF:IN:COR:XC31:ao
2025-06-14 14:10:25,530 - INFO - Processing X corrector 30/41: HALF:IN:COR:XC32:ao
2025-06-14 14:10:49,546 - INFO - Processing X corrector 31/41: HALF:IN:COR:XC33:ao
2025-06-14 14:11:13,561 - INFO - Processing X corrector 32/41: HALF:IN:COR:XC34:ao
2025-06-14 14:11:37,579 - INFO - Processing X corrector 33/41: HALF:IN:COR:XC35:ao
2025-06-14 14:12:01,599 - INFO - Processing X corrector 34/41: HALF:IN:COR:XC36:ao
2025-06-14 14:12:25,618 - INFO - Processing X corrector 35/41: HALF:IN:COR:XC37:ao
2025-06-14 14:12:49,638 - INFO - Processing X corrector 36/41: HALF:IN:COR:XC38:ao
2025-06-14 14:13:13,658 - INFO - Processing X corrector 37/41: HALF:IN:COR:XC39:ao
2025-06-14 14:13:37,678 - INFO - Processing X corrector 38/41: HALF:IN:COR:XC40:ao
2025-06-14 14:14:01,694 - INFO - Processing X corrector 39/41: HALF:IN:COR:XC41:ao
2025-06-14 14:14:25,710 - INFO - Processing X corrector 40/41: HALF:IN:COR:XC42:ao
2025-06-14 14:14:49,728 - INFO - Processing X corrector 41/41: HALF:IN:COR:XC43:ao
2025-06-14 14:15:13,744 - INFO - Processing Y corrector 1/41: HALF:IN:COR:YC03:ao
2025-06-14 14:15:37,758 - INFO - Processing Y corrector 2/41: HALF:IN:COR:YC04:ao
2025-06-14 14:16:01,774 - INFO - Processing Y corrector 3/41: HALF:IN:COR:YC05:ao
2025-06-14 14:16:25,791 - INFO - Processing Y corrector 4/41: HALF:IN:COR:YC06:ao
2025-06-14 14:16:49,807 - INFO - Processing Y corrector 5/41: HALF:IN:COR:YC07:ao
2025-06-14 14:17:13,820 - INFO - Processing Y corrector 6/41: HALF:IN:COR:YC08:ao
2025-06-14 14:17:37,838 - INFO - Processing Y corrector 7/41: HALF:IN:COR:YC09:ao
2025-06-14 14:18:01,857 - INFO - Processing Y corrector 8/41: HALF:IN:COR:YC10:ao
2025-06-14 14:18:25,874 - INFO - Processing Y corrector 9/41: HALF:IN:COR:YC11:ao
2025-06-14 14:18:49,889 - INFO - Processing Y corrector 10/41: HALF:IN:COR:YC12:ao
2025-06-14 14:19:13,908 - INFO - Processing Y corrector 11/41: HALF:IN:COR:YC13:ao
2025-06-14 14:19:37,925 - INFO - Processing Y corrector 12/41: HALF:IN:COR:YC14:ao
2025-06-14 14:20:01,944 - INFO - Processing Y corrector 13/41: HALF:IN:COR:YC15:ao
2025-06-14 14:20:25,960 - INFO - Processing Y corrector 14/41: HALF:IN:COR:YC16:ao
2025-06-14 14:20:49,976 - INFO - Processing Y corrector 15/41: HALF:IN:COR:YC17:ao
2025-06-14 14:21:13,993 - INFO - Processing Y corrector 16/41: HALF:IN:COR:YC18:ao
2025-06-14 14:21:38,009 - INFO - Processing Y corrector 17/41: HALF:IN:COR:YC19:ao
2025-06-14 14:22:02,023 - INFO - Processing Y corrector 18/41: HALF:IN:COR:YC20:ao
2025-06-14 14:22:26,041 - INFO - Processing Y corrector 19/41: HALF:IN:COR:YC21:ao
2025-06-14 14:22:50,060 - INFO - Processing Y corrector 20/41: HALF:IN:COR:YC22:ao
2025-06-14 14:23:14,079 - INFO - Processing Y corrector 21/41: HALF:IN:COR:YC23:ao
2025-06-14 14:23:38,097 - INFO - Processing Y corrector 22/41: HALF:IN:COR:YC24:ao
2025-06-14 14:24:02,115 - INFO - Processing Y corrector 23/41: HALF:IN:COR:YC25:ao
2025-06-14 14:24:26,137 - INFO - Processing Y corrector 24/41: HALF:IN:COR:YC26:ao
2025-06-14 14:24:50,156 - INFO - Processing Y corrector 25/41: HALF:IN:COR:YC27:ao
2025-06-14 14:25:14,170 - INFO - Processing Y corrector 26/41: HALF:IN:COR:YC28:ao
2025-06-14 14:25:38,190 - INFO - Processing Y corrector 27/41: HALF:IN:COR:YC29:ao
2025-06-14 14:26:02,207 - INFO - Processing Y corrector 28/41: HALF:IN:COR:YC30:ao
2025-06-14 14:26:26,224 - INFO - Processing Y corrector 29/41: HALF:IN:COR:YC31:ao
2025-06-14 14:26:50,241 - INFO - Processing Y corrector 30/41: HALF:IN:COR:YC32:ao
2025-06-14 14:27:14,257 - INFO - Processing Y corrector 31/41: HALF:IN:COR:YC33:ao
2025-06-14 14:27:38,275 - INFO - Processing Y corrector 32/41: HALF:IN:COR:YC34:ao
2025-06-14 14:28:02,292 - INFO - Processing Y corrector 33/41: HALF:IN:COR:YC35:ao
2025-06-14 14:28:26,307 - INFO - Processing Y corrector 34/41: HALF:IN:COR:YC36:ao
2025-06-14 14:28:50,323 - INFO - Processing Y corrector 35/41: HALF:IN:COR:YC37:ao
2025-06-14 14:29:14,339 - INFO - Processing Y corrector 36/41: HALF:IN:COR:YC38:ao
2025-06-14 14:29:38,355 - INFO - Processing Y corrector 37/41: HALF:IN:COR:YC39:ao
2025-06-14 14:30:02,372 - INFO - Processing Y corrector 38/41: HALF:IN:COR:YC40:ao
2025-06-14 14:30:26,389 - INFO - Processing Y corrector 39/41: HALF:IN:COR:YC41:ao
2025-06-14 14:30:50,406 - INFO - Processing Y corrector 40/41: HALF:IN:COR:YC42:ao
2025-06-14 14:31:14,424 - INFO - Processing Y corrector 41/41: HALF:IN:COR:YC43:ao
2025-06-14 14:31:38,443 - INFO - Response matrix calculation completed
2025-06-14 14:31:38,450 - INFO - Response matrix saved to response.txt
2025-06-14 14:51:21,295 - INFO - ResponseMatrixCalculator initialized
2025-06-14 14:51:21,296 - INFO - Starting response matrix calculation
2025-06-14 14:51:21,296 - INFO - Processing X corrector 1/41: HALF:IN:COR:XC03:ao
2025-06-14 14:51:45,395 - INFO - Processing X corrector 2/41: HALF:IN:COR:XC04:ao
2025-06-14 14:52:52,508 - INFO - ResponseMatrixCalculator initialized
2025-06-14 14:52:52,509 - INFO - Starting response matrix calculation
2025-06-14 14:52:52,509 - INFO - Processing X corrector 1/41: HALF:IN:COR:XC03:ao
2025-06-14 14:53:16,601 - INFO - Processing X corrector 2/41: HALF:IN:COR:XC04:ao
2025-06-14 14:53:40,624 - INFO - Processing X corrector 3/41: HALF:IN:COR:XC05:ao
2025-06-14 14:58:27,728 - INFO - ResponseMatrixCalculator initialized
2025-06-14 14:58:27,728 - INFO - Starting response matrix calculation
2025-06-14 14:58:27,728 - INFO - Processing X corrector 1/41: HALF:IN:COR:XC03:ao
2025-06-14 14:58:51,820 - INFO - Processing X corrector 2/41: HALF:IN:COR:XC04:ao
2025-06-14 15:06:32,541 - INFO - ResponseMatrixCalculator initialized
2025-06-14 15:06:32,541 - INFO - Starting response matrix calculation
2025-06-14 15:06:32,541 - INFO - Processing X corrector 1/41: HALF:IN:COR:XC03:ao
2025-06-14 15:06:56,635 - INFO - Processing X corrector 2/41: HALF:IN:COR:XC04:ao
2025-06-14 15:07:20,666 - INFO - Processing X corrector 3/41: HALF:IN:COR:XC05:ao
2025-06-14 15:07:44,697 - INFO - Processing X corrector 4/41: HALF:IN:COR:XC06:ao
2025-06-14 15:08:08,725 - INFO - Processing X corrector 5/41: HALF:IN:COR:XC07:ao
2025-06-14 15:08:32,754 - INFO - Processing X corrector 6/41: HALF:IN:COR:XC08:ao
2025-06-14 15:08:56,782 - INFO - Processing X corrector 7/41: HALF:IN:COR:XC09:ao
2025-06-14 15:09:20,810 - INFO - Processing X corrector 8/41: HALF:IN:COR:XC10:ao
2025-06-14 15:09:44,839 - INFO - Processing X corrector 9/41: HALF:IN:COR:XC11:ao
2025-06-14 15:10:08,865 - INFO - Processing X corrector 10/41: HALF:IN:COR:XC12:ao
2025-06-14 15:10:32,892 - INFO - Processing X corrector 11/41: HALF:IN:COR:XC13:ao
2025-06-14 15:10:56,918 - INFO - Processing X corrector 12/41: HALF:IN:COR:XC14:ao
2025-06-14 15:11:20,945 - INFO - Processing X corrector 13/41: HALF:IN:COR:XC15:ao
2025-06-14 15:11:44,969 - INFO - Processing X corrector 14/41: HALF:IN:COR:XC16:ao
2025-06-14 15:12:08,998 - INFO - Processing X corrector 15/41: HALF:IN:COR:XC17:ao
2025-06-14 15:12:33,025 - INFO - Processing X corrector 16/41: HALF:IN:COR:XC18:ao
2025-06-14 15:12:57,054 - INFO - Processing X corrector 17/41: HALF:IN:COR:XC19:ao
2025-06-14 15:13:21,082 - INFO - Processing X corrector 18/41: HALF:IN:COR:XC20:ao
2025-06-14 15:13:45,109 - INFO - Processing X corrector 19/41: HALF:IN:COR:XC21:ao
2025-06-14 15:14:09,137 - INFO - Processing X corrector 20/41: HALF:IN:COR:XC22:ao
2025-06-14 15:14:33,163 - INFO - Processing X corrector 21/41: HALF:IN:COR:XC23:ao
2025-06-14 15:14:57,192 - INFO - Processing X corrector 22/41: HALF:IN:COR:XC24:ao
2025-06-14 15:15:21,218 - INFO - Processing X corrector 23/41: HALF:IN:COR:XC25:ao
2025-06-14 15:15:45,242 - INFO - Processing X corrector 24/41: HALF:IN:COR:XC26:ao
2025-06-14 15:16:09,266 - INFO - Processing X corrector 25/41: HALF:IN:COR:XC27:ao
2025-06-14 15:16:33,292 - INFO - Processing X corrector 26/41: HALF:IN:COR:XC28:ao
2025-06-14 15:16:57,318 - INFO - Processing X corrector 27/41: HALF:IN:COR:XC29:ao
2025-06-14 15:17:21,345 - INFO - Processing X corrector 28/41: HALF:IN:COR:XC30:ao
2025-06-14 15:17:45,374 - INFO - Processing X corrector 29/41: HALF:IN:COR:XC31:ao
2025-06-14 15:18:09,401 - INFO - Processing X corrector 30/41: HALF:IN:COR:XC32:ao
2025-06-14 15:18:33,429 - INFO - Processing X corrector 31/41: HALF:IN:COR:XC33:ao
2025-06-14 15:18:57,457 - INFO - Processing X corrector 32/41: HALF:IN:COR:XC34:ao
2025-06-14 15:19:21,486 - INFO - Processing X corrector 33/41: HALF:IN:COR:XC35:ao
2025-06-14 15:19:45,514 - INFO - Processing X corrector 34/41: HALF:IN:COR:XC36:ao
2025-06-14 15:21:08,379 - INFO - ResponseMatrixCalculator initialized
2025-06-14 15:21:08,379 - INFO - Starting response matrix calculation
2025-06-14 15:21:08,379 - INFO - Processing X corrector 1/41: HALF:IN:COR:XC03:ao
2025-06-14 15:21:32,470 - INFO - Processing X corrector 2/41: HALF:IN:COR:XC04:ao
2025-06-14 15:21:56,492 - INFO - Processing X corrector 3/41: HALF:IN:COR:XC05:ao
2025-06-14 15:22:20,504 - INFO - Processing X corrector 4/41: HALF:IN:COR:XC06:ao
2025-06-14 15:22:44,516 - INFO - Processing X corrector 5/41: HALF:IN:COR:XC07:ao
2025-06-14 15:23:08,527 - INFO - Processing X corrector 6/41: HALF:IN:COR:XC08:ao
2025-06-14 15:23:32,538 - INFO - Processing X corrector 7/41: HALF:IN:COR:XC09:ao
2025-06-14 15:23:56,553 - INFO - Processing X corrector 8/41: HALF:IN:COR:XC10:ao
2025-06-14 15:24:20,591 - INFO - Processing X corrector 9/41: HALF:IN:COR:XC11:ao
2025-06-14 15:24:44,602 - INFO - Processing X corrector 10/41: HALF:IN:COR:XC12:ao
2025-06-14 15:25:08,614 - INFO - Processing X corrector 11/41: HALF:IN:COR:XC13:ao
2025-06-14 15:25:32,628 - INFO - Processing X corrector 12/41: HALF:IN:COR:XC14:ao
2025-06-14 15:25:56,638 - INFO - Processing X corrector 13/41: HALF:IN:COR:XC15:ao
2025-06-14 15:26:20,651 - INFO - Processing X corrector 14/41: HALF:IN:COR:XC16:ao
2025-06-14 15:26:44,663 - INFO - Processing X corrector 15/41: HALF:IN:COR:XC17:ao
2025-06-14 15:27:08,700 - INFO - Processing X corrector 16/41: HALF:IN:COR:XC18:ao
2025-06-14 15:27:32,711 - INFO - Processing X corrector 17/41: HALF:IN:COR:XC19:ao
2025-06-14 15:27:56,724 - INFO - Processing X corrector 18/41: HALF:IN:COR:XC20:ao
2025-06-14 15:28:20,761 - INFO - Processing X corrector 19/41: HALF:IN:COR:XC21:ao
2025-06-14 15:28:44,774 - INFO - Processing X corrector 20/41: HALF:IN:COR:XC22:ao
2025-06-14 15:29:08,786 - INFO - Processing X corrector 21/41: HALF:IN:COR:XC23:ao
2025-06-14 15:29:32,798 - INFO - Processing X corrector 22/41: HALF:IN:COR:XC24:ao
2025-06-14 15:29:56,809 - INFO - Processing X corrector 23/41: HALF:IN:COR:XC25:ao
2025-06-14 15:30:20,823 - INFO - Processing X corrector 24/41: HALF:IN:COR:XC26:ao
2025-06-14 15:30:44,835 - INFO - Processing X corrector 25/41: HALF:IN:COR:XC27:ao
2025-06-14 15:31:08,845 - INFO - Processing X corrector 26/41: HALF:IN:COR:XC28:ao
2025-06-14 15:31:32,866 - INFO - Processing X corrector 27/41: HALF:IN:COR:XC29:ao
2025-06-14 15:31:56,881 - INFO - Processing X corrector 28/41: HALF:IN:COR:XC30:ao
2025-06-14 15:32:20,893 - INFO - Processing X corrector 29/41: HALF:IN:COR:XC31:ao
2025-06-14 15:32:44,905 - INFO - Processing X corrector 30/41: HALF:IN:COR:XC32:ao
2025-06-14 15:33:08,917 - INFO - Processing X corrector 31/41: HALF:IN:COR:XC33:ao
2025-06-14 15:33:32,929 - INFO - Processing X corrector 32/41: HALF:IN:COR:XC34:ao
2025-06-14 15:33:56,942 - INFO - Processing X corrector 33/41: HALF:IN:COR:XC35:ao
2025-06-14 15:34:20,955 - INFO - Processing X corrector 34/41: HALF:IN:COR:XC36:ao
2025-06-14 15:34:44,972 - INFO - Processing X corrector 35/41: HALF:IN:COR:XC37:ao
2025-06-14 15:35:08,986 - INFO - Processing X corrector 36/41: HALF:IN:COR:XC38:ao
2025-06-14 15:35:32,999 - INFO - Processing X corrector 37/41: HALF:IN:COR:XC39:ao
2025-06-14 15:35:57,013 - INFO - Processing X corrector 38/41: HALF:IN:COR:XC40:ao
2025-06-14 15:36:21,026 - INFO - Processing X corrector 39/41: HALF:IN:COR:XC41:ao
2025-06-14 15:36:45,040 - INFO - Processing X corrector 40/41: HALF:IN:COR:XC42:ao
2025-06-14 15:37:09,053 - INFO - Processing X corrector 41/41: HALF:IN:COR:XC43:ao
2025-06-14 15:37:33,069 - INFO - Processing Y corrector 1/41: HALF:IN:COR:YC03:ao
2025-06-14 15:37:57,081 - INFO - Processing Y corrector 2/41: HALF:IN:COR:YC04:ao
2025-06-14 15:38:21,092 - INFO - Processing Y corrector 3/41: HALF:IN:COR:YC05:ao
2025-06-14 15:38:45,106 - INFO - Processing Y corrector 4/41: HALF:IN:COR:YC06:ao
2025-06-14 15:39:09,118 - INFO - Processing Y corrector 5/41: HALF:IN:COR:YC07:ao
2025-06-14 15:39:33,129 - INFO - Processing Y corrector 6/41: HALF:IN:COR:YC08:ao
2025-06-14 15:39:57,146 - INFO - Processing Y corrector 7/41: HALF:IN:COR:YC09:ao
2025-06-14 15:40:21,183 - INFO - Processing Y corrector 8/41: HALF:IN:COR:YC10:ao
2025-06-14 15:40:45,194 - INFO - Processing Y corrector 9/41: HALF:IN:COR:YC11:ao
2025-06-14 15:41:09,206 - INFO - Processing Y corrector 10/41: HALF:IN:COR:YC12:ao
2025-06-14 15:41:33,219 - INFO - Processing Y corrector 11/41: HALF:IN:COR:YC13:ao
2025-06-14 15:41:57,230 - INFO - Processing Y corrector 12/41: HALF:IN:COR:YC14:ao
2025-06-14 15:42:21,242 - INFO - Processing Y corrector 13/41: HALF:IN:COR:YC15:ao
2025-06-14 15:42:45,255 - INFO - Processing Y corrector 14/41: HALF:IN:COR:YC16:ao
2025-06-14 15:43:09,267 - INFO - Processing Y corrector 15/41: HALF:IN:COR:YC17:ao
2025-06-14 15:43:33,280 - INFO - Processing Y corrector 16/41: HALF:IN:COR:YC18:ao
2025-06-14 15:43:57,293 - INFO - Processing Y corrector 17/41: HALF:IN:COR:YC19:ao
2025-06-14 15:44:21,313 - INFO - Processing Y corrector 18/41: HALF:IN:COR:YC20:ao
2025-06-14 15:44:45,326 - INFO - Processing Y corrector 19/41: HALF:IN:COR:YC21:ao
2025-06-14 15:45:09,340 - INFO - Processing Y corrector 20/41: HALF:IN:COR:YC22:ao
2025-06-14 15:45:33,353 - INFO - Processing Y corrector 21/41: HALF:IN:COR:YC23:ao
2025-06-14 15:45:57,372 - INFO - Processing Y corrector 22/41: HALF:IN:COR:YC24:ao
2025-06-14 15:46:21,389 - INFO - Processing Y corrector 23/41: HALF:IN:COR:YC25:ao
2025-06-14 15:46:45,400 - INFO - Processing Y corrector 24/41: HALF:IN:COR:YC26:ao
2025-06-14 15:47:09,415 - INFO - Processing Y corrector 25/41: HALF:IN:COR:YC27:ao
2025-06-14 15:47:33,431 - INFO - Processing Y corrector 26/41: HALF:IN:COR:YC28:ao
2025-06-14 15:47:57,443 - INFO - Processing Y corrector 27/41: HALF:IN:COR:YC29:ao
2025-06-14 15:48:21,457 - INFO - Processing Y corrector 28/41: HALF:IN:COR:YC30:ao
2025-06-14 15:48:45,469 - INFO - Processing Y corrector 29/41: HALF:IN:COR:YC31:ao
2025-06-14 15:49:09,479 - INFO - Processing Y corrector 30/41: HALF:IN:COR:YC32:ao
2025-06-14 15:49:33,492 - INFO - Processing Y corrector 31/41: HALF:IN:COR:YC33:ao
2025-06-14 15:49:57,507 - INFO - Processing Y corrector 32/41: HALF:IN:COR:YC34:ao
2025-06-14 15:50:21,519 - INFO - Processing Y corrector 33/41: HALF:IN:COR:YC35:ao
2025-06-14 15:50:45,533 - INFO - Processing Y corrector 34/41: HALF:IN:COR:YC36:ao
2025-06-14 15:51:09,545 - INFO - Processing Y corrector 35/41: HALF:IN:COR:YC37:ao
2025-06-14 15:51:33,567 - INFO - Processing Y corrector 36/41: HALF:IN:COR:YC38:ao
2025-06-14 15:51:57,579 - INFO - Processing Y corrector 37/41: HALF:IN:COR:YC39:ao
2025-06-14 15:52:21,594 - INFO - Processing Y corrector 38/41: HALF:IN:COR:YC40:ao
2025-06-14 15:52:45,608 - INFO - Processing Y corrector 39/41: HALF:IN:COR:YC41:ao
2025-06-14 15:53:09,627 - INFO - Processing Y corrector 40/41: HALF:IN:COR:YC42:ao
2025-06-14 15:53:33,655 - INFO - Processing Y corrector 41/41: HALF:IN:COR:YC43:ao
2025-06-14 15:53:57,673 - INFO - Response matrix calculation completed
2025-06-14 15:53:57,684 - INFO - Response matrix saved to response.txt
2025-06-14 16:14:34,452 - INFO - ResponseMatrixCalculator initialized
2025-06-14 16:14:34,453 - INFO - Starting response matrix calculation
2025-06-14 16:14:34,453 - INFO - Processing X corrector 1/41: HALF:IN:COR:XC03:ao
2025-06-14 16:14:58,548 - INFO - Processing X corrector 2/41: HALF:IN:COR:XC04:ao
2025-06-14 16:15:22,570 - INFO - Processing X corrector 3/41: HALF:IN:COR:XC05:ao
2025-06-14 16:15:46,580 - INFO - Processing X corrector 4/41: HALF:IN:COR:XC06:ao
2025-06-14 16:16:10,591 - INFO - Processing X corrector 5/41: HALF:IN:COR:XC07:ao
2025-06-14 16:16:34,603 - INFO - Processing X corrector 6/41: HALF:IN:COR:XC08:ao
2025-06-14 16:16:58,619 - INFO - Processing X corrector 7/41: HALF:IN:COR:XC09:ao
2025-06-14 16:17:22,631 - INFO - Processing X corrector 8/41: HALF:IN:COR:XC10:ao
2025-06-14 16:17:46,643 - INFO - Processing X corrector 9/41: HALF:IN:COR:XC11:ao
2025-06-14 16:18:10,653 - INFO - Processing X corrector 10/41: HALF:IN:COR:XC12:ao
2025-06-14 16:18:34,668 - INFO - Processing X corrector 11/41: HALF:IN:COR:XC13:ao
2025-06-14 16:18:58,681 - INFO - Processing X corrector 12/41: HALF:IN:COR:XC14:ao
2025-06-14 16:19:22,694 - INFO - Processing X corrector 13/41: HALF:IN:COR:XC15:ao
2025-06-14 16:19:46,706 - INFO - Processing X corrector 14/41: HALF:IN:COR:XC16:ao
2025-06-14 16:20:10,719 - INFO - Processing X corrector 15/41: HALF:IN:COR:XC17:ao
2025-06-14 16:20:34,731 - INFO - Processing X corrector 16/41: HALF:IN:COR:XC18:ao
2025-06-14 16:20:58,769 - INFO - Processing X corrector 17/41: HALF:IN:COR:XC19:ao
2025-06-14 16:21:22,783 - INFO - Processing X corrector 18/41: HALF:IN:COR:XC20:ao
2025-06-14 16:21:46,796 - INFO - Processing X corrector 19/41: HALF:IN:COR:XC21:ao
2025-06-14 16:22:10,834 - INFO - Processing X corrector 20/41: HALF:IN:COR:XC22:ao
2025-06-14 16:22:34,845 - INFO - Processing X corrector 21/41: HALF:IN:COR:XC23:ao
2025-06-14 16:22:58,857 - INFO - Processing X corrector 22/41: HALF:IN:COR:XC24:ao
2025-06-14 16:23:22,871 - INFO - Processing X corrector 23/41: HALF:IN:COR:XC25:ao
2025-06-14 16:23:46,908 - INFO - Processing X corrector 24/41: HALF:IN:COR:XC26:ao
2025-06-14 16:24:10,945 - INFO - Processing X corrector 25/41: HALF:IN:COR:XC27:ao
2025-06-14 16:24:34,982 - INFO - Processing X corrector 26/41: HALF:IN:COR:XC28:ao
2025-06-14 16:24:58,993 - INFO - Processing X corrector 27/41: HALF:IN:COR:XC29:ao
2025-06-14 16:25:23,005 - INFO - Processing X corrector 28/41: HALF:IN:COR:XC30:ao
2025-06-14 16:25:47,018 - INFO - Processing X corrector 29/41: HALF:IN:COR:XC31:ao
2025-06-14 16:26:11,029 - INFO - Processing X corrector 30/41: HALF:IN:COR:XC32:ao
2025-06-14 16:26:35,041 - INFO - Processing X corrector 31/41: HALF:IN:COR:XC33:ao
2025-06-14 16:26:59,056 - INFO - Processing X corrector 32/41: HALF:IN:COR:XC34:ao
2025-06-14 16:27:23,067 - INFO - Processing X corrector 33/41: HALF:IN:COR:XC35:ao
2025-06-14 16:27:47,080 - INFO - Processing X corrector 34/41: HALF:IN:COR:XC36:ao
2025-06-14 16:28:11,094 - INFO - Processing X corrector 35/41: HALF:IN:COR:XC37:ao
2025-06-14 16:28:35,108 - INFO - Processing X corrector 36/41: HALF:IN:COR:XC38:ao
2025-06-14 16:28:59,125 - INFO - Processing X corrector 37/41: HALF:IN:COR:XC39:ao
2025-06-14 16:29:23,139 - INFO - Processing X corrector 38/41: HALF:IN:COR:XC40:ao
2025-06-14 16:29:47,153 - INFO - Processing X corrector 39/41: HALF:IN:COR:XC41:ao
2025-06-14 16:30:11,169 - INFO - Processing X corrector 40/41: HALF:IN:COR:XC42:ao
2025-06-14 16:30:35,183 - INFO - Processing X corrector 41/41: HALF:IN:COR:XC43:ao
2025-06-14 16:30:59,196 - INFO - Processing Y corrector 1/41: HALF:IN:COR:YC03:ao
2025-06-14 16:31:23,205 - INFO - Processing Y corrector 2/41: HALF:IN:COR:YC04:ao
2025-06-14 16:31:47,220 - INFO - Processing Y corrector 3/41: HALF:IN:COR:YC05:ao
2025-06-14 16:32:11,231 - INFO - Processing Y corrector 4/41: HALF:IN:COR:YC06:ao
2025-06-14 16:32:35,244 - INFO - Processing Y corrector 5/41: HALF:IN:COR:YC07:ao
2025-06-14 16:32:59,256 - INFO - Processing Y corrector 6/41: HALF:IN:COR:YC08:ao
2025-06-14 16:33:23,266 - INFO - Processing Y corrector 7/41: HALF:IN:COR:YC09:ao
2025-06-14 16:33:47,283 - INFO - Processing Y corrector 8/41: HALF:IN:COR:YC10:ao
2025-06-14 16:34:11,295 - INFO - Processing Y corrector 9/41: HALF:IN:COR:YC11:ao
2025-06-14 16:34:35,330 - INFO - Processing Y corrector 10/41: HALF:IN:COR:YC12:ao
2025-06-14 16:34:59,342 - INFO - Processing Y corrector 11/41: HALF:IN:COR:YC13:ao
2025-06-14 16:35:23,357 - INFO - Processing Y corrector 12/41: HALF:IN:COR:YC14:ao
2025-06-14 16:35:47,368 - INFO - Processing Y corrector 13/41: HALF:IN:COR:YC15:ao
2025-06-14 16:36:11,380 - INFO - Processing Y corrector 14/41: HALF:IN:COR:YC16:ao
2025-06-14 16:36:35,391 - INFO - Processing Y corrector 15/41: HALF:IN:COR:YC17:ao
2025-06-14 16:36:59,406 - INFO - Processing Y corrector 16/41: HALF:IN:COR:YC18:ao
2025-06-14 16:37:23,419 - INFO - Processing Y corrector 17/41: HALF:IN:COR:YC19:ao
2025-06-14 16:37:47,430 - INFO - Processing Y corrector 18/41: HALF:IN:COR:YC20:ao
2025-06-14 16:38:11,444 - INFO - Processing Y corrector 19/41: HALF:IN:COR:YC21:ao
2025-06-14 16:38:35,458 - INFO - Processing Y corrector 20/41: HALF:IN:COR:YC22:ao
2025-06-14 16:38:59,471 - INFO - Processing Y corrector 21/41: HALF:IN:COR:YC23:ao
2025-06-14 16:39:23,487 - INFO - Processing Y corrector 22/41: HALF:IN:COR:YC24:ao
2025-06-14 16:39:47,501 - INFO - Processing Y corrector 23/41: HALF:IN:COR:YC25:ao
2025-06-14 16:40:11,513 - INFO - Processing Y corrector 24/41: HALF:IN:COR:YC26:ao
2025-06-14 16:40:35,523 - INFO - Processing Y corrector 25/41: HALF:IN:COR:YC27:ao
2025-06-14 16:40:59,539 - INFO - Processing Y corrector 26/41: HALF:IN:COR:YC28:ao
2025-06-14 16:41:23,559 - INFO - Processing Y corrector 27/41: HALF:IN:COR:YC29:ao
2025-06-14 16:41:47,574 - INFO - Processing Y corrector 28/41: HALF:IN:COR:YC30:ao
2025-06-14 16:42:11,589 - INFO - Processing Y corrector 29/41: HALF:IN:COR:YC31:ao
2025-06-14 16:42:35,604 - INFO - Processing Y corrector 30/41: HALF:IN:COR:YC32:ao
2025-06-14 16:42:59,618 - INFO - Processing Y corrector 31/41: HALF:IN:COR:YC33:ao
2025-06-14 16:43:23,631 - INFO - Processing Y corrector 32/41: HALF:IN:COR:YC34:ao
2025-06-14 16:43:47,668 - INFO - Processing Y corrector 33/41: HALF:IN:COR:YC35:ao
2025-06-14 16:44:11,682 - INFO - Processing Y corrector 34/41: HALF:IN:COR:YC36:ao
2025-06-14 16:44:35,696 - INFO - Processing Y corrector 35/41: HALF:IN:COR:YC37:ao
2025-06-14 16:44:59,707 - INFO - Processing Y corrector 36/41: HALF:IN:COR:YC38:ao
2025-06-14 16:45:23,718 - INFO - Processing Y corrector 37/41: HALF:IN:COR:YC39:ao
2025-06-14 16:45:47,729 - INFO - Processing Y corrector 38/41: HALF:IN:COR:YC40:ao
2025-06-14 16:46:11,741 - INFO - Processing Y corrector 39/41: HALF:IN:COR:YC41:ao
2025-06-14 16:46:35,761 - INFO - Processing Y corrector 40/41: HALF:IN:COR:YC42:ao
2025-06-14 16:46:59,773 - INFO - Processing Y corrector 41/41: HALF:IN:COR:YC43:ao
2025-06-14 16:47:23,785 - INFO - Response matrix calculation completed
2025-06-14 16:47:23,789 - INFO - Response matrix saved to response.txt
