2025-07-31 09:59:06,673 - INFO - INPUT PARAMETERS: ['/home/zhanghaoran/gitproj/half_linac/src/optimization/Rsimplex/Rsimplex.py']
2025-07-31 09:59:06,673 - ERROR - 错误: list index out of range
Traceback (most recent call last):
  File "/home/zhanghaoran/gitproj/half_linac/src/optimization/Rsimplex/Rsimplex.py", line 605, in <module>
    if sys.argv[1] == "start_opt":
       ~~~~~~~~^^^
IndexError: list index out of range
2025-07-31 10:08:15,840 - INFO - INPUT PARAMETERS: ['/home/zhanghaoran/gitproj/half_linac/src/optimization/Rsimplex/Rsimplex.py']
2025-07-31 10:08:15,840 - ERROR - 错误: list index out of range
Traceback (most recent call last):
  File "/home/zhanghaoran/gitproj/half_linac/src/optimization/Rsimplex/Rsimplex.py", line 602, in <module>
    if sys.argv[1] == "start_opt":
       ~~~~~~~~^^^
IndexError: list index out of range
2025-07-31 11:02:07,920 - INFO - INPUT PARAMETERS: ['/home/zhanghaoran/gitproj/half_linac/src/optimization/Rsimplex/Rsimplex.py']
2025-07-31 11:02:07,921 - ERROR - 错误: list index out of range
Traceback (most recent call last):
  File "/home/zhanghaoran/gitproj/half_linac/src/optimization/Rsimplex/Rsimplex.py", line 640, in <module>
    if sys.argv[1] == "start_opt":
       ~~~~~~~~^^^
IndexError: list index out of range
2025-07-31 11:32:28,180 - INFO - INPUT PARAMETERS: ['Rsimplexopt.py', 'start_opt', 'QT01,QT02', '-2.0,-2.0', '2.0,2.0', '0.1', '1', '0', '8', 'HALF:IN:FLAG:PRF07:sigx,HALF:IN:FLAG:PRF07:sigy', '1,1', '1,1', 'mean,mean']
2025-07-31 11:32:28,180 - ERROR - 错误: RSimplex.__init__() missing 1 required positional argument: 'func'
Traceback (most recent call last):
  File "/home/zhanghaoran/gitproj/half_linac/src/optimization/Rsimplex/Rsimplexopt.py", line 616, in <module>
    optimizer = RSimplex(
                ^^^^^^^^^
TypeError: RSimplex.__init__() missing 1 required positional argument: 'func'
2025-07-31 11:43:44,600 - INFO - INPUT PARAMETERS: ['Rsimplexopt.py', 'start_opt', 'QT01,QT02', '-2.0,-2.0', '2.0,2.0', '0.1', '1', '0', '8', 'HALF:IN:FLAG:PRF07:sigx,HALF:IN:FLAG:PRF07:sigy', '1,1', '1,1', 'mean,mean']
2025-07-31 11:52:32,386 - INFO - INPUT PARAMETERS: ['Rsimplexopt.py', 'start_opt', 'QT01,QT02', '-2.0,-2.0', '2.0,2.0', '0.1', '1', '0', '8', 'HALF:IN:FLAG:PRF07:sigx,HALF:IN:FLAG:PRF07:sigy', '1,1', '1,1', 'mean,mean']
2025-07-31 12:02:15,635 - INFO - INPUT PARAMETERS: ['Rsimplexopt.py', 'start_opt', 'QT01,QT02', '-2.0,-2.0', '2.0,2.0', '0.08', '5', '0', '8', 'HALF:IN:FLAG:PRF07:sigx,HALF:IN:FLAG:PRF07:sigy', '1,1', '1,1', 'mean,mean']
2025-07-31 12:14:00,739 - INFO - INPUT PARAMETERS: ['Rsimplexopt.py', 'start_opt', 'QT01,QT02', '-2.0,-2.0', '2.0,2.0', '0.08', '20', '0', '8', 'HALF:IN:FLAG:PRF07:sigx,HALF:IN:FLAG:PRF07:sigy', '1,1', '1,1', 'mean,mean']
