Running elegant at Thu Jun  5 20:45:51 2025

This is elegant 2022.1.0, Jun 21 2023, by M. Borland, J. Calvey, M. Carla', N. Carmignani, AJ Dick, Z. Duan, M. Ehrlichman, L. Emery, W. Guo, R. Lindberg, V. Sajaev, R. Soliday, Y.-P. Sun, C.-X. Wang, Y. Wang, Y. Wu, and A. Xiao.
=====================================================================================
Thanks for using elegant.  Please cite the following reference in your publications:
  M. Borland, "elegant: A Flexible SDDS-Compliant Code for Accelerator Simulation,"
  Advanced Photon Source LS-287, September 2000.
If you use a modified version, please indicate this in all publications.
=====================================================================================
Link date: Jun 21 2023 11:41:46, SVN revision: 28583M
statistics:    ET:     00:00:00 CP:    0.00 BIO:0 DIO:0 PF:0 MEM:6150
&run_setup
    lattice = lattice.lte,
    use_beamline = USEDLINE,
    rootname = {NULL},
    output = {NULL},
    centroid = %s.cen,
    bpm_centroid = %s.bpmcen,
    sigma = {NULL},
    final = {NULL},
    acceptance = {NULL},
    losses = {NULL},
    losses_include_global_coordinates = 0,
    losses_s_limit[0] = -1.797693134862316e+308, 1.797693134862316e+308,
    magnets = {NULL},
    semaphore_file = {NULL},
    parameters = {NULL},
    suppress_parameter_defaults = 0,
    rfc_reference_output = {NULL},
    combine_bunch_statistics = 0,
    wrap_around = 1,
    final_pass = 0,
    default_order = 3,
    concat_order = 0,
    print_statistics = 0,
    show_element_timing = 0,
    monitor_memory_usage = 0,
    random_number_seed = 9876543210,
    correction_iterations = 1,
    echo_lattice = 0,
    p_central = 2.234028000000000e+02,
    p_central_mev = 0.000000000000000e+00,
    always_change_p0 = 1,
    load_balancing_on = 0,
    random_sequence_No = 1,
    expand_for = {NULL},
    tracking_updates = 1,
    search_path = {NULL},
    element_divisions = 0,
    back_tracking = 0,
&end
Seeding random number generators
computed value for C.TOTAL is 5.500000000000000e-10
computed value for CCC.TLIMIT is 2.500000000000000e-11
computed value for W00.DISABLE is 1
computed value for DHOTGUN0A.L is 2.500000000000000e-01
computed value for DHOTGUN0B.L is 2.500000000000000e-01
computed value for BL01A.L is 3.500000000000000e-01
computed value for BL01A.ANGLE is -3.046436000000000e-01
computed value for BL01A.E2 is -3.046436000000000e-01
computed value for BL01A.HGAP is 2.000000000000000e-02
computed value for BL01A.N_SLICES is 150
computed value for BL01A.EDGE_ORDER is 2
computed value for BL01A.INTEGRATION_ORDER is 2
computed value for BL01A.FSE_CORRECTION is 1
computed value for DHOTGUN0.L is 8.500000000000000e-01
computed value for DHOTGUN1.L is 1.175000000000000e+00
computed value for QL01.L is 1.500000000000000e-01
computed value for QL01.K1 is 6.345664000000000e+00
computed value for QL01.DX is -5.427392689793225e-05
computed value for QL01.DY is 8.825796235759320e-05
computed value for DHOTGUN2.L is 2.000000000000000e-01
computed value for ES01.X_MAX is 4.000000000000000e-03
computed value for ES01.Y_MAX is 1.600000000000000e-02
computed value for DHOTGUN2A.L is 4.500000000000000e-01
computed value for PRF02S.DISABLE is 1
computed value for DHOTGUN2B.L is 4.000000000000000e-01
computed value for QL02.L is 1.500000000000000e-01
computed value for QL02.K1 is -1.088725000000000e+01
computed value for QL02.DX is 1.574104819616484e-05
computed value for QL02.DY is -3.819418306534904e-05
computed value for DHOTGUN3.L is 3.500000000000000e-01
computed value for QL03.L is 1.500000000000000e-01
computed value for QL03.K1 is 1.013887000000000e+01
computed value for QL03.DX is -2.714802452879295e-05
computed value for QL03.DY is -2.418064068930087e-05
computed value for DHOTGUN4.L is 8.750000000000000e-01
computed value for QL04.L is 1.500000000000000e-01
computed value for QL04.K1 is 1.013887000000000e+01
computed value for QL04.DX is 5.519904419337750e-06
computed value for QL04.DY is -5.263269513874926e-05
computed value for QL05.L is 1.500000000000000e-01
computed value for QL05.K1 is -1.088725000000000e+01
computed value for QL05.DX is -4.157126355865640e-05
computed value for QL05.DY is 2.984092020403557e-05
computed value for ES02.X_MAX is 4.000000000000000e-03
computed value for ES02.Y_MAX is 1.600000000000000e-02
computed value for QL06.L is 1.500000000000000e-01
computed value for QL06.K1 is 6.345664000000000e+00
computed value for QL06.DX is -3.228429117306484e-06
computed value for QL06.DY is -4.277189612830182e-06
computed value for BL01B.L is 3.500000000000000e-01
computed value for BL01B.ANGLE is 3.046436000000000e-01
computed value for BL01B.E1 is 3.046436000000000e-01
computed value for BL01B.HGAP is 2.000000000000000e-02
computed value for BL01B.N_SLICES is 150
computed value for BL01B.EDGE_ORDER is 2
computed value for BL01B.INTEGRATION_ORDER is 2
computed value for BL01B.FSE_CORRECTION is 1
computed value for DTH4A.L is 1.025000000000000e+00
computed value for QL07.L is 1.500000000000000e-01
computed value for QL07.K1 is 3.889390000000000e+00
computed value for QL07.DX is -7.659442700613997e-05
computed value for QL07.DY is -3.719390593226091e-05
computed value for DTH5.L is 2.500000000000000e-01
computed value for QL08.L is 1.500000000000000e-01
computed value for QL08.K1 is -2.046863000000000e+00
computed value for QL08.DX is 4.714210568558499e-05
computed value for QL08.DY is -7.392418199089374e-05
computed value for DTH6.L is 1.050000000000000e+00
computed value for QL09.L is 1.500000000000000e-01
computed value for QL09.K1 is 4.677693000000000e-01
computed value for QL09.DX is 8.706468400589717e-06
computed value for QL09.DY is 1.323654447118386e-06
computed value for DTH7.L is 3.500000000000000e-01
computed value for QL10.L is 1.500000000000000e-01
computed value for QL10.K1 is -2.753931000000000e+00
computed value for QL10.DX is 1.151354987401846e-06
computed value for QL10.DY is 4.012194942592386e-05
computed value for DTH8.L is 5.250000000000000e-01
computed value for FODO00.DISABLE is 1
computed value for DL00A.L is 2.250000000000000e-01
computed value for PRF02.DISABLE is 1
computed value for DL00A1.L is 3.000000000000000e-01
computed value for QL11.L is 1.500000000000000e-01
computed value for QL11.K1 is -1.069225000000000e+00
computed value for QL11.DX is -3.174097319327590e-05
computed value for QL11.DY is 5.841415133712168e-05
computed value for DL00B.L is 5.500000000000000e-01
computed value for QL12.L is 1.500000000000000e-01
computed value for QL12.K1 is 1.214364000000000e+00
computed value for QL12.DX is -5.004320126391436e-05
computed value for QL12.DY is 4.201332560878159e-05
computed value for DL00C.L is 5.250000000000000e-01
computed value for DA1.L is 4.951500000000000e-02
computed value for L1.L is 3.044100000000000e+00
computed value for L1.CELL_LENGTH is 3.500000000000000e-02
computed value for L1.VOLT is 6.000000000000000e+07
computed value for L1.PHASE is 8.950000000000000e+01
computed value for L1.FREQ is 2.856000000000000e+09
computed value for L1.CHANGE_P0 is 1
computed value for L1.END1_FOCUS is 1
computed value for L1.END2_FOCUS is 1
computed value for L1.N_KICKS is 10
computed value for L1.INTERPOLATE is 1
computed value for L1.SMOOTHING is 1
computed value for DACC.L is 1.109200000000000e-01
computed value for COLLI.X_MAX is 9.500000000000000e-03
computed value for COLLI.Y_MAX is 9.500000000000000e-03
computed value for DL00D.L is 2.500000000000000e-01
computed value for L1X.L is 6.000000000000000e-01
computed value for DLB1A.L is 4.000000000000000e-01
computed value for QL13.L is 1.500000000000000e-01
computed value for QL13.K1 is -4.968432000000000e+00
computed value for QL13.DX is -6.976965404185735e-05
computed value for QL13.DY is -1.486571128372724e-05
computed value for DLB1B.L is 4.000000000000000e-01
computed value for QL14.L is 1.500000000000000e-01
computed value for QL14.K1 is 4.052411000000000e+00
computed value for QL14.DX is 8.388313879892215e-05
computed value for QL14.DY is 5.356482398975593e-05
computed value for DLB1C.L is 4.000000000000000e-01
computed value for BC11.L is 2.000000000000000e-01
computed value for DB11.L is 1.600000000000000e+00
computed value for BC12.L is 2.000000000000000e-01
computed value for DB12.L is 2.500000000000000e-01
computed value for ES03.X_MAX is 6.000000000000000e-03
computed value for ES03.Y_MAX is 1.600000000000000e-02
computed value for DB13.L is 2.500000000000000e-01
computed value for PRF03.DISABLE is 1
computed value for BC13.L is 2.000000000000000e-01
computed value for DB14.L is 1.600000000000000e+00
computed value for BC14.L is 2.000000000000000e-01
computed value for DLB1D.L is 3.000000000000000e-01
computed value for QL15.L is 1.500000000000000e-01
computed value for QL15.K1 is 1.387017000000000e+00
computed value for QL15.DX is 5.614848067623341e-05
computed value for QL15.DY is -1.677820846513873e-06
computed value for DLB1E.L is 6.000000000000000e-01
computed value for QL16.L is 1.500000000000000e-01
computed value for QL16.K1 is -2.739060000000000e+00
computed value for QL16.DX is -7.671960380684508e-05
computed value for QL16.DY is 9.197324240840442e-05
computed value for DLB1F.L is 2.500000000000000e+00
computed value for PRF04.DISABLE is 0
computed value for DLB1F1.L is 5.000000000000000e-01
computed value for QL17.L is 1.500000000000000e-01
computed value for QL17.K1 is 1.473873000000000e+00
computed value for QL17.DX is -4.408716439000480e-05
computed value for QL17.DY is -5.049877787502538e-05
computed value for DLB1G.L is 5.000000000000000e-01
computed value for QL18.L is 1.500000000000000e-01
computed value for QL18.K1 is -5.071771000000000e-01
computed value for QL18.DX is 9.937118383057561e-06
computed value for QL18.DY is 2.895029525339922e-05
computed value for DLB1H.L is 5.000000000000000e-01
computed value for QL19.L is 1.500000000000000e-01
computed value for QL19.K1 is -5.812314000000000e-01
computed value for QL19.DX is -6.867120105548574e-05
computed value for QL19.DY is -3.268929211308285e-05
computed value for FODO02.DISABLE is 1
computed value for DAQ1.L is 3.250000000000000e-01
computed value for L2.L is 3.044100000000000e+00
computed value for L2.CELL_LENGTH is 3.500000000000000e-02
computed value for L2.VOLT is 5.794500000000000e+07
computed value for L2.PHASE is 9.000000000000000e+01
computed value for L2.FREQ is 2.856000000000000e+09
computed value for L2.CHANGE_P0 is 1
computed value for L2.END1_FOCUS is 1
computed value for L2.END2_FOCUS is 1
computed value for L2.N_KICKS is 10
computed value for L2.INTERPOLATE is 1
computed value for L2.SMOOTHING is 1
computed value for DA2.L is 5.000000000000000e-01
computed value for FODO01.DISABLE is 1
computed value for QL20.L is 1.500000000000000e-01
computed value for QL20.K1 is 5.812314000000000e-01
computed value for QL20.DX is 3.431615706194958e-05
computed value for QL20.DY is -2.297214846373966e-05
computed value for QL21.L is 1.500000000000000e-01
computed value for QL21.K1 is -5.812314000000000e-01
computed value for QL21.DX is 7.370604959903082e-05
computed value for QL21.DY is 1.268804695932579e-05
computed value for QL22.L is 1.500000000000000e-01
computed value for QL22.K1 is 5.812314000000000e-01
computed value for QL22.DX is 2.069046084546848e-05
computed value for QL22.DY is -6.505900338654468e-06
computed value for QL23.L is 1.500000000000000e-01
computed value for QL23.K1 is -5.812314000000000e-01
computed value for QL23.DX is -4.081452866559448e-05
computed value for QL23.DY is -2.880801485491371e-05
computed value for DA2A.L is 2.500000000000000e-01
computed value for PRF05.DISABLE is 1
computed value for QL24.L is 1.500000000000000e-01
computed value for QL24.K1 is 5.812314000000000e-01
computed value for QL24.DX is 7.498975279636250e-05
computed value for QL24.DY is 3.113418455670317e-05
computed value for QL25.L is 1.500000000000000e-01
computed value for QL25.K1 is -5.812314000000000e-01
computed value for QL25.DX is 5.631014452992858e-06
computed value for QL25.DY is 2.829660680079032e-05
computed value for QL26.L is 1.500000000000000e-01
computed value for QL26.K1 is 5.812314000000000e-01
computed value for QL26.DX is 5.085429986181027e-05
computed value for QL26.DY is 3.126130880056816e-05
computed value for QL27.L is 1.500000000000000e-01
computed value for QL27.K1 is -5.812314000000000e-01
computed value for QL27.DX is -7.998757394803801e-05
computed value for QL27.DY is -1.044691345597593e-04
computed value for FODO03.DISABLE is 1
computed value for L4.L is 3.044100000000000e+00
computed value for L4.CELL_LENGTH is 3.500000000000000e-02
computed value for L4.PHASE is 9.000000000000000e+01
computed value for L4.FREQ is 2.856000000000000e+09
computed value for L4.CHANGE_P0 is 1
computed value for L4.END1_FOCUS is 1
computed value for L4.END2_FOCUS is 1
computed value for L4.N_KICKS is 10
computed value for L4.INTERPOLATE is 1
computed value for L4.SMOOTHING is 1
computed value for FODO04.DISABLE is 1
computed value for DMTA.L is 1.000000000000000e+00
computed value for QT01.L is 1.500000000000000e-01
computed value for QT01.K1 is -1.315043000000000e+00
computed value for QT01.DX is -8.405619864603801e-05
computed value for QT01.DY is 8.523823284658949e-07
computed value for DMTB.L is 1.250000000000000e+00
computed value for QT02.L is 1.500000000000000e-01
computed value for QT02.K1 is 1.402247000000000e+00
computed value for QT02.DX is -3.309838016856147e-05
computed value for QT02.DY is 2.885751722702450e-05
computed value for DMTC1.L is 5.500000000000000e-01
computed value for PRF06.DISABLE is 0
computed value for DMTC2.L is 5.500000000000000e+00
computed value for PRF07.DISABLE is 0
computed value for DMTC3.L is 5.500000000000000e+00
computed value for PRF08.DISABLE is 0
computed value for DMTC4.L is 5.000000000000000e-01
computed value for QT03.L is 1.500000000000000e-01
computed value for QT03.K1 is -1.339706000000000e+00
computed value for QT03.DX is -1.005047961568691e-04
computed value for QT03.DY is -1.108187925558400e-05
computed value for DMTD.L is 1.300000000000000e+00
computed value for QT04.L is 1.500000000000000e-01
computed value for QT04.K1 is 8.841496000000000e-01
computed value for QT04.DX is -1.351889298427270e-04
computed value for QT04.DY is -2.190066941877716e-05
computed value for DMTE.L is 1.575000000000000e+00
computed value for DMTE1.L is 2.000000000000000e-01
computed value for PRF09.DISABLE is 1
computed value for DMTE2.L is 2.000000000000000e-01
computed value for FODO05.DISABLE is 1
computed value for QHL1.L is 3.000000000000000e-01
computed value for QHL1.K1 is 2.308226000000000e+00
computed value for QHL1.DX is 1.398599800665510e-06
computed value for QHL1.DY is -3.609251941799164e-05
computed value for DHL1.L is 3.000000000000000e-01
computed value for QHL2.L is 3.000000000000000e-01
computed value for QHL2.K1 is -1.975459000000000e+00
computed value for QHL2.DX is -4.404124807593244e-05
computed value for QHL2.DY is 1.814952804868207e-05
computed value for DHL2.L is 4.500000000000000e-01
computed value for BH01.L is 2.000000000000000e+00
computed value for BH01.ANGLE is 2.225417052526151e-01
computed value for BH01.E1 is 1.112708526263075e-01
computed value for BH01.E2 is 1.112708526263075e-01
computed value for BH01.HGAP is 2.000000000000000e-02
computed value for BH01.N_SLICES is 100
computed value for BH01.SYNCH_RAD is 1
computed value for BH01.BINS is 500
computed value for BH01.SG_HALFWIDTH is 20
computed value for BH01.SGDERIV_HALFWIDTH is 20
computed value for BH01.ISR is 1
computed value for DHL3.L is 2.128000000000000e+00
computed value for DHL3A.L is 3.000000000000000e-01
computed value for QHL3.L is 3.000000000000000e-01
computed value for QHL3.K1 is 2.832848000000000e+00
computed value for QHL3.DX is 7.270610939268148e-05
computed value for QHL3.DY is 1.595218826171508e-05
computed value for DHL4.L is 2.000000000000000e-01
computed value for DHL4A.L is 2.670000000000000e-01
computed value for QHL4.L is 3.000000000000000e-01
computed value for QHL4.K1 is -2.158739000000000e+00
computed value for QHL4.DX is -6.762375141280809e-05
computed value for QHL4.DY is -1.776213085987440e-06
computed value for DHL5.L is 4.950000000000000e+00
computed value for BH02.L is 2.000000000000000e+00
computed value for BH02.ANGLE is 2.225417052526151e-01
computed value for BH02.E1 is 1.112708526263075e-01
computed value for BH02.E2 is 1.112708526263075e-01
computed value for BH02.HGAP is 2.000000000000000e-02
computed value for BH02.N_SLICES is 100
computed value for BH02.SYNCH_RAD is 1
computed value for BH02.BINS is 500
computed value for BH02.SG_HALFWIDTH is 20
computed value for BH02.SGDERIV_HALFWIDTH is 20
computed value for BH02.ISR is 1
computed value for ES04.X_MAX is 6.000000000000000e-03
computed value for ES04.Y_MAX is 1.600000000000000e-02
computed value for PRF10.DISABLE is 1
computed value for BH03.L is 2.000000000000000e+00
computed value for BH03.ANGLE is 2.225417052526151e-01
computed value for BH03.E1 is 1.112708526263075e-01
computed value for BH03.E2 is 1.112708526263075e-01
computed value for BH03.HGAP is 2.000000000000000e-02
computed value for BH03.N_SLICES is 100
computed value for BH03.SYNCH_RAD is 1
computed value for BH03.BINS is 500
computed value for BH03.SG_HALFWIDTH is 20
computed value for BH03.SGDERIV_HALFWIDTH is 20
computed value for BH03.ISR is 1
computed value for WB1.DISABLE is 1
computed value for DMF1.L is 4.750000000000000e-01
computed value for QT13.L is 1.500000000000000e-01
computed value for QT13.K1 is 9.463534000000000e-01
computed value for QT13.DX is 6.470816198453733e-06
computed value for QT13.DY is -7.410490832667372e-06
computed value for DMF2.L is 1.050000000000000e+00
computed value for QT14.L is 1.500000000000000e-01
computed value for QT14.K1 is -1.247343000000000e+00
computed value for QT14.DX is 6.152184157541202e-05
computed value for QT14.DY is 1.691287170026627e-05
computed value for DMF3.L is 1.050000000000000e+00
computed value for QT15.L is 1.500000000000000e-01
computed value for QT15.K1 is 1.774070000000000e-01
computed value for QT15.DX is -4.220653203990268e-06
computed value for QT15.DY is -3.322006239929417e-05
computed value for DMF4.L is 5.500000000000000e-01
computed value for DT1.L is 4.536000000000000e+00
computed value for PRF11.DISABLE is 1
computed value for DT1A.L is 2.000000000000000e-01
computed value for QT16.L is 1.500000000000000e-01
computed value for QT16.K1 is -3.573785000000000e-01
computed value for QT16.DX is -4.969857511094746e-05
computed value for QT16.DY is 1.523340106155554e-05
computed value for DT1B.L is 8.500000000000000e-01
computed value for QTR1.L is 7.500000000000000e-02
computed value for QTR1.K1 is 6.594606000000000e-01
computed value for QTR1.DX is 9.905822434579403e-05
computed value for QTR1.DY is 3.817784014244732e-05
computed value for W01.DISABLE is 1
computed value for DT2.L is 1.205000000000000e+01
computed value for QT18.L is 1.500000000000000e-01
computed value for QT18.K1 is -6.594606000000000e-01
computed value for QT18.DX is -9.137209147492071e-06
computed value for QT18.DY is -2.869115721717907e-05
computed value for DT3.L is 1.205000000000000e+01
computed value for QT19.L is 1.500000000000000e-01
computed value for QT19.K1 is 6.594606000000000e-01
computed value for QT19.DX is 2.208262306931675e-05
computed value for QT19.DY is 1.655880142789148e-05
computed value for DT4.L is 1.205000000000000e+01
computed value for QT20.L is 1.500000000000000e-01
computed value for QT20.K1 is -6.594606000000000e-01
computed value for QT20.DX is 2.759898655521423e-05
computed value for QT20.DY is -1.241931192071400e-05
computed value for DT5.L is 1.205000000000000e+01
computed value for QT21.L is 1.500000000000000e-01
computed value for QT21.K1 is 6.594606000000000e-01
computed value for QT21.DX is -1.248954761798472e-05
computed value for QT21.DY is -5.134245605132947e-05
computed value for DT6.L is 1.205000000000000e+01
computed value for QT22.L is 1.500000000000000e-01
computed value for QT22.K1 is -6.594606000000000e-01
computed value for QT22.DX is 8.343499675943640e-05
computed value for QT22.DY is -3.594929652115532e-06
computed value for DT7.L is 1.205000000000000e+01
computed value for QT23.L is 1.500000000000000e-01
computed value for QT23.K1 is 6.594606000000000e-01
computed value for QT23.DX is 4.951964055977817e-05
computed value for QT23.DY is 5.749247879838701e-05
computed value for DT8.L is 2.762534000000000e+00
computed value for DMO1.L is 2.750000000000000e-01
computed value for QT24.L is 3.000000000000000e-01
computed value for QT24.K1 is 1.557907000000000e+00
computed value for QT24.DX is -3.963727873914919e-05
computed value for QT24.DY is -2.413923382866081e-05
computed value for DMO2.L is 3.000000000000000e-01
computed value for QT25.L is 3.000000000000000e-01
computed value for QT25.K1 is -2.509871000000000e+00
computed value for QT25.DX is -6.986513029639211e-05
computed value for QT25.DY is 1.541719950843908e-05
computed value for DMO3.L is 1.775000000000000e+00
computed value for QT26.L is 1.500000000000000e-01
computed value for QT26.K1 is -5.559521000000000e-02
computed value for QT26.DX is -6.164219036098306e-06
computed value for QT26.DY is -3.611457302056630e-05
computed value for DMO4.L is 6.250000000000000e-01
computed value for DMO4A.L is 2.000000000000000e-01
computed value for PRF12.DISABLE is 1
computed value for DMO4B.L is 2.000000000000000e-01
computed value for QT27.L is 3.000000000000000e-01
computed value for QT27.K1 is 2.493402000000000e+00
computed value for QT27.DX is -5.558900033552103e-05
computed value for QT27.DY is -1.116027406526855e-05
computed value for DMO5.L is 3.000000000000000e-01
computed value for QT28.L is 3.000000000000000e-01
computed value for QT28.K1 is -3.426730000000000e+00
computed value for QT28.DX is -3.888787716802518e-06
computed value for QT28.DY is 5.552006400745621e-05
computed value for DMO6.L is 3.000000000000000e-01
computed value for WB2.DISABLE is 1
computed value for BH04.L is 1.500000000000000e+00
computed value for BH04.ANGLE is -1.745329251994329e-01
computed value for BH04.E2 is -1.745329251994329e-01
computed value for BH04.HGAP is 1.500000000000000e-02
computed value for BH04.N_SLICES is 100
computed value for BH04.SYNCH_RAD is 1
computed value for BH04.BINS is 500
computed value for BH04.SG_HALFWIDTH is 20
computed value for BH04.SGDERIV_HALFWIDTH is 20
computed value for BH04.ISR is 1
computed value for DS1.L is 2.025000000000000e+00
computed value for DS1.DZ is 1.000000000000000e-02
computed value for DS1.USE_STUPAKOV is 1
computed value for QT29.L is 1.500000000000000e-01
computed value for QT29.K1 is 1.127802000000000e+00
computed value for QT29.DX is -4.874702896531796e-05
computed value for QT29.DY is -9.770564594029863e-05
computed value for DHR1.L is 4.250000000000000e-01
computed value for DHR1.DZ is 1.000000000000000e-02
computed value for DHR1.USE_STUPAKOV is 1
computed value for BV01.L is 2.727100000000000e+00
computed value for BV01.ANGLE is 4.363323129985824e-01
computed value for BV01.E1 is 2.181661564992912e-01
computed value for BV01.E2 is 2.181661564992912e-01
computed value for BV01.TILT is -1.570796326794897e+00
computed value for BV01.HGAP is 1.500000000000000e-02
computed value for BV01.N_SLICES is 100
computed value for BV01.SYNCH_RAD is 1
computed value for BV01.BINS is 500
computed value for BV01.SG_HALFWIDTH is 20
computed value for BV01.SGDERIV_HALFWIDTH is 20
computed value for BV01.ISR is 1
computed value for F5.L is 8.000000000000000e-01
computed value for F5.DZ is 1.000000000000000e-02
computed value for F5.USE_STUPAKOV is 1
computed value for QT30.L is 3.000000000000000e-01
computed value for QT30.K1 is -2.960617000000000e+00
computed value for QT30.DX is -8.188131916615763e-05
computed value for QT30.DY is 2.428941822548005e-05
computed value for F2.L is 1.400000000000000e+00
computed value for F2.DZ is 1.000000000000000e-02
computed value for F2.USE_STUPAKOV is 1
computed value for QT31.L is 3.000000000000000e-01
computed value for QT31.K1 is 3.334709000000000e+00
computed value for QT31.DX is 6.949746527023776e-05
computed value for QT31.DY is -2.159715097954074e-05
computed value for F3.L is 5.000000000000000e-01
computed value for F3.DZ is 1.000000000000000e-02
computed value for F3.USE_STUPAKOV is 1
computed value for QT32.L is 3.000000000000000e-01
computed value for QT32.K1 is -3.457488000000000e+00
computed value for QT32.DX is -2.717809353796902e-05
computed value for QT32.DY is 6.926822388530056e-05
computed value for F4.L is 5.749710000000000e-01
computed value for F4.DZ is 1.000000000000000e-02
computed value for F4.USE_STUPAKOV is 1
computed value for PRF13.DISABLE is 1
computed value for QT33.L is 3.000000000000000e-01
computed value for QT33.K1 is -3.457488000000000e+00
computed value for QT33.DX is 4.051577863843194e-06
computed value for QT33.DY is -7.613701659430455e-05
computed value for QT34.L is 3.000000000000000e-01
computed value for QT34.K1 is 3.334709000000000e+00
computed value for QT34.DX is -5.656044407860229e-05
computed value for QT34.DY is -2.660641590155436e-05
computed value for QT35.L is 3.000000000000000e-01
computed value for QT35.K1 is -2.960617000000000e+00
computed value for QT35.DX is 1.624405771985379e-05
computed value for QT35.DY is -3.299863051987101e-05
computed value for BV02.L is 2.727100000000000e+00
computed value for BV02.ANGLE is -4.363323129985824e-01
computed value for BV02.E1 is -2.181661564992912e-01
computed value for BV02.E2 is -2.181661564992912e-01
computed value for BV02.TILT is -1.570796326794897e+00
computed value for BV02.HGAP is 1.500000000000000e-02
computed value for BV02.N_SLICES is 100
computed value for BV02.SYNCH_RAD is 1
computed value for BV02.BINS is 500
computed value for BV02.SG_HALFWIDTH is 20
computed value for BV02.SGDERIV_HALFWIDTH is 20
computed value for BV02.ISR is 1
computed value for QT36.L is 1.500000000000000e-01
computed value for QT36.K1 is 1.127802000000000e+00
computed value for QT36.DX is -1.571334624281515e-05
computed value for QT36.DY is -2.167606959744149e-05
computed value for DS1A.L is 5.000000000000000e-01
computed value for DS1A.DZ is 1.000000000000000e-02
computed value for DS1A.USE_STUPAKOV is 1
computed value for DS1B.L is 1.225000000000000e+00
computed value for DS1B.DZ is 1.000000000000000e-02
computed value for DS1B.USE_STUPAKOV is 1
computed value for PRF14.DISABLE is 1
computed value for DS1C.L is 3.000000000000000e-01
computed value for DS1C.DZ is 1.000000000000000e-02
computed value for DS1C.USE_STUPAKOV is 1
computed value for DSEP1.L is 1.000000000000000e-01
computed value for DSEP1.DZ is 1.000000000000000e-02
computed value for DSEP1.USE_STUPAKOV is 1
computed value for SEP2.L is 6.580000000000000e-01
computed value for SEP2.ANGLE is -8.726646259971647e-02
computed value for SEP2.E1 is -1.745329251994329e-01
computed value for SEP2.E2 is 8.726646259971647e-02
computed value for SEP2.HGAP is 4.000000000000000e-03
computed value for SEP2.N_SLICES is 100
computed value for SEP2.SYNCH_RAD is 1
computed value for SEP2.BINS is 500
computed value for SEP2.SG_HALFWIDTH is 20
computed value for SEP2.SGDERIV_HALFWIDTH is 20
computed value for SEP2.ISR is 1
computed value for DSEP.L is 8.400000000000001e-02
computed value for DSEP.DZ is 1.000000000000000e-02
computed value for DSEP.USE_STUPAKOV is 1
computed value for SEP1.L is 6.580000000000000e-01
computed value for SEP1.ANGLE is -8.726646259971647e-02
computed value for SEP1.E1 is -8.726646259971647e-02
computed value for SEP1.HGAP is 4.000000000000000e-03
computed value for SEP1.N_SLICES is 100
computed value for SEP1.SYNCH_RAD is 1
computed value for SEP1.BINS is 500
computed value for SEP1.SG_HALFWIDTH is 20
computed value for SEP1.SGDERIV_HALFWIDTH is 20
computed value for SEP1.ISR is 1
computed value for WSEP1.DISABLE is 1
*** Warning: CSBEND edge settings may be non-optimal if symplecticity is important --- EDGE1_EFFECTS and EDGE2_EFFECTS should be 3 or 4 for symplectic tracking with nonlinear effects.
*** Warning: CSBEND edge settings may be non-optimal if symplecticity is important --- EDGE1_EFFECTS and EDGE2_EFFECTS should be 3 or 4 for symplectic tracking with nonlinear effects.
length of beamline USEDLINE per pass: 3.192640960000002e+02 m
statistics:    ET:     00:00:00 CP:    0.00 BIO:0 DIO:0 PF:0 MEM:6390
&run_control
    n_steps = 1,
    bunch_frequency = 0.000000000000000e+00,
    n_indices = 0,
    n_passes = 1,
    n_passes_fiducial = 0,
    terminate_on_failure = 0,
    reset_rf_for_each_step = 1,
    first_is_fiducial = 0,
    restrict_fiducialization = 1,
    reset_scattering_seed = 0,
&end
statistics:    ET:     00:00:00 CP:    0.00 BIO:0 DIO:0 PF:0 MEM:6390
&twiss_output
    filename = %s.twi,
    matched = 0,
    output_at_each_step = 0,
    output_before_tune_correction = 0,
    final_values_only = 0,
    statistics = 1,
    radiation_integrals = 0,
    beta_x = 3.900000000000000e+01,
    alpha_x = 7.300000000000000e-01,
    eta_x = 0.000000000000000e+00,
    etap_x = 0.000000000000000e+00,
    beta_y = 3.900000000000000e+01,
    alpha_y = 7.300000000000000e-01,
    eta_y = 0.000000000000000e+00,
    etap_y = 0.000000000000000e+00,
    reference_file = {NULL},
    reference_element = {NULL},
    reference_element_occurrence = 0,
    reflect_reference_values = 0,
    concat_order = 1,
    higher_order_chromaticity = 0,
    higher_order_chromaticity_points = 5,
    higher_order_chromaticity_range = 4.000000000000000e-04,
    quick_higher_order_chromaticity = 0,
    chromatic_tune_spread_half_range = 0.000000000000000e+00,
    cavities_are_drifts_if_matched = 1,
    compute_driving_terms = 0,
    leading_order_driving_terms_only = 0,
    s_dependent_driving_terms_file = {NULL},
    local_dispersion = 1,
    n_periods = 1,
&end
final Twiss parameters (chromaticity valid for fully second-order calculation only!):
         beta          alpha           nu           eta          eta'       dnu/d(dp/p)   dbeta/(dp/p)     accept.
          m                          1/2pi           m                         1/2pi            m          mm-mrad
--------------------------------------------------------------------------------------------------------------------
  x:  6.315800e+00  5.977216e-02  4.966838e+00 -4.488691e-02 -1.166427e-03 -5.535887e-01 -6.868984e+01  5.601226e-01
ave:  2.502469e+01  5.077149e-02               -3.693213e-02 -1.434683e-04
min:  1.180258e-01 -3.482397e+01               -1.985851e+00 -1.230105e+00
max:  9.066891e+01  3.673298e+01                7.700203e-01  1.204156e+00
  y:  3.021270e+00  7.268434e-02  5.846471e+00  7.622252e-02  2.603538e-02 -3.938539e+00 -7.768990e+01  4.735655e-01
ave:  2.292324e+01  6.120471e-02               -3.445572e-03  1.189980e-04
min:  3.807599e-01 -8.668143e+01               -1.043362e+00 -4.571749e-01
max:  8.182491e+01  4.256794e+01                8.151786e-01  4.907607e-01
x acceptance limited to 5.601226e-07 by DHL4A ending at 2.002334e+02 m
y acceptance limited to 4.735655e-07 by DA1 ending at 6.376090e+01 m
statistics:    ET:     00:00:00 CP:    0.06 BIO:0 DIO:0 PF:0 MEM:6926
&matrix_output
    printout = {NULL},
    printout_order = 1,
    printout_format = "%22.15e ",
    full_matrix_only = 1,
    print_element_data = 1,
    mathematica_full_matrix = 0,
    mathematica_matrix_name = MFull,
    mathematica_matrix_file = {NULL},
    SDDS_output = %s.mat,
    SDDS_output_order = 1,
    individual_matrices = 0,
    output_at_each_step = 0,
    start_from = {NULL},
    start_from_occurence = 1,
    SDDS_output_match = {NULL},
&end
*** Warning: Some elements had no matrix. --- 33 elements had no matrix
statistics:    ET:     00:00:00 CP:    0.07 BIO:0 DIO:0 PF:0 MEM:6926
&error_control
    clear_error_settings = 1,
    summarize_error_settings = 0,
    error_log = {NULL},
    no_errors_for_first_step = 0,
    error_factor = 1.000000000000000e+00,
&end
*** Warning: CSBEND edge settings may be non-optimal if symplecticity is important --- EDGE1_EFFECTS and EDGE2_EFFECTS should be 3 or 4 for symplectic tracking with nonlinear effects.
*** Warning: CSBEND edge settings may be non-optimal if symplecticity is important --- EDGE1_EFFECTS and EDGE2_EFFECTS should be 3 or 4 for symplectic tracking with nonlinear effects.

*** Cleared error settings
statistics:    ET:     00:00:00 CP:    0.07 BIO:0 DIO:0 PF:0 MEM:6926
&error
    name = *,
    exclude = {NULL},
    item = FSE,
    element_type = QUAD,
    type = gaussian,
    amplitude = 0.000000000000000e+00,
    cutoff = 3.000000000000000e+00,
    bind = 0,
    bind_number = 0,
    bind_across_names = 0,
    fractional = 0,
    post_correction = 0,
    additive = 1,
    allow_missing_elements = 0,
    before = {NULL},
    after = {NULL},
    sample_file = {NULL},
    sample_file_column = {NULL},
    sample_mode = {NULL},
&end
statistics:    ET:     00:00:00 CP:    0.07 BIO:0 DIO:0 PF:0 MEM:6926
&bunched_beam
    bunch = {NULL},
    n_particles_per_bunch = 10000,
    multiply_np_by_cores = 0,
    time_start = 0.000000000000000e+00,
    matched_to_cell = {NULL},
    emit_x = 0.000000000000000e+00,
    emit_nx = 1.000000000000000e-05,
    beta_x = 3.900000000000000e+01,
    alpha_x = 7.300000000000000e-01,
    eta_x = 0.000000000000000e+00,
    etap_x = 0.000000000000000e+00,
    emit_y = 0.000000000000000e+00,
    emit_ny = 1.000000000000000e-05,
    beta_y = 3.900000000000000e+01,
    alpha_y = 7.300000000000000e-01,
    eta_y = 0.000000000000000e+00,
    etap_y = 0.000000000000000e+00,
    use_twiss_command_values = 10000,
    use_moments_output_values = 0,
    Po = 2.234028000000000e+02,
    sigma_dp = 4.000000000000000e-03,
    sigma_s = 1.110000000000000e-03,
    dp_s_coupling = 0.000000000000000e+00,
    emit_z = 0.000000000000000e+00,
    beta_z = 0.000000000000000e+00,
    alpha_z = 0.000000000000000e+00,
    momentum_chirp = 0.000000000000000e+00,
    one_random_bunch = 1,
    save_initial_coordinates = 1,
    limit_invariants = 0,
    symmetrize = 0,
    halton_sequence[0] = 0, 0, 0,
    halton_radix[0] = 0, 0, 0, 0, 0, 0,
    optimized_halton = 0,
    randomize_order[0] = 0, 0, 0,
    limit_in_4d = 0,
    enforce_rms_values[0] = 0, 0, 0,
    distribution_cutoff[0] = 5.000000000000000e+00, 5.000000000000000e+00, 5.000000000000000e+00,
    distribution_type[0] = gaussian, gaussian, gaussian,
    centroid[0] = 0.000000000000000e+00, 0.000000000000000e+00, 0.000000000000000e+00, 0.000000000000000e+00, 
        0.000000000000000e+00, 0.000000000000000e+00,
    first_is_fiducial = 0,
&end
statistics:    ET:     00:00:00 CP:    0.07 BIO:0 DIO:0 PF:0 MEM:7270
&track
    center_on_orbit = 0,
    center_momentum_also = 1,
    offset_by_orbit = 0,
    offset_momentum_also = 1,
    soft_failure = 1,
    use_linear_chromatic_matrix = 0,
    longitudinal_ring_only = 0,
    ibs_only = 0,
    stop_tracking_particle_limit = -1,
    check_beam_structure = 0,
    interrupt_file = %s.interrupt,
&end
64 matrices (re)computed
Updating floor coordinates
tracking step 1
generating bunch 1
tracking 10000 particles
5 Jun 25 20:45:51: This step establishes energy profile vs s (fiducial beam).
5 Jun 25 20:45:51: Rf phases/references reset.
Dumping centroid data...done.
Dumping bpm_centroid data...done.
Post-tracking output completed.
Tracking step completed   ET:     00:00:05 CP:    4.64 BIO:0 DIO:0 PF:0 MEM:7797


Updating floor coordinates
Finished tracking.
End of input data encountered.
statistics:    ET:     00:00:05 CP:    4.64 BIO:0 DIO:0 PF:0 MEM:7797

************************** Summary of warnings ****************************
2 types of warnings were recorded:
4* CSBEND edge settings may be non-optimal if symplecticity is important
1* Some elements had no matrix.
*****************************************************************************

=====================================================================================
Thanks for using elegant.  Please cite the following reference in your publications:
  M. Borland, "elegant: A Flexible SDDS-Compliant Code for Accelerator Simulation,"
  Advanced Photon Source LS-287, September 2000.
If you use a modified version, please indicate this in all publications.
=====================================================================================
