Running elegant at Tue Apr 29 10:05:19 2025

This is elegant 2022.1.0, Jun 21 2023, by M. Borland, J. Calvey, M. Carla', N. Carmignani, AJ Dick, Z. Duan, M. Ehrlichman, L. Emery, W. Guo, R. Lindberg, V. Sajaev, R. Soliday, Y.-P. Sun, C.-X. Wang, Y. Wang, Y. Wu, and A. Xiao.
=====================================================================================
Thanks for using elegant.  Please cite the following reference in your publications:
  M. Borland, "elegant: A Flexible SDDS-Compliant Code for Accelerator Simulation,"
  Advanced Photon Source LS-287, September 2000.
If you use a modified version, please indicate this in all publications.
=====================================================================================
Link date: Jun 21 2023 11:41:46, SVN revision: 28583M
statistics:    ET:     00:00:00 CP:    0.00 BIO:0 DIO:0 PF:0 MEM:6150
&run_setup
    lattice = lattice.lte,
    use_beamline = USEDLINE,
    rootname = {NULL},
    output = {NULL},
    centroid = %s.cen,
    bpm_centroid = %s.bpmcen,
    sigma = {NULL},
    final = {NULL},
    acceptance = {NULL},
    losses = {NULL},
    losses_include_global_coordinates = 0,
    losses_s_limit[0] = -1.797693134862316e+308, 1.797693134862316e+308,
    magnets = {NULL},
    semaphore_file = {NULL},
    parameters = {NULL},
    suppress_parameter_defaults = 0,
    rfc_reference_output = {NULL},
    combine_bunch_statistics = 0,
    wrap_around = 1,
    final_pass = 0,
    default_order = 3,
    concat_order = 0,
    print_statistics = 0,
    show_element_timing = 0,
    monitor_memory_usage = 0,
    random_number_seed = 9876543210,
    correction_iterations = 1,
    echo_lattice = 0,
    p_central = 4.298710009972669e+03,
    p_central_mev = 0.000000000000000e+00,
    always_change_p0 = 1,
    load_balancing_on = 0,
    random_sequence_No = 1,
    expand_for = {NULL},
    tracking_updates = 1,
    search_path = {NULL},
    element_divisions = 0,
    back_tracking = 0,
&end
Seeding random number generators
computed value for QT02.L is 1.500000000000000e-01
computed value for QT02.K1 is 1.402247000000000e+00
computed value for DMTC1.L is 5.500000000000000e-01
computed value for PRF06.DISABLE is 0
computed value for DMTC2.L is 5.500000000000000e+00
computed value for PRF07.DISABLE is 0
length of beamline USEDLINE per pass: 6.200000000000000e+00 m
statistics:    ET:     00:00:00 CP:    0.00 BIO:0 DIO:0 PF:0 MEM:6196
&run_control
    n_steps = 1,
    bunch_frequency = 0.000000000000000e+00,
    n_indices = 0,
    n_passes = 1,
    n_passes_fiducial = 0,
    terminate_on_failure = 0,
    reset_rf_for_each_step = 1,
    first_is_fiducial = 0,
    restrict_fiducialization = 1,
    reset_scattering_seed = 0,
&end
statistics:    ET:     00:00:00 CP:    0.00 BIO:0 DIO:0 PF:0 MEM:6196
&twiss_output
    filename = %s.twi,
    matched = 0,
    output_at_each_step = 0,
    output_before_tune_correction = 0,
    final_values_only = 0,
    statistics = 1,
    radiation_integrals = 0,
    beta_x = 3.900000000000000e+01,
    alpha_x = 7.300000000000000e-01,
    eta_x = 0.000000000000000e+00,
    etap_x = 0.000000000000000e+00,
    beta_y = 3.900000000000000e+01,
    alpha_y = 7.300000000000000e-01,
    eta_y = 0.000000000000000e+00,
    etap_y = 0.000000000000000e+00,
    reference_file = {NULL},
    reference_element = {NULL},
    reference_element_occurrence = 0,
    reflect_reference_values = 0,
    concat_order = 1,
    higher_order_chromaticity = 0,
    higher_order_chromaticity_points = 5,
    higher_order_chromaticity_range = 4.000000000000000e-04,
    quick_higher_order_chromaticity = 0,
    chromatic_tune_spread_half_range = 0.000000000000000e+00,
    cavities_are_drifts_if_matched = 1,
    compute_driving_terms = 0,
    leading_order_driving_terms_only = 0,
    s_dependent_driving_terms_file = {NULL},
    local_dispersion = 1,
    n_periods = 1,
&end
final Twiss parameters (chromaticity valid for fully second-order calculation only!):
         beta          alpha           nu           eta          eta'       dnu/d(dp/p)   dbeta/(dp/p)     accept.
          m                          1/2pi           m                         1/2pi            m          mm-mrad
--------------------------------------------------------------------------------------------------------------------
  x:  7.066454e+00 -3.668613e+00  4.400742e-01  0.000000e+00  0.000000e+00 -1.758757e-01 -3.927797e+01  0.000000e+00
ave:  1.875785e+01  2.459872e+00                0.000000e+00  0.000000e+00
min:  7.066454e+00 -3.668613e+00                0.000000e+00  0.000000e+00
max:  3.756887e+01  8.710334e+00                0.000000e+00  0.000000e+00
  y:  1.858845e+02 -1.650346e+01  1.178042e-02  0.000000e+00  0.000000e+00  6.828074e-03 -2.207997e+02  0.000000e+00
ave:  1.080494e+02 -1.176321e+01                0.000000e+00  0.000000e+00
min:  4.002073e+01 -1.650346e+01                0.000000e+00  0.000000e+00
max:  1.858845e+02 -7.606250e+00                0.000000e+00  0.000000e+00
statistics:    ET:     00:00:00 CP:    0.00 BIO:0 DIO:0 PF:0 MEM:6269
&matrix_output
    printout = {NULL},
    printout_order = 1,
    printout_format = "%22.15e ",
    full_matrix_only = 1,
    print_element_data = 1,
    mathematica_full_matrix = 0,
    mathematica_matrix_name = MFull,
    mathematica_matrix_file = {NULL},
    SDDS_output = %s.mat,
    SDDS_output_order = 1,
    individual_matrices = 0,
    output_at_each_step = 0,
    start_from = {NULL},
    start_from_occurence = 1,
    SDDS_output_match = {NULL},
&end
*** Warning: Some elements had no matrix. --- 2 elements had no matrix
statistics:    ET:     00:00:00 CP:    0.00 BIO:0 DIO:0 PF:0 MEM:6269
&sdds_beam
    input = pre.bun,
    input_list = {NULL},
    input_type = elegant,
    selection_parameter = {NULL},
    selection_string = {NULL},
    one_random_bunch = 0,
    n_particles_per_ring = 0,
    reuse_bunch = 1,
    prebunched = -1,
    track_pages_separately = 0,
    use_bunched_mode = 0,
    fiducialization_bunch = 0,
    sample_interval = 1,
    n_tables_to_skip = 0,
    center_transversely = 0,
    center_arrival_time = 1,
    reverse_t_sign = 0,
    sample_fraction = 1.000000000000000e+00,
    p_lower = 0.000000000000000e+00,
    p_upper = 0.000000000000000e+00,
    save_initial_coordinates = 1,
    n_duplicates = 0,
    duplicate_stagger[0] = 0.000000000000000e+00, 0.000000000000000e+00, 0.000000000000000e+00, 0.000000000000000e+00, 
        0.000000000000000e+00, 0.000000000000000e+00,
&end
statistics:    ET:     00:00:00 CP:    0.00 BIO:0 DIO:0 PF:0 MEM:6269
&track
    center_on_orbit = 0,
    center_momentum_also = 1,
    offset_by_orbit = 0,
    offset_momentum_also = 1,
    soft_failure = 1,
    use_linear_chromatic_matrix = 0,
    longitudinal_ring_only = 0,
    ibs_only = 0,
    stop_tracking_particle_limit = -1,
    check_beam_structure = 0,
    interrupt_file = %s.interrupt,
&end
Updating floor coordinates
tracking step 1
29 Apr 25 10:05:19: Starting to read beam from SDDS file.
Opening file "pre.bun"
File pre.bun opened and checked.
Read page 1 from file
10000 particle ID slots per bunch
8370 rows in page 1
File pre.bun was used up and closed.
29 Apr 25 10:05:19: Done reading beam from SDDS file.
a total of 8370 data points were read

tracking 8370 particles
29 Apr 25 10:05:19: This step establishes energy profile vs s (fiducial beam).
29 Apr 25 10:05:19: Rf phases/references reset.
Dumping centroid data...done.
Dumping bpm_centroid data...done.
Post-tracking output completed.
Tracking step completed   ET:     00:00:00 CP:    0.01 BIO:0 DIO:0 PF:0 MEM:6899


Finished tracking.
End of input data encountered.
statistics:    ET:     00:00:00 CP:    0.01 BIO:0 DIO:0 PF:0 MEM:6899

************************** Summary of warnings ****************************
1 types of warnings were recorded:
1* Some elements had no matrix.
*****************************************************************************

=====================================================================================
Thanks for using elegant.  Please cite the following reference in your publications:
  M. Borland, "elegant: A Flexible SDDS-Compliant Code for Accelerator Simulation,"
  Advanced Photon Source LS-287, September 2000.
If you use a modified version, please indicate this in all publications.
=====================================================================================
