Running elegant at Tue Apr 29 10:05:36 2025

This is elegant 2022.1.0, Jun 21 2023, by M. Borland, J. Calvey, M. Carla', N. Carmignani, AJ Dick, Z. Duan, M. Ehrlichman, L. Emery, W. Guo, R. Lindberg, V. Sajaev, R. Soliday, Y.-P. Sun, C.-X. Wang, Y. Wang, Y. Wu, and A. Xiao.
=====================================================================================
Thanks for using elegant.  Please cite the following reference in your publications:
  M. Borland, "elegant: A Flexible SDDS-Compliant Code for Accelerator Simulation,"
  Advanced Photon Source LS-287, September 2000.
If you use a modified version, please indicate this in all publications.
=====================================================================================
Link date: Jun 21 2023 11:41:46, SVN revision: 28583M
statistics:    ET:     00:00:00 CP:    0.00 BIO:0 DIO:0 PF:0 MEM:6150
&run_setup
    lattice = emit.lte,
    use_beamline = USEDLINE,
    rootname = {NULL},
    output = {NULL},
    centroid = {NULL},
    bpm_centroid = {NULL},
    sigma = {NULL},
    final = {NULL},
    acceptance = {NULL},
    losses = {NULL},
    losses_include_global_coordinates = 0,
    losses_s_limit[0] = -1.797693134862316e+308, 1.797693134862316e+308,
    magnets = {NULL},
    semaphore_file = {NULL},
    parameters = {NULL},
    suppress_parameter_defaults = 0,
    rfc_reference_output = {NULL},
    combine_bunch_statistics = 0,
    wrap_around = 1,
    final_pass = 0,
    default_order = 3,
    concat_order = 0,
    print_statistics = 0,
    show_element_timing = 0,
    monitor_memory_usage = 0,
    random_number_seed = 9876543210,
    correction_iterations = 1,
    echo_lattice = 0,
    p_central = 2.234028000000000e+02,
    p_central_mev = 0.000000000000000e+00,
    always_change_p0 = 1,
    load_balancing_on = 0,
    random_sequence_No = 1,
    expand_for = {NULL},
    tracking_updates = 1,
    search_path = {NULL},
    element_divisions = 0,
    back_tracking = 0,
&end
Seeding random number generators
computed value for QT02.L is 1.500000000000000e-01
computed value for QT02.K1 is 2.500000000000000e+00
computed value for DMTC1.L is 5.500000000000000e-01
computed value for PRF06.DISABLE is 1
computed value for DMTC2.L is 5.500000000000000e+00
computed value for PRF07.DISABLE is 1
length of beamline USEDLINE per pass: 6.200000000000000e+00 m
statistics:    ET:     00:00:00 CP:    0.00 BIO:0 DIO:0 PF:0 MEM:6197
&run_control
    n_steps = 1,
    bunch_frequency = 0.000000000000000e+00,
    n_indices = 0,
    n_passes = 1,
    n_passes_fiducial = 0,
    terminate_on_failure = 0,
    reset_rf_for_each_step = 1,
    first_is_fiducial = 0,
    restrict_fiducialization = 1,
    reset_scattering_seed = 0,
&end
statistics:    ET:     00:00:00 CP:    0.00 BIO:0 DIO:0 PF:0 MEM:6197
&twiss_output
    filename = %s.twi,
    matched = 0,
    output_at_each_step = 0,
    output_before_tune_correction = 0,
    final_values_only = 0,
    statistics = 1,
    radiation_integrals = 0,
    beta_x = 3.900000000000000e+01,
    alpha_x = 7.300000000000000e-01,
    eta_x = 0.000000000000000e+00,
    etap_x = 0.000000000000000e+00,
    beta_y = 3.900000000000000e+01,
    alpha_y = 7.300000000000000e-01,
    eta_y = 0.000000000000000e+00,
    etap_y = 0.000000000000000e+00,
    reference_file = {NULL},
    reference_element = {NULL},
    reference_element_occurrence = 0,
    reflect_reference_values = 0,
    concat_order = 1,
    higher_order_chromaticity = 0,
    higher_order_chromaticity_points = 5,
    higher_order_chromaticity_range = 4.000000000000000e-04,
    quick_higher_order_chromaticity = 0,
    chromatic_tune_spread_half_range = 0.000000000000000e+00,
    cavities_are_drifts_if_matched = 1,
    compute_driving_terms = 0,
    leading_order_driving_terms_only = 0,
    s_dependent_driving_terms_file = {NULL},
    local_dispersion = 1,
    n_periods = 1,
&end
final Twiss parameters (chromaticity valid for fully second-order calculation only!):
         beta          alpha           nu           eta          eta'       dnu/d(dp/p)   dbeta/(dp/p)     accept.
          m                          1/2pi           m                         1/2pi            m          mm-mrad
--------------------------------------------------------------------------------------------------------------------
  x:  7.610939e+01 -2.125078e+01  4.823509e-01  0.000000e+00  0.000000e+00 -2.887483e-02 -2.437256e+02  0.000000e+00
ave:  4.623266e+01 -3.183252e+00                0.000000e+00  0.000000e+00
min:  2.223686e+01 -2.125078e+01                0.000000e+00  0.000000e+00
max:  7.610939e+01  1.472643e+01                0.000000e+00  0.000000e+00
  y:  4.001663e+02 -4.499280e+01  8.121883e-03  0.000000e+00  0.000000e+00  5.701661e-03 -5.831046e+02  0.000000e+00
ave:  2.077808e+02 -2.896432e+01                0.000000e+00  0.000000e+00
min:  4.100879e+01 -4.499280e+01                0.000000e+00  0.000000e+00
max:  4.001663e+02 -1.437208e+01                0.000000e+00  0.000000e+00
statistics:    ET:     00:00:00 CP:    0.00 BIO:0 DIO:0 PF:0 MEM:6272
&matrix_output
    printout = {NULL},
    printout_order = 1,
    printout_format = "%22.15e ",
    full_matrix_only = 1,
    print_element_data = 1,
    mathematica_full_matrix = 0,
    mathematica_matrix_name = MFull,
    mathematica_matrix_file = {NULL},
    SDDS_output = %s.mat,
    SDDS_output_order = 1,
    individual_matrices = 0,
    output_at_each_step = 0,
    start_from = {NULL},
    start_from_occurence = 1,
    SDDS_output_match = {NULL},
&end
*** Warning: Some elements had no matrix. --- 2 elements had no matrix
statistics:    ET:     00:00:00 CP:    0.00 BIO:0 DIO:0 PF:0 MEM:6272
&bunched_beam
    bunch = {NULL},
    n_particles_per_bunch = 1,
    multiply_np_by_cores = 0,
    time_start = 0.000000000000000e+00,
    matched_to_cell = {NULL},
    emit_x = 0.000000000000000e+00,
    emit_nx = 0.000000000000000e+00,
    beta_x = 1.000000000000000e+00,
    alpha_x = 0.000000000000000e+00,
    eta_x = 0.000000000000000e+00,
    etap_x = 0.000000000000000e+00,
    emit_y = 0.000000000000000e+00,
    emit_ny = 0.000000000000000e+00,
    beta_y = 1.000000000000000e+00,
    alpha_y = 0.000000000000000e+00,
    eta_y = 0.000000000000000e+00,
    etap_y = 0.000000000000000e+00,
    use_twiss_command_values = 0,
    use_moments_output_values = 0,
    Po = 2.234028000000000e+02,
    sigma_dp = 0.000000000000000e+00,
    sigma_s = 0.000000000000000e+00,
    dp_s_coupling = 0.000000000000000e+00,
    emit_z = 0.000000000000000e+00,
    beta_z = 0.000000000000000e+00,
    alpha_z = 0.000000000000000e+00,
    momentum_chirp = 0.000000000000000e+00,
    one_random_bunch = 1,
    save_initial_coordinates = 1,
    limit_invariants = 0,
    symmetrize = 0,
    halton_sequence[0] = 0, 0, 0,
    halton_radix[0] = 0, 0, 0, 0, 0, 0,
    optimized_halton = 0,
    randomize_order[0] = 0, 0, 0,
    limit_in_4d = 0,
    enforce_rms_values[0] = 0, 0, 0,
    distribution_cutoff[0] = 2.000000000000000e+00, 2.000000000000000e+00, 2.000000000000000e+00,
    distribution_type[0] = gaussian, gaussian, gaussian,
    centroid[0] = 0.000000000000000e+00, 0.000000000000000e+00, 0.000000000000000e+00, 0.000000000000000e+00, 
        0.000000000000000e+00, 0.000000000000000e+00,
    first_is_fiducial = 0,
&end
statistics:    ET:     00:00:00 CP:    0.00 BIO:0 DIO:0 PF:0 MEM:6272
&track
    center_on_orbit = 0,
    center_momentum_also = 1,
    offset_by_orbit = 0,
    offset_momentum_also = 1,
    soft_failure = 1,
    use_linear_chromatic_matrix = 0,
    longitudinal_ring_only = 0,
    ibs_only = 0,
    stop_tracking_particle_limit = -1,
    check_beam_structure = 0,
    interrupt_file = %s.interrupt,
&end
Updating floor coordinates
tracking step 1
generating bunch 1
tracking 1 particles
29 Apr 25 10:05:36: This step establishes energy profile vs s (fiducial beam).
29 Apr 25 10:05:36: Rf phases/references reset.
Post-tracking output completed.
Tracking step completed   ET:     00:00:00 CP:    0.00 BIO:0 DIO:0 PF:0 MEM:6272


Finished tracking.
End of input data encountered.
statistics:    ET:     00:00:00 CP:    0.00 BIO:0 DIO:0 PF:0 MEM:6272

************************** Summary of warnings ****************************
1 types of warnings were recorded:
1* Some elements had no matrix.
*****************************************************************************

=====================================================================================
Thanks for using elegant.  Please cite the following reference in your publications:
  M. Borland, "elegant: A Flexible SDDS-Compliant Code for Accelerator Simulation,"
  Advanced Photon Source LS-287, September 2000.
If you use a modified version, please indicate this in all publications.
=====================================================================================
