2025-07-16 17:35:12,848 - INFO - INPUT PARAMETERS: ['RCDSopt.py', 'start_opt', '', '', '', '0.1', '10', '1', 'HALF:IN:XXX', '1', '1', 'mean']
2025-07-16 17:39:13,198 - INFO - INPUT PARAMETERS: ['RCDSopt.py', 'start_opt', 'QL04,QL05,XC15,XC16', '[,-,5,.,0,,, ,-,5,.,0,,, ,-,5,.,0,,, ,-,5,.,0,]', '[,5,.,0,,, ,5,.,0,,, ,5,.,0,,, ,5,.,0,]', '0.1', '10', '1', 'HALF:IN:XXX', '1', '1', 'mean']
2025-07-16 20:10:21,842 - INFO - INPUT PARAMETERS: ['RCDSopt.py', 'start_opt', 'QL07,QL06,XC15,XC14', '-5.0,-5.0,-5.0,-5.0', '5.0,5.0,5.0,5.0', '0.1', '10', '1', 'HALF:IN:XXX', '1', '1', 'mean']
2025-07-16 20:22:03,932 - INFO - INPUT PARAMETERS: ['RCDSopt.py', 'start_opt', 'QL18,QL17,QL16,XC10,XC09', '-5.0,-5.0,-5.0,-5.0,-5.0', '5.0,5.0,5.0,5.0,5.0', '0.1', '10', '1', 'HALF:IN:XXX', '1', '1', 'mean']
2025-07-16 21:26:22,279 - INFO - INPUT PARAMETERS: ['RCDSopt.py', 'start_opt', 'QL04,QL03,XC12,XC13', '-5.0,-5.0,-5.0,-5.0', '5.0,5.0,5.0,5.0', '0.1', '10', '1', 'HALF:IN:XXX', '1', '1', 'mean']
2025-07-16 21:26:22,279 - ERROR - 错误: vstack() takes 1 positional argument but 2 were given
Traceback (most recent call last):
  File "/home/zhanghaoran/gitproj/half_linac/src/optimization/RCDS/RCDSopt.py", line 600, in <module>
    vrange = np.vstack(np.array(knobs_minus), np.array(knobs_plus))
             ^^^^^^^^^^^^^^^^^^^^^^^^^^^^^^^^^^^^^^^^^^^^^^^^^^^^^^
TypeError: vstack() takes 1 positional argument but 2 were given
2025-07-16 21:29:29,000 - INFO - INPUT PARAMETERS: ['RCDSopt.py', 'start_opt', 'QL04,QL03,XC12,XC13', '-5.0,-5.0,-5.0,-5.0', '5.0,5.0,5.0,5.0', '0.1', '10', '1', 'HALF:IN:XXX', '1', '1', 'mean']
2025-07-16 21:29:29,000 - ERROR - 错误: vstack() takes 1 positional argument but 2 were given
Traceback (most recent call last):
  File "/home/zhanghaoran/gitproj/half_linac/src/optimization/RCDS/RCDSopt.py", line 601, in <module>
    vrange = np.vstack(np.array(knobs_minus), np.array(knobs_plus))
             ^^^^^^^^^^^^^^^^^^^^^^^^^^^^^^^^^^^^^^^^^^^^^^^^^^^^^^
TypeError: vstack() takes 1 positional argument but 2 were given
2025-07-16 21:30:02,072 - INFO - INPUT PARAMETERS: ['RCDSopt.py', 'start_opt', 'QL04,QL03,XC12,XC13', '-5.0,-5.0,-5.0,-5.0', '5.0,5.0,5.0,5.0', '0.1', '10', '1', 'HALF:IN:XXX', '1', '1', 'mean']
2025-07-16 21:30:20,005 - INFO - INPUT PARAMETERS: ['RCDSopt.py', 'start_opt', 'QL04,QL03,XC12,XC13', '-5.0,-5.0,-5.0,-5.0', '5.0,5.0,5.0,5.0', '0.1', '10', '1', 'HALF:IN:XXX', '1', '1', 'mean']
2025-07-16 21:33:12,789 - INFO - INPUT PARAMETERS: ['RCDSopt.py', 'start_opt', 'QL04,QL03,XC12,XC13', '-5.0,-5.0,-5.0,-5.0', '5.0,5.0,5.0,5.0', '0.1', '10', '1', 'HALF:IN:XXX', '1', '1', 'mean']
2025-07-16 22:29:03,059 - INFO - INPUT PARAMETERS: ['RCDSopt.py', 'start_opt', 'XC14,XC13', '-5.0,-5.0', '5.0,5.0', '0.1', '10', '1', 'HALF:IN:XXX', '1', '1', 'mean']
2025-07-16 22:29:03,060 - ERROR - 错误: 'str' object has no attribute 'get_with_metadata'
Traceback (most recent call last):
  File "/home/zhanghaoran/gitproj/half_linac/src/optimization/RCDS/RCDSopt.py", line 635, in <module>
    optimizer = PowellOptimizer(
                ^^^^^^^^^^^^^^^^
  File "/home/zhanghaoran/gitproj/half_linac/src/optimization/RCDS/RCDSopt.py", line 59, in __init__
    self.init_knob_pv()
  File "/home/zhanghaoran/gitproj/half_linac/src/optimization/RCDS/RCDSopt.py", line 73, in init_knob_pv
    vrange[i,:]+=PV.get(pvname)
                 ^^^^^^^^^^^^^^
  File "/home/zhanghaoran/.local/lib/python3.11/site-packages/epics/pv.py", line 505, in get
    data = self.get_with_metadata(count=count, as_string=as_string,
           ^^^^^^^^^^^^^^^^^^^^^^
AttributeError: 'str' object has no attribute 'get_with_metadata'
2025-07-16 22:29:55,392 - INFO - INPUT PARAMETERS: ['RCDSopt.py', 'start_opt', 'XC14,XC13', '-5.0,-5.0', '5.0,5.0', '0.1', '10', '1', 'HALF:IN:XXX', '1', '1', 'mean']
2025-07-16 22:29:55,954 - ERROR - 错误: 'float' object cannot be interpreted as an integer
Traceback (most recent call last):
  File "/home/zhanghaoran/gitproj/half_linac/src/optimization/RCDS/RCDSopt.py", line 643, in <module>
    x_norm_opt, f_opt = optimizer.powellmain()
                        ^^^^^^^^^^^^^^^^^^^^^^
  File "/home/zhanghaoran/gitproj/half_linac/src/optimization/RCDS/RCDSopt.py", line 120, in powellmain
    f0 = _wrapped_func(self.x0)
         ^^^^^^^^^^^^^^^^^^^^^^
  File "/home/zhanghaoran/gitproj/half_linac/src/optimization/RCDS/RCDSopt.py", line 115, in _wrapped_func
    obj_val = self._epics_func(x)
              ^^^^^^^^^^^^^^^^^^^
  File "/home/zhanghaoran/gitproj/half_linac/src/optimization/RCDS/RCDSopt.py", line 89, in _epics_func
    total = np.zeros((self.obj_samples, len(self.obj_pvnames)))
            ^^^^^^^^^^^^^^^^^^^^^^^^^^^^^^^^^^^^^^^^^^^^^^^^^^^
TypeError: 'float' object cannot be interpreted as an integer
2025-07-16 22:30:02,233 - INFO - INPUT PARAMETERS: ['RCDSopt.py', 'start_opt', 'XC14,XC13', '-5.0,-5.0', '5.0,5.0', '0.1', '10', '1', 'HALF:IN:XXX', '1', '1', 'mean']
2025-07-16 22:30:02,795 - ERROR - 错误: 'float' object cannot be interpreted as an integer
Traceback (most recent call last):
  File "/home/zhanghaoran/gitproj/half_linac/src/optimization/RCDS/RCDSopt.py", line 643, in <module>
    x_norm_opt, f_opt = optimizer.powellmain()
                        ^^^^^^^^^^^^^^^^^^^^^^
  File "/home/zhanghaoran/gitproj/half_linac/src/optimization/RCDS/RCDSopt.py", line 120, in powellmain
    f0 = _wrapped_func(self.x0)
         ^^^^^^^^^^^^^^^^^^^^^^
  File "/home/zhanghaoran/gitproj/half_linac/src/optimization/RCDS/RCDSopt.py", line 115, in _wrapped_func
    obj_val = self._epics_func(x)
              ^^^^^^^^^^^^^^^^^^^
  File "/home/zhanghaoran/gitproj/half_linac/src/optimization/RCDS/RCDSopt.py", line 89, in _epics_func
    total = np.zeros((self.obj_samples, len(self.obj_pvnames)))
            ^^^^^^^^^^^^^^^^^^^^^^^^^^^^^^^^^^^^^^^^^^^^^^^^^^^
TypeError: 'float' object cannot be interpreted as an integer
2025-07-17 09:50:27,299 - INFO - INPUT PARAMETERS: ['RCDSopt.py', 'start_opt', 'QL15,QL14,XC15,XC14', '-5.0,-5.0,-5.0,-5.0', '5.0,5.0,5.0,5.0', '0.1', '10', '1', 'HALF:IN:XXX', '1', '1', 'mean']
2025-07-17 09:50:32,312 - ERROR - 错误: Cannot cast ufunc 'add' output from dtype('O') to dtype('float64') with casting rule 'same_kind'
Traceback (most recent call last):
  File "/home/zhanghaoran/gitproj/half_linac/src/optimization/RCDS/RCDSopt.py", line 635, in <module>
    optimizer = PowellOptimizer(
                ^^^^^^^^^^^^^^^^
  File "/home/zhanghaoran/gitproj/half_linac/src/optimization/RCDS/RCDSopt.py", line 59, in __init__
    self.init_knob_pv()
  File "/home/zhanghaoran/gitproj/half_linac/src/optimization/RCDS/RCDSopt.py", line 73, in init_knob_pv
    vrange[i,:]+=caget(pvname)
numpy._core._exceptions._UFuncOutputCastingError: Cannot cast ufunc 'add' output from dtype('O') to dtype('float64') with casting rule 'same_kind'
2025-07-17 09:57:55,166 - INFO - INPUT PARAMETERS: ['RCDSopt.py', 'start_opt', 'QL15,QL14,XC15,XC14', '-5.0,-5.0,-5.0,-5.0', '5.0,5.0,5.0,5.0', '0.1', '10', '1', 'HALF:IN:XXX', '1', '1', 'mean']
2025-07-17 09:57:55,783 - ERROR - 错误: 'float' object cannot be interpreted as an integer
Traceback (most recent call last):
  File "/home/zhanghaoran/gitproj/half_linac/src/optimization/RCDS/RCDSopt.py", line 644, in <module>
    x_norm_opt, f_opt = optimizer.powellmain()
                        ^^^^^^^^^^^^^^^^^^^^^^
  File "/home/zhanghaoran/gitproj/half_linac/src/optimization/RCDS/RCDSopt.py", line 121, in powellmain
    f0 = _wrapped_func(self.x0)
         ^^^^^^^^^^^^^^^^^^^^^^
  File "/home/zhanghaoran/gitproj/half_linac/src/optimization/RCDS/RCDSopt.py", line 116, in _wrapped_func
    obj_val = self._epics_func(x)
              ^^^^^^^^^^^^^^^^^^^
  File "/home/zhanghaoran/gitproj/half_linac/src/optimization/RCDS/RCDSopt.py", line 91, in _epics_func
    for i in range(self.obj_samples):
             ^^^^^^^^^^^^^^^^^^^^^^^
TypeError: 'float' object cannot be interpreted as an integer
2025-07-17 10:00:28,659 - INFO - INPUT PARAMETERS: ['RCDSopt.py', 'start_opt', 'QL15,QL14,XC15,XC14', '-5.0,-5.0,-5.0,-5.0', '5.0,5.0,5.0,5.0', '0.1', '10', '1', 'HALF:IN:XXX', '1', '1', 'mean']
2025-07-17 10:00:35,277 - ERROR - 错误: unsupported operand type(s) for /=: 'str' and 'float'
Traceback (most recent call last):
  File "/home/zhanghaoran/gitproj/half_linac/src/optimization/RCDS/RCDSopt.py", line 644, in <module>
    x_norm_opt, f_opt = optimizer.powellmain()
                        ^^^^^^^^^^^^^^^^^^^^^^
  File "/home/zhanghaoran/gitproj/half_linac/src/optimization/RCDS/RCDSopt.py", line 131, in powellmain
    self.step /= 1.2 # 每次迭代步长缩小
    ^^^^^^^^^^^^^^^^
TypeError: unsupported operand type(s) for /=: 'str' and 'float'
2025-07-17 10:31:09,084 - INFO - INPUT PARAMETERS: ['RCDSopt.py', 'start_opt', 'QT01,QT02', '-5.0,-5.0', '5.0,5.0', '0.1', '2', '1', 'HALF:IN:FLAG:PRF07:sigx', '1', '1', 'mean']
2025-07-17 10:42:11,485 - INFO - INPUT PARAMETERS: ['RCDSopt.py', 'start_opt', 'QT01,QT02', '-5.0,-5.0', '5.0,5.0', '0.1', '2', '1', 'HALF:IN:FLAG:PRF07:sigx', '1', '1', 'mean']
2025-07-17 10:49:00,628 - INFO - INPUT PARAMETERS: ['RCDSopt.py', 'start_opt', 'QT01,QT02', '-5.0,-5.0', '5.0,5.0', '0.1', '10', '1', 'HALF:IN:FLAG:PRF07:sigx', '1', '1', 'mean']
2025-07-17 11:07:02,053 - INFO - INPUT PARAMETERS: ['RCDSopt.py', 'start_opt', 'QT01,QT02', '-1.0,-1.0', '1.0,1.0', '0.1', '1', '1', 'HALF:IN:FLAG:PRF07:sigx', '1', '1', 'mean']
2025-07-17 11:09:08,164 - INFO - INPUT PARAMETERS: ['RCDSopt.py', 'start_opt', 'QT01,QT02', '-1.0,-1.0', '1.0,1.0', '0.1', '1', '1', 'HALF:IN:FLAG:PRF07:sigx', '1', '1', 'mean']
2025-07-17 11:22:14,248 - INFO - INPUT PARAMETERS: ['RCDSopt.py', 'start_opt', 'QT01,QT02', '-2.0,-2.0', '2.0,2.0', '0.1', '2', '1', 'HALF:IN:FLAG:PRF07:sigx,HALF:IN:FLAG:PRF07:sigy', '1,1', '1,1', 'mean,mean']
2025-07-17 11:30:47,474 - INFO - INPUT PARAMETERS: ['RCDSopt.py', 'start_opt', 'QT01,QT02', '-1.0,-1.0', '1.0,1.0', '0.1', '1', '1', 'HALF:IN:FLAG:PRF07:sigx,HALF:IN:FLAG:PRF07:sigy', '1,1', '1,1', 'mean,mean']
2025-07-17 12:41:49,040 - INFO - INPUT PARAMETERS: ['RCDSopt.py', 'start_opt', 'QT01,QT02', '-2.0,-2.0', '2.0,2.0', '0.1', '1', '1', 'HALF:IN:FLAG:PRF07:sigx,HALF:IN:FLAG:PRF07:sigy', '1,1', '1,1', 'mean,mean']
2025-07-17 12:51:34,209 - ERROR - 错误: PowellOptimizer.plot_optimization_process() takes 1 positional argument but 2 were given
Traceback (most recent call last):
  File "/home/zhanghaoran/gitproj/half_linac/src/optimization/RCDS/RCDSopt.py", line 573, in <module>
    optimizer.plot_optimization_process(optimizer.vrange)
TypeError: PowellOptimizer.plot_optimization_process() takes 1 positional argument but 2 were given
2025-07-17 14:27:07,866 - INFO - INPUT PARAMETERS: ['RCDSopt.py', 'start_opt', 'QT01,QT02', '-2.0,-2.0', '2.0,2.0', '0.1', '10', '1', 'HALF:IN:FLAG:PRF07:sigx,HALF:IN:FLAG:PRF07:sigy', '1,1', '1,1', 'mean,mean']
2025-07-17 14:29:35,999 - INFO - INPUT PARAMETERS: ['RCDSopt.py', 'start_opt', 'QT01,QT02', '-2.0,-2.0', '2.0,2.0', '0.1', '1', '0', 'HALF:IN:FLAG:PRF07:sigx,HALF:IN:FLAG:PRF07:sigy', '1,1', '1,1', 'mean,mean']
2025-07-17 14:32:09,113 - ERROR - 错误: PowellOptimizer.plot_optimization_process() takes 1 positional argument but 2 were given
Traceback (most recent call last):
  File "/home/zhanghaoran/gitproj/half_linac/src/optimization/RCDS/RCDSopt.py", line 578, in <module>
    optimizer.plot_optimization_process(optimizer.vrange)
TypeError: PowellOptimizer.plot_optimization_process() takes 1 positional argument but 2 were given
2025-07-17 14:34:08,486 - INFO - INPUT PARAMETERS: ['RCDSopt.py', 'start_opt', 'QT01,QT02', '-2.0,-2.0', '2.0,2.0', '0.1', '1', '0', 'HALF:IN:FLAG:PRF07:sigx,HALF:IN:FLAG:PRF07:sigy', '1,1', '1,1', 'mean,mean']
