Running elegant at Mon Nov 17 15:39:36 2025

This is elegant 2022.1.0, Jun 21 2023, by M. Borland, J. Calvey, M. Carla', N. Carmignani, AJ Dick, Z. Duan, M. Ehrlichman, L. Emery, W. Guo, R. Lindberg, V. Sajaev, R. Soliday, Y.-P. Sun, C.-X. Wang, Y. Wang, Y. Wu, and A. Xiao.
=====================================================================================
Thanks for using elegant.  Please cite the following reference in your publications:
  M. Borland, "elegant: A Flexible SDDS-Compliant Code for Accelerator Simulation,"
  Advanced Photon Source LS-287, September 2000.
If you use a modified version, please indicate this in all publications.
=====================================================================================
Link date: Jun 21 2023 11:41:46, SVN revision: 28583M
statistics:    ET:     00:00:00 CP:    0.00 BIO:0 DIO:0 PF:0 MEM:6150
&run_setup
    lattice = lattice.lte,
    use_beamline = USEDLINE,
    rootname = {NULL},
    output = {NULL},
    centroid = %s.cen,
    bpm_centroid = %s.bpmcen,
    sigma = {NULL},
    final = {NULL},
    acceptance = {NULL},
    losses = {NULL},
    losses_include_global_coordinates = 0,
    losses_s_limit[0] = -1.797693134862316e+308, 1.797693134862316e+308,
    magnets = {NULL},
    semaphore_file = {NULL},
    parameters = {NULL},
    suppress_parameter_defaults = 0,
    rfc_reference_output = {NULL},
    combine_bunch_statistics = 0,
    wrap_around = 1,
    final_pass = 0,
    default_order = 3,
    concat_order = 0,
    print_statistics = 0,
    show_element_timing = 0,
    monitor_memory_usage = 0,
    random_number_seed = 9876543210,
    correction_iterations = 1,
    echo_lattice = 0,
    p_central = 2.234028000000000e+02,
    p_central_mev = 0.000000000000000e+00,
    always_change_p0 = 1,
    load_balancing_on = 0,
    random_sequence_No = 1,
    expand_for = {NULL},
    tracking_updates = 1,
    search_path = {NULL},
    element_divisions = 0,
    back_tracking = 0,
&end
Seeding random number generators
computed value for C.TOTAL is 5.500000000000000e-10
computed value for CCC.TLIMIT is 2.500000000000000e-11
computed value for W00.DISABLE is 1
computed value for DHOTGUN0A.L is 2.500000000000000e-01
computed value for DHOTGUN0B.L is 2.500000000000000e-01
computed value for BL01A.L is 3.500000000000000e-01
computed value for BL01A.ANGLE is -3.046436000000000e-01
computed value for BL01A.E2 is -3.046436000000000e-01
computed value for BL01A.HGAP is 2.000000000000000e-02
computed value for BL01A.N_SLICES is 150
computed value for BL01A.EDGE_ORDER is 2
computed value for BL01A.INTEGRATION_ORDER is 2
computed value for BL01A.FSE_CORRECTION is 1
computed value for DHOTGUN0.L is 8.500000000000000e-01
computed value for DHOTGUN1.L is 1.175000000000000e+00
computed value for QL01.L is 1.500000000000000e-01
computed value for QL01.K1 is 6.345664000000000e+00
computed value for DHOTGUN2.L is 2.000000000000000e-01
computed value for ES01.X_MAX is 4.000000000000000e-03
computed value for ES01.Y_MAX is 1.600000000000000e-02
computed value for DHOTGUN2A.L is 4.500000000000000e-01
computed value for PRF02S.DISABLE is 1
computed value for DHOTGUN2B.L is 4.000000000000000e-01
computed value for QL02.L is 1.500000000000000e-01
computed value for QL02.K1 is -1.088725000000000e+01
computed value for DHOTGUN3.L is 3.500000000000000e-01
computed value for QL03.L is 1.500000000000000e-01
computed value for QL03.K1 is 1.013887000000000e+01
computed value for DHOTGUN4.L is 8.750000000000000e-01
computed value for QL04.L is 1.500000000000000e-01
computed value for QL04.K1 is 1.013887000000000e+01
computed value for QL05.L is 1.500000000000000e-01
computed value for QL05.K1 is -1.088725000000000e+01
computed value for ES02.X_MAX is 4.000000000000000e-03
computed value for ES02.Y_MAX is 1.600000000000000e-02
computed value for QL06.L is 1.500000000000000e-01
computed value for QL06.K1 is 6.345664000000000e+00
computed value for BL01B.L is 3.500000000000000e-01
computed value for BL01B.ANGLE is 3.046436000000000e-01
computed value for BL01B.E1 is 3.046436000000000e-01
computed value for BL01B.HGAP is 2.000000000000000e-02
computed value for BL01B.N_SLICES is 150
computed value for BL01B.EDGE_ORDER is 2
computed value for BL01B.INTEGRATION_ORDER is 2
computed value for BL01B.FSE_CORRECTION is 1
computed value for DTH4A.L is 1.025000000000000e+00
computed value for QL07.L is 1.500000000000000e-01
computed value for QL07.K1 is 3.889390000000000e+00
computed value for DTH5.L is 2.500000000000000e-01
computed value for QL08.L is 1.500000000000000e-01
computed value for QL08.K1 is -2.046863000000000e+00
computed value for DTH6.L is 1.050000000000000e+00
computed value for QL09.L is 1.500000000000000e-01
computed value for QL09.K1 is 4.677693000000000e-01
computed value for DTH7.L is 3.500000000000000e-01
computed value for QL10.L is 1.500000000000000e-01
computed value for QL10.K1 is -2.753931000000000e+00
computed value for DTH8.L is 5.250000000000000e-01
computed value for FODO00.DISABLE is 1
computed value for DL00A.L is 2.250000000000000e-01
computed value for PRF02.DISABLE is 1
computed value for DL00A1.L is 3.000000000000000e-01
computed value for QL11.L is 1.500000000000000e-01
computed value for QL11.K1 is -1.069225000000000e+00
computed value for DL00B.L is 5.500000000000000e-01
computed value for QL12.L is 1.500000000000000e-01
computed value for QL12.K1 is 1.214364000000000e+00
computed value for DL00C.L is 5.250000000000000e-01
computed value for DA1.L is 4.951500000000000e-02
computed value for L1.L is 3.044100000000000e+00
computed value for L1.CELL_LENGTH is 3.500000000000000e-02
computed value for L1.VOLT is 6.000000000000000e+07
computed value for L1.PHASE is 8.950000000000000e+01
computed value for L1.FREQ is 2.856000000000000e+09
computed value for L1.CHANGE_P0 is 1
computed value for L1.END1_FOCUS is 1
computed value for L1.END2_FOCUS is 1
computed value for L1.N_KICKS is 10
computed value for L1.INTERPOLATE is 1
computed value for L1.SMOOTHING is 1
computed value for DACC.L is 1.109200000000000e-01
computed value for COLLI.X_MAX is 9.500000000000000e-03
computed value for COLLI.Y_MAX is 9.500000000000000e-03
computed value for DL00D.L is 2.500000000000000e-01
computed value for L1X.L is 6.000000000000000e-01
computed value for DLB1A.L is 4.000000000000000e-01
computed value for QL13.L is 1.500000000000000e-01
computed value for QL13.K1 is -4.968432000000000e+00
computed value for DLB1B.L is 4.000000000000000e-01
computed value for QL14.L is 1.500000000000000e-01
computed value for QL14.K1 is 4.052411000000000e+00
computed value for DLB1C.L is 4.000000000000000e-01
computed value for BC11.L is 2.000000000000000e-01
computed value for DB11.L is 1.600000000000000e+00
computed value for BC12.L is 2.000000000000000e-01
computed value for DB12.L is 2.500000000000000e-01
computed value for ES03.X_MAX is 6.000000000000000e-03
computed value for ES03.Y_MAX is 1.600000000000000e-02
computed value for DB13.L is 2.500000000000000e-01
computed value for PRF03.DISABLE is 1
computed value for BC13.L is 2.000000000000000e-01
computed value for DB14.L is 1.600000000000000e+00
computed value for BC14.L is 2.000000000000000e-01
computed value for DLB1D.L is 3.000000000000000e-01
computed value for QL15.L is 1.500000000000000e-01
computed value for QL15.K1 is 1.387017000000000e+00
computed value for DLB1E.L is 6.000000000000000e-01
computed value for QL16.L is 1.500000000000000e-01
computed value for QL16.K1 is -2.739060000000000e+00
computed value for DLB1F.L is 2.500000000000000e+00
computed value for PRF04.DISABLE is 0
computed value for DLB1F1.L is 5.000000000000000e-01
computed value for QL17.L is 1.500000000000000e-01
computed value for QL17.K1 is 1.473873000000000e+00
computed value for DLB1G.L is 5.000000000000000e-01
computed value for QL18.L is 1.500000000000000e-01
computed value for QL18.K1 is -5.071771000000000e-01
computed value for DLB1H.L is 5.000000000000000e-01
computed value for QL19.L is 1.500000000000000e-01
computed value for QL19.K1 is -5.812314000000000e-01
computed value for FODO02.DISABLE is 1
computed value for DAQ1.L is 3.250000000000000e-01
computed value for L2.L is 3.044100000000000e+00
computed value for L2.CELL_LENGTH is 3.500000000000000e-02
computed value for L2.VOLT is 5.794500000000000e+07
computed value for L2.PHASE is 9.000000000000000e+01
computed value for L2.FREQ is 2.856000000000000e+09
computed value for L2.CHANGE_P0 is 1
computed value for L2.END1_FOCUS is 1
computed value for L2.END2_FOCUS is 1
computed value for L2.N_KICKS is 10
computed value for L2.INTERPOLATE is 1
computed value for L2.SMOOTHING is 1
computed value for DA2.L is 5.000000000000000e-01
computed value for FODO01.DISABLE is 1
computed value for QL20.L is 1.500000000000000e-01
computed value for QL20.K1 is 5.812314000000000e-01
computed value for QL21.L is 1.500000000000000e-01
computed value for QL21.K1 is -5.812314000000000e-01
computed value for QL22.L is 1.500000000000000e-01
computed value for QL22.K1 is 5.812314000000000e-01
computed value for QL23.L is 1.500000000000000e-01
computed value for QL23.K1 is -5.812314000000000e-01
computed value for DA2A.L is 2.500000000000000e-01
computed value for PRF05.DISABLE is 1
computed value for QL24.L is 1.500000000000000e-01
computed value for QL24.K1 is 5.812314000000000e-01
computed value for QL25.L is 1.500000000000000e-01
computed value for QL25.K1 is -5.812314000000000e-01
computed value for QL26.L is 1.500000000000000e-01
computed value for QL26.K1 is 5.812314000000000e-01
computed value for QL27.L is 1.500000000000000e-01
computed value for QL27.K1 is -5.812314000000000e-01
computed value for FODO03.DISABLE is 1
computed value for L4.L is 3.044100000000000e+00
computed value for L4.CELL_LENGTH is 3.500000000000000e-02
computed value for L4.PHASE is 9.000000000000000e+01
computed value for L4.FREQ is 2.856000000000000e+09
computed value for L4.CHANGE_P0 is 1
computed value for L4.END1_FOCUS is 1
computed value for L4.END2_FOCUS is 1
computed value for L4.N_KICKS is 10
computed value for L4.INTERPOLATE is 1
computed value for L4.SMOOTHING is 1
computed value for FODO04.DISABLE is 1
computed value for DMTA.L is 1.000000000000000e+00
computed value for PRFLO.DISABLE is 0
computed value for QT01.L is 1.500000000000000e-01
computed value for QT01.K1 is -1.315043000000000e+00
computed value for DMTB.L is 1.250000000000000e+00
computed value for QT02.L is 1.500000000000000e-01
computed value for QT02.K1 is 1.402247000000000e+00
computed value for DMTC1.L is 5.500000000000000e-01
computed value for PRF06.DISABLE is 0
computed value for DMTC2.L is 5.500000000000000e+00
computed value for PRF07.DISABLE is 0
computed value for DMTC3.L is 5.500000000000000e+00
computed value for PRF08.DISABLE is 0
computed value for DMTC4.L is 5.000000000000000e-01
computed value for QT03.L is 1.500000000000000e-01
computed value for QT03.K1 is -1.339706000000000e+00
computed value for DMTD.L is 1.300000000000000e+00
computed value for QT04.L is 1.500000000000000e-01
computed value for QT04.K1 is 8.841496000000000e-01
computed value for DMTE.L is 1.575000000000000e+00
computed value for DMTE1.L is 2.000000000000000e-01
computed value for PRF09.DISABLE is 1
computed value for DMTE2.L is 2.000000000000000e-01
computed value for FODO05.DISABLE is 1
computed value for QHL1.L is 3.000000000000000e-01
computed value for QHL1.K1 is 2.308226000000000e+00
computed value for DHL1.L is 3.000000000000000e-01
computed value for QHL2.L is 3.000000000000000e-01
computed value for QHL2.K1 is -1.975459000000000e+00
computed value for DHL2.L is 4.500000000000000e-01
computed value for DQ0.L is 4.000000000000000e+00
computed value for SM.L is 2.727100000000000e+00
computed value for SM.ANGLE is 4.363323129985824e-01
computed value for SM.E1 is 2.181661564992912e-01
computed value for SM.E2 is 2.181661564992912e-01
computed value for SM.TILT is 0.000000000000000e+00
computed value for SM.HGAP is 1.500000000000000e-02
computed value for SM.N_SLICES is 100
computed value for SM.SYNCH_RAD is 1
computed value for SM.BINS is 500
computed value for SM.SG_HALFWIDTH is 20
computed value for SM.SGDERIV_HALFWIDTH is 20
computed value for SM.ISR is 1
computed value for DQ1.L is 5.000000000000000e-01
computed value for QE01.L is 3.000000000000000e-01
computed value for QE01.K1 is -2.330012000000000e+00
computed value for DQ2.L is 5.000000000000000e-01
computed value for QE02.L is 3.000000000000000e-01
computed value for QE02.K1 is 2.530042000000000e+00
computed value for DQ3.L is 5.000000000000000e-01
computed value for QE03.L is 3.000000000000000e-01
computed value for QE03.K1 is 0.000000000000000e+00
computed value for DQ4.L is 4.200000000000000e+00
computed value for PRFESA.DISABLE is 0
*** Warning: CSBEND edge settings may be non-optimal if symplecticity is important --- EDGE1_EFFECTS and EDGE2_EFFECTS should be 3 or 4 for symplectic tracking with nonlinear effects.
*** Warning: CSBEND edge settings may be non-optimal if symplecticity is important --- EDGE1_EFFECTS and EDGE2_EFFECTS should be 3 or 4 for symplectic tracking with nonlinear effects.
length of beamline USEDLINE per pass: 1.955985200000001e+02 m
statistics:    ET:     00:00:00 CP:    0.00 BIO:0 DIO:0 PF:0 MEM:6329
&run_control
    n_steps = 1,
    bunch_frequency = 0.000000000000000e+00,
    n_indices = 0,
    n_passes = 1,
    n_passes_fiducial = 0,
    terminate_on_failure = 0,
    reset_rf_for_each_step = 1,
    first_is_fiducial = 0,
    restrict_fiducialization = 1,
    reset_scattering_seed = 0,
&end
statistics:    ET:     00:00:00 CP:    0.00 BIO:0 DIO:0 PF:0 MEM:6329
&twiss_output
    filename = %s.twi,
    matched = 0,
    output_at_each_step = 0,
    output_before_tune_correction = 0,
    final_values_only = 0,
    statistics = 1,
    radiation_integrals = 0,
    beta_x = 3.900000000000000e+01,
    alpha_x = 7.300000000000000e-01,
    eta_x = 0.000000000000000e+00,
    etap_x = 0.000000000000000e+00,
    beta_y = 3.900000000000000e+01,
    alpha_y = 7.300000000000000e-01,
    eta_y = 0.000000000000000e+00,
    etap_y = 0.000000000000000e+00,
    reference_file = {NULL},
    reference_element = {NULL},
    reference_element_occurrence = 0,
    reflect_reference_values = 0,
    concat_order = 1,
    higher_order_chromaticity = 0,
    higher_order_chromaticity_points = 5,
    higher_order_chromaticity_range = 4.000000000000000e-04,
    quick_higher_order_chromaticity = 0,
    chromatic_tune_spread_half_range = 0.000000000000000e+00,
    cavities_are_drifts_if_matched = 1,
    compute_driving_terms = 0,
    leading_order_driving_terms_only = 0,
    s_dependent_driving_terms_file = {NULL},
    local_dispersion = 1,
    n_periods = 1,
&end
final Twiss parameters (chromaticity valid for fully second-order calculation only!):
         beta          alpha           nu           eta          eta'       dnu/d(dp/p)   dbeta/(dp/p)     accept.
          m                          1/2pi           m                         1/2pi            m          mm-mrad
--------------------------------------------------------------------------------------------------------------------
  x:  3.936276e+00 -9.994724e+00  3.301372e+00  7.484209e-01 -1.910631e-01 -3.833379e+00 -5.541826e+01  9.276119e-01
ave:  3.583136e+01  7.747325e-02                4.444609e-02  3.907631e-03
min:  1.180251e-01 -2.786394e+02               -6.896255e-01 -3.144315e-01
max:  5.447882e+02  1.181651e+02                1.703736e+00  1.074917e+00
  y:  8.195699e+01 -1.671946e+01  3.340696e+00  0.000000e+00  0.000000e+00 -3.932139e+00 -2.151297e+03  1.951001e+00
ave:  2.285385e+01 -1.046520e-01                0.000000e+00  0.000000e+00
min:  3.378682e-01 -8.668141e+01                0.000000e+00  0.000000e+00
max:  8.195699e+01  4.256791e+01                0.000000e+00  0.000000e+00
x acceptance limited to 9.276119e-07 by DHOTGUN2 ending at 3.225000e+00 m
y acceptance limited to 1.951001e-06 by DA1 ending at 9.194962e+01 m
statistics:    ET:     00:00:00 CP:    0.02 BIO:0 DIO:0 PF:0 MEM:6713
&matrix_output
    printout = {NULL},
    printout_order = 1,
    printout_format = "%22.15e ",
    full_matrix_only = 1,
    print_element_data = 1,
    mathematica_full_matrix = 0,
    mathematica_matrix_name = MFull,
    mathematica_matrix_file = {NULL},
    SDDS_output = %s.mat,
    SDDS_output_order = 1,
    individual_matrices = 0,
    output_at_each_step = 0,
    start_from = {NULL},
    start_from_occurence = 1,
    SDDS_output_match = {NULL},
&end
*** Warning: Some elements had no matrix. --- 23 elements had no matrix
statistics:    ET:     00:00:00 CP:    0.02 BIO:0 DIO:0 PF:0 MEM:6713
&error_control
    clear_error_settings = 1,
    summarize_error_settings = 0,
    error_log = {NULL},
    no_errors_for_first_step = 0,
    error_factor = 1.000000000000000e+00,
&end
*** Warning: CSBEND edge settings may be non-optimal if symplecticity is important --- EDGE1_EFFECTS and EDGE2_EFFECTS should be 3 or 4 for symplectic tracking with nonlinear effects.
*** Warning: CSBEND edge settings may be non-optimal if symplecticity is important --- EDGE1_EFFECTS and EDGE2_EFFECTS should be 3 or 4 for symplectic tracking with nonlinear effects.

*** Cleared error settings
statistics:    ET:     00:00:00 CP:    0.02 BIO:0 DIO:0 PF:0 MEM:6713
&error
    name = *,
    exclude = {NULL},
    item = FSE,
    element_type = QUAD,
    type = gaussian,
    amplitude = 0.000000000000000e+00,
    cutoff = 3.000000000000000e+00,
    bind = 0,
    bind_number = 0,
    bind_across_names = 0,
    fractional = 0,
    post_correction = 0,
    additive = 1,
    allow_missing_elements = 0,
    before = {NULL},
    after = {NULL},
    sample_file = {NULL},
    sample_file_column = {NULL},
    sample_mode = {NULL},
&end
statistics:    ET:     00:00:00 CP:    0.02 BIO:0 DIO:0 PF:0 MEM:6713
&bunched_beam
    bunch = {NULL},
    n_particles_per_bunch = 10000,
    multiply_np_by_cores = 0,
    time_start = 0.000000000000000e+00,
    matched_to_cell = {NULL},
    emit_x = 0.000000000000000e+00,
    emit_nx = 1.000000000000000e-05,
    beta_x = 3.900000000000000e+01,
    alpha_x = 7.300000000000000e-01,
    eta_x = 0.000000000000000e+00,
    etap_x = 0.000000000000000e+00,
    emit_y = 0.000000000000000e+00,
    emit_ny = 1.000000000000000e-05,
    beta_y = 3.900000000000000e+01,
    alpha_y = 7.300000000000000e-01,
    eta_y = 0.000000000000000e+00,
    etap_y = 0.000000000000000e+00,
    use_twiss_command_values = 10000,
    use_moments_output_values = 0,
    Po = 2.234028000000000e+02,
    sigma_dp = 4.000000000000000e-03,
    sigma_s = 1.110000000000000e-03,
    dp_s_coupling = 0.000000000000000e+00,
    emit_z = 0.000000000000000e+00,
    beta_z = 0.000000000000000e+00,
    alpha_z = 0.000000000000000e+00,
    momentum_chirp = 0.000000000000000e+00,
    one_random_bunch = 1,
    save_initial_coordinates = 1,
    limit_invariants = 0,
    symmetrize = 0,
    halton_sequence[0] = 0, 0, 0,
    halton_radix[0] = 0, 0, 0, 0, 0, 0,
    optimized_halton = 0,
    randomize_order[0] = 0, 0, 0,
    limit_in_4d = 0,
    enforce_rms_values[0] = 0, 0, 0,
    distribution_cutoff[0] = 5.000000000000000e+00, 5.000000000000000e+00, 5.000000000000000e+00,
    distribution_type[0] = gaussian, gaussian, gaussian,
    centroid[0] = 0.000000000000000e+00, 0.000000000000000e+00, 0.000000000000000e+00, 0.000000000000000e+00, 
        0.000000000000000e+00, 0.000000000000000e+00,
    first_is_fiducial = 0,
&end
statistics:    ET:     00:00:00 CP:    0.02 BIO:0 DIO:0 PF:0 MEM:7062
&track
    center_on_orbit = 0,
    center_momentum_also = 1,
    offset_by_orbit = 0,
    offset_momentum_also = 1,
    soft_failure = 1,
    use_linear_chromatic_matrix = 0,
    longitudinal_ring_only = 0,
    ibs_only = 0,
    stop_tracking_particle_limit = -1,
    check_beam_structure = 0,
    interrupt_file = %s.interrupt,
&end
36 matrices (re)computed
Updating floor coordinates
tracking step 1
generating bunch 1
tracking 10000 particles
17 Nov 25 15:39:36: This step establishes energy profile vs s (fiducial beam).
17 Nov 25 15:39:36: Rf phases/references reset.
Dumping centroid data...done.
Dumping bpm_centroid data...done.
Post-tracking output completed.
Tracking step completed   ET:     00:00:02 CP:    1.90 BIO:0 DIO:0 PF:0 MEM:7712


Updating floor coordinates
Finished tracking.
End of input data encountered.
statistics:    ET:     00:00:02 CP:    1.90 BIO:0 DIO:0 PF:0 MEM:7712

************************** Summary of warnings ****************************
2 types of warnings were recorded:
4* CSBEND edge settings may be non-optimal if symplecticity is important
1* Some elements had no matrix.
*****************************************************************************

=====================================================================================
Thanks for using elegant.  Please cite the following reference in your publications:
  M. Borland, "elegant: A Flexible SDDS-Compliant Code for Accelerator Simulation,"
  Advanced Photon Source LS-287, September 2000.
If you use a modified version, please indicate this in all publications.
=====================================================================================
