Running elegant at Fri Nov 14 20:53:11 2025

This is elegant 2022.1.0, Jun 21 2023, by M. Borland, J. Calvey, M. Carla', N. Carmignani, AJ Dick, Z. Duan, M. Ehrlichman, L. Emery, W. Guo, R. Lindberg, V. Sajaev, R. Soliday, Y.-P. Sun, C.-X. Wang, Y. Wang, Y. Wu, and A. Xiao.
=====================================================================================
Thanks for using elegant.  Please cite the following reference in your publications:
  M. Borland, "elegant: A Flexible SDDS-Compliant Code for Accelerator Simulation,"
  Advanced Photon Source LS-287, September 2000.
If you use a modified version, please indicate this in all publications.
=====================================================================================
Link date: Jun 21 2023 11:41:46, SVN revision: 28583M
statistics:    ET:     00:00:00 CP:    0.00 BIO:0 DIO:0 PF:0 MEM:6150
&run_setup
    lattice = esa.lte,
    use_beamline = USEDLINE,
    rootname = {NULL},
    output = {NULL},
    centroid = {NULL},
    bpm_centroid = {NULL},
    sigma = {NULL},
    final = {NULL},
    acceptance = {NULL},
    losses = {NULL},
    losses_include_global_coordinates = 0,
    losses_s_limit[0] = -1.797693134862316e+308, 1.797693134862316e+308,
    magnets = {NULL},
    semaphore_file = {NULL},
    parameters = {NULL},
    suppress_parameter_defaults = 0,
    rfc_reference_output = {NULL},
    combine_bunch_statistics = 0,
    wrap_around = 1,
    final_pass = 0,
    default_order = 3,
    concat_order = 0,
    print_statistics = 0,
    show_element_timing = 0,
    monitor_memory_usage = 0,
    random_number_seed = 9876543210,
    correction_iterations = 1,
    echo_lattice = 0,
    p_central = 2.234028000000000e+02,
    p_central_mev = 0.000000000000000e+00,
    always_change_p0 = 1,
    load_balancing_on = 0,
    random_sequence_No = 1,
    expand_for = {NULL},
    tracking_updates = 1,
    search_path = {NULL},
    element_divisions = 0,
    back_tracking = 0,
&end
Seeding random number generators
computed value for QT02.L is 1.500000000000000e-01
computed value for QT02.K1 is 1.402247000000000e+00
computed value for DMTC1.L is 5.500000000000000e-01
computed value for PRF06.DISABLE is 0
computed value for DMTC2.L is 5.500000000000000e+00
computed value for PRF07.DISABLE is 0
computed value for DMTC3.L is 5.500000000000000e+00
computed value for PRF08.DISABLE is 0
computed value for DMTC4.L is 5.000000000000000e-01
computed value for QT03.L is 1.500000000000000e-01
computed value for QT03.K1 is -1.339706000000000e+00
computed value for DMTD.L is 1.300000000000000e+00
computed value for QT04.L is 1.500000000000000e-01
computed value for QT04.K1 is 8.841496000000000e-01
computed value for DMTE.L is 1.575000000000000e+00
computed value for DMTE1.L is 2.000000000000000e-01
computed value for PRF09.DISABLE is 1
computed value for DMTE2.L is 2.000000000000000e-01
computed value for FODO05.DISABLE is 1
computed value for QHL1.L is 3.000000000000000e-01
computed value for QHL1.K1 is 2.308226000000000e+00
computed value for DHL1.L is 3.000000000000000e-01
computed value for QHL2.L is 3.000000000000000e-01
computed value for QHL2.K1 is -1.975459000000000e+00
computed value for DHL2.L is 4.500000000000000e-01
computed value for DQ0.L is 4.000000000000000e+00
computed value for SM.L is 2.727100000000000e+00
computed value for SM.ANGLE is 4.363323129985824e-01
computed value for SM.E1 is 2.181661564992912e-01
computed value for SM.E2 is 2.181661564992912e-01
computed value for SM.TILT is 0.000000000000000e+00
computed value for SM.HGAP is 1.500000000000000e-02
computed value for SM.N_SLICES is 100
computed value for SM.SYNCH_RAD is 1
computed value for SM.BINS is 500
computed value for SM.SG_HALFWIDTH is 20
computed value for SM.SGDERIV_HALFWIDTH is 20
computed value for SM.ISR is 1
computed value for DQ1.L is 5.000000000000000e-01
computed value for QE01.L is 3.000000000000000e-01
computed value for QE01.K1 is -2.330012000000000e+00
computed value for DQ2.L is 5.000000000000000e-01
computed value for QE02.L is 3.000000000000000e-01
computed value for QE02.K1 is 2.530042000000000e+00
computed value for DQ3.L is 5.000000000000000e-01
computed value for QE03.L is 3.000000000000000e-01
computed value for QE03.K1 is 0.000000000000000e+00
computed value for DQ4.L is 4.200000000000000e+00
length of beamline USEDLINE per pass: 3.045210000000000e+01 m
statistics:    ET:     00:00:00 CP:    0.00 BIO:0 DIO:0 PF:0 MEM:6184
&run_control
    n_steps = 1,
    bunch_frequency = 0.000000000000000e+00,
    n_indices = 0,
    n_passes = 1,
    n_passes_fiducial = 0,
    terminate_on_failure = 0,
    reset_rf_for_each_step = 1,
    first_is_fiducial = 0,
    restrict_fiducialization = 1,
    reset_scattering_seed = 0,
&end
statistics:    ET:     00:00:00 CP:    0.00 BIO:0 DIO:0 PF:0 MEM:6184
&twiss_output
    filename = %s.twi,
    matched = 0,
    output_at_each_step = 0,
    output_before_tune_correction = 0,
    final_values_only = 0,
    statistics = 1,
    radiation_integrals = 0,
    beta_x = 8.859999999999999e+01,
    alpha_x = -1.620000000000000e+01,
    eta_x = 0.000000000000000e+00,
    etap_x = 0.000000000000000e+00,
    beta_y = 3.900000000000000e+01,
    alpha_y = 7.300000000000000e-01,
    eta_y = 0.000000000000000e+00,
    etap_y = 0.000000000000000e+00,
    reference_file = {NULL},
    reference_element = {NULL},
    reference_element_occurrence = 0,
    reflect_reference_values = 0,
    concat_order = 1,
    higher_order_chromaticity = 0,
    higher_order_chromaticity_points = 5,
    higher_order_chromaticity_range = 4.000000000000000e-04,
    quick_higher_order_chromaticity = 0,
    chromatic_tune_spread_half_range = 0.000000000000000e+00,
    cavities_are_drifts_if_matched = 1,
    compute_driving_terms = 0,
    leading_order_driving_terms_only = 0,
    s_dependent_driving_terms_file = {NULL},
    local_dispersion = 1,
    n_periods = 1,
&end
final Twiss parameters (chromaticity valid for fully second-order calculation only!):
         beta          alpha           nu           eta          eta'       dnu/d(dp/p)   dbeta/(dp/p)     accept.
          m                          1/2pi           m                         1/2pi            m          mm-mrad
--------------------------------------------------------------------------------------------------------------------
  x:  3.932329e+00 -9.976982e+00  1.009660e+00  7.484211e-01 -1.910625e-01 -5.976473e-01 -2.207588e+02  0.000000e+00
ave:  9.924628e+01  1.350542e+00                2.854845e-01  2.524447e-02
min:  3.932329e+00 -2.778998e+02                0.000000e+00 -1.910625e-01
max:  5.433522e+02  1.178609e+02                1.703734e+00  1.074916e+00
  y:  7.603137e+02 -1.434028e+02  5.183105e-01  0.000000e+00  0.000000e+00  6.130002e-03 -1.176681e+03  0.000000e+00
ave:  2.298383e+02 -1.200626e+01                0.000000e+00  0.000000e+00
min:  6.319222e-02 -1.936822e+02                0.000000e+00  0.000000e+00
max:  7.603137e+02  6.200590e+01                0.000000e+00  0.000000e+00
statistics:    ET:     00:00:00 CP:    0.00 BIO:0 DIO:0 PF:0 MEM:6313
&matrix_output
    printout = {NULL},
    printout_order = 1,
    printout_format = "%22.15e ",
    full_matrix_only = 1,
    print_element_data = 1,
    mathematica_full_matrix = 0,
    mathematica_matrix_name = MFull,
    mathematica_matrix_file = {NULL},
    SDDS_output = %s.mat,
    SDDS_output_order = 1,
    individual_matrices = 0,
    output_at_each_step = 0,
    start_from = {NULL},
    start_from_occurence = 1,
    SDDS_output_match = {NULL},
&end
*** Warning: Some elements had no matrix. --- 6 elements had no matrix
statistics:    ET:     00:00:00 CP:    0.00 BIO:0 DIO:0 PF:0 MEM:6313
&error_control
    clear_error_settings = 1,
    summarize_error_settings = 0,
    error_log = {NULL},
    no_errors_for_first_step = 0,
    error_factor = 1.000000000000000e+00,
&end

*** Cleared error settings
statistics:    ET:     00:00:00 CP:    0.00 BIO:0 DIO:0 PF:0 MEM:6313
&error
    name = *,
    exclude = {NULL},
    item = FSE,
    element_type = QUAD,
    type = gaussian,
    amplitude = 0.000000000000000e+00,
    cutoff = 3.000000000000000e+00,
    bind = 0,
    bind_number = 0,
    bind_across_names = 0,
    fractional = 0,
    post_correction = 0,
    additive = 1,
    allow_missing_elements = 0,
    before = {NULL},
    after = {NULL},
    sample_file = {NULL},
    sample_file_column = {NULL},
    sample_mode = {NULL},
&end
statistics:    ET:     00:00:00 CP:    0.00 BIO:0 DIO:0 PF:0 MEM:6313
&bunched_beam
    bunch = {NULL},
    n_particles_per_bunch = 1,
    multiply_np_by_cores = 0,
    time_start = 0.000000000000000e+00,
    matched_to_cell = {NULL},
    emit_x = 0.000000000000000e+00,
    emit_nx = 0.000000000000000e+00,
    beta_x = 1.000000000000000e+00,
    alpha_x = 0.000000000000000e+00,
    eta_x = 0.000000000000000e+00,
    etap_x = 0.000000000000000e+00,
    emit_y = 0.000000000000000e+00,
    emit_ny = 0.000000000000000e+00,
    beta_y = 1.000000000000000e+00,
    alpha_y = 0.000000000000000e+00,
    eta_y = 0.000000000000000e+00,
    etap_y = 0.000000000000000e+00,
    use_twiss_command_values = 0,
    use_moments_output_values = 0,
    Po = 2.234028000000000e+02,
    sigma_dp = 0.000000000000000e+00,
    sigma_s = 0.000000000000000e+00,
    dp_s_coupling = 0.000000000000000e+00,
    emit_z = 0.000000000000000e+00,
    beta_z = 0.000000000000000e+00,
    alpha_z = 0.000000000000000e+00,
    momentum_chirp = 0.000000000000000e+00,
    one_random_bunch = 1,
    save_initial_coordinates = 1,
    limit_invariants = 0,
    symmetrize = 0,
    halton_sequence[0] = 0, 0, 0,
    halton_radix[0] = 0, 0, 0, 0, 0, 0,
    optimized_halton = 0,
    randomize_order[0] = 0, 0, 0,
    limit_in_4d = 0,
    enforce_rms_values[0] = 0, 0, 0,
    distribution_cutoff[0] = 2.000000000000000e+00, 2.000000000000000e+00, 2.000000000000000e+00,
    distribution_type[0] = gaussian, gaussian, gaussian,
    centroid[0] = 0.000000000000000e+00, 0.000000000000000e+00, 0.000000000000000e+00, 0.000000000000000e+00, 
        0.000000000000000e+00, 0.000000000000000e+00,
    first_is_fiducial = 0,
&end
statistics:    ET:     00:00:00 CP:    0.00 BIO:0 DIO:0 PF:0 MEM:6313
&track
    center_on_orbit = 0,
    center_momentum_also = 1,
    offset_by_orbit = 0,
    offset_momentum_also = 1,
    soft_failure = 1,
    use_linear_chromatic_matrix = 0,
    longitudinal_ring_only = 0,
    ibs_only = 0,
    stop_tracking_particle_limit = -1,
    check_beam_structure = 0,
    interrupt_file = %s.interrupt,
&end
8 matrices (re)computed
Updating floor coordinates
tracking step 1
generating bunch 1
tracking 1 particles
14 Nov 25 20:53:11: This step establishes energy profile vs s (fiducial beam).
14 Nov 25 20:53:11: Rf phases/references reset.
Warning: you asked for CSR on CSBEND but didn't give a CHARGE element
Post-tracking output completed.
Tracking step completed   ET:     00:00:00 CP:    0.00 BIO:0 DIO:0 PF:0 MEM:6458


Updating floor coordinates
Finished tracking.
End of input data encountered.
statistics:    ET:     00:00:00 CP:    0.00 BIO:0 DIO:0 PF:0 MEM:6458

************************** Summary of warnings ****************************
1 types of warnings were recorded:
1* Some elements had no matrix.
*****************************************************************************

=====================================================================================
Thanks for using elegant.  Please cite the following reference in your publications:
  M. Borland, "elegant: A Flexible SDDS-Compliant Code for Accelerator Simulation,"
  Advanced Photon Source LS-287, September 2000.
If you use a modified version, please indicate this in all publications.
=====================================================================================
