#!../../bin/linux-x86_64/target
< envPaths
epicsEnvSet("IOC","ioctarget")
epicsEnvSet("TOP","/HALFT/half_linac/softIOC/halflinac")
epicsEnvSet("EPICS_BASE","/HALFT/epics/base-7.0.6.1")
cd "/HALFT/half_linac/softIOC/halflinac"
## Register all support components
dbLoadDatabase "dbd/target.dbd"
target_registerRecordDeviceDriver pdbbase
## Load record instances
dbLoadTemplate "db/halflinac.substitutions"
#dbLoadRecords "db/targetVersion.db", "user=biaobin"
#dbLoadRecords "db/dbSubExample.db", "user=biaobin"
cd "/HALFT/half_linac/softIOC/halflinac/iocBoot/ioctarget"
iocInit
############################################################################
## EPICS R7.0.6.1
## Rev. 2023-09-23T15:08+0800
############################################################################
## Start any sequence programs
#seq sncExample, "user=biaobin"
[?2004hepics> ['HALF:IN:QUAD:QL01:K1', 'HALF:IN:QUAD:QL02:K1', 'HALF:IN:QUAD:QL03:K1', 'HALF:IN:QUAD:QL04:K1', 'HALF:IN:QUAD:QL05:K1', 'HALF:IN:QUAD:QL06:K1', 'HALF:IN:QUAD:QL07:K1', 'HALF:IN:QUAD:QL08:K1', 'HALF:IN:QUAD:QL09:K1', 'HALF:IN:QUAD:QL10:K1', 'HALF:IN:QUAD:QL11:K1', 'HALF:IN:QUAD:QL12:K1', 'HALF:IN:QUAD:QL13:K1', 'HALF:IN:QUAD:QL14:K1', 'HALF:IN:QUAD:QL15:K1', 'HALF:IN:QUAD:QL16:K1', 'HALF:IN:QUAD:QL17:K1', 'HALF:IN:QUAD:QL18:K1', 'HALF:IN:QUAD:QL19:K1', 'HALF:IN:QUAD:QL20:K1', 'HALF:IN:QUAD:QL21:K1', 'HALF:IN:QUAD:QL22:K1', 'HALF:IN:QUAD:QL23:K1', 'HALF:IN:QUAD:QL24:K1', 'HALF:IN:QUAD:QL25:K1', 'HALF:IN:QUAD:QL26:K1', 'HALF:IN:QUAD:QL27:K1', 'HALF:IN:QUAD:QT01:K1', 'HALF:IN:QUAD:QT02:K1', 'HALF:IN:QUAD:QT03:K1', 'HALF:IN:QUAD:QT04:K1', 'HALF:IN:QUAD:QHL1:K1', 'HALF:IN:QUAD:QHL2:K1', 'HALF:IN:QUAD:QHL3:K1', 'HALF:IN:QUAD:QHL4:K1', 'HALF:IN:QUAD:QT13:K1', 'HALF:IN:QUAD:QT14:K1', 'HALF:IN:QUAD:QT15:K1', 'HALF:IN:QUAD:QT16:K1', 'HALF:IN:QUAD:QTR1:K1', 'HALF:IN:QUAD:QT18:K1', 'HALF:IN:QUAD:QT19:K1', 'HALF:IN:QUAD:QT20:K1', 'HALF:IN:QUAD:QT21:K1', 'HALF:IN:QUAD:QT22:K1', 'HALF:IN:QUAD:QT23:K1', 'HALF:IN:QUAD:QT24:K1', 'HALF:IN:QUAD:QT25:K1', 'HALF:IN:QUAD:QT26:K1', 'HALF:IN:QUAD:QT27:K1', 'HALF:IN:QUAD:QT28:K1', 'HALF:IN:QUAD:QT29:K1', 'HALF:IN:QUAD:QT30:K1', 'HALF:IN:QUAD:QT31:K1', 'HALF:IN:QUAD:QT32:K1', 'HALF:IN:QUAD:QT33:K1', 'HALF:IN:QUAD:QT34:K1', 'HALF:IN:QUAD:QT35:K1', 'HALF:IN:QUAD:QT36:K1', 'HALF:IN:COR:XC03:ao', 'HALF:IN:COR:XC04:ao', 'HALF:IN:COR:XC05:ao', 'HALF:IN:COR:XC06:ao', 'HALF:IN:COR:XC07:ao', 'HALF:IN:COR:XC08:ao', 'HALF:IN:COR:XC09:ao', 'HALF:IN:COR:XC10:ao', 'HALF:IN:COR:XC11:ao', 'HALF:IN:COR:XC12:ao', 'HALF:IN:COR:XC13:ao', 'HALF:IN:COR:XC14:ao', 'HALF:IN:COR:XC15:ao', 'HALF:IN:COR:XC16:ao', 'HALF:IN:COR:XC17:ao', 'HALF:IN:COR:XC18:ao', 'HALF:IN:COR:XC19:ao', 'HALF:IN:COR:XC20:ao', 'HALF:IN:COR:XC21:ao', 'HALF:IN:COR:XC22:ao', 'HALF:IN:COR:XC23:ao', 'HALF:IN:COR:XC24:ao', 'HALF:IN:COR:XC25:ao', 'HALF:IN:COR:XC26:ao', 'HALF:IN:COR:XC27:ao', 'HALF:IN:COR:XC28:ao', 'HALF:IN:COR:XC29:ao', 'HALF:IN:COR:XC30:ao', 'HALF:IN:COR:XC31:ao', 'HALF:IN:COR:XC32:ao', 'HALF:IN:COR:XC33:ao', 'HALF:IN:COR:XC34:ao', 'HALF:IN:COR:XC35:ao', 'HALF:IN:COR:XC36:ao', 'HALF:IN:COR:XC37:ao', 'HALF:IN:COR:XC38:ao', 'HALF:IN:COR:XC39:ao', 'HALF:IN:COR:XC40:ao', 'HALF:IN:COR:XC41:ao', 'HALF:IN:COR:XC42:ao', 'HALF:IN:COR:XC43:ao', 'HALF:IN:COR:YC03:ao', 'HALF:IN:COR:YC04:ao', 'HALF:IN:COR:YC05:ao', 'HALF:IN:COR:YC06:ao', 'HALF:IN:COR:YC07:ao', 'HALF:IN:COR:YC08:ao', 'HALF:IN:COR:YC09:ao', 'HALF:IN:COR:YC10:ao', 'HALF:IN:COR:YC11:ao', 'HALF:IN:COR:YC12:ao', 'HALF:IN:COR:YC13:ao', 'HALF:IN:COR:YC14:ao', 'HALF:IN:COR:YC15:ao', 'HALF:IN:COR:YC16:ao', 'HALF:IN:COR:YC17:ao', 'HALF:IN:COR:YC18:ao', 'HALF:IN:COR:YC19:ao', 'HALF:IN:COR:YC20:ao', 'HALF:IN:COR:YC21:ao', 'HALF:IN:COR:YC22:ao', 'HALF:IN:COR:YC23:ao', 'HALF:IN:COR:YC24:ao', 'HALF:IN:COR:YC25:ao', 'HALF:IN:COR:YC26:ao', 'HALF:IN:COR:YC27:ao', 'HALF:IN:COR:YC28:ao', 'HALF:IN:COR:YC29:ao', 'HALF:IN:COR:YC30:ao', 'HALF:IN:COR:YC31:ao', 'HALF:IN:COR:YC32:ao', 'HALF:IN:COR:YC33:ao', 'HALF:IN:COR:YC34:ao', 'HALF:IN:COR:YC35:ao', 'HALF:IN:COR:YC36:ao', 'HALF:IN:COR:YC37:ao', 'HALF:IN:COR:YC38:ao', 'HALF:IN:COR:YC39:ao', 'HALF:IN:COR:YC40:ao', 'HALF:IN:COR:YC41:ao', 'HALF:IN:COR:YC42:ao', 'HALF:IN:COR:YC43:ao']
PV Changed: HALF:IN:QUAD:QL01:K1 , new value= 6.345664 , time: Tue Aug 20 17:47:59 2024
lattice.json will be updated.

PV Changed: HALF:IN:QUAD:QL02:K1 , new value= -10.88725 , time: Tue Aug 20 17:47:59 2024
lattice.json will be updated.

PV Changed: HALF:IN:QUAD:QL03:K1 , new value= 10.13887 , time: Tue Aug 20 17:47:59 2024
lattice.json will be updated.

PV Changed: HALF:IN:QUAD:QL04:K1 , new value= 10.13887 , time: Tue Aug 20 17:47:59 2024
lattice.json will be updated.

PV Changed: HALF:IN:QUAD:QL05:K1 , new value= -10.88725 , time: Tue Aug 20 17:47:59 2024
lattice.json will be updated.

PV Changed: HALF:IN:QUAD:QL06:K1 , new value= 6.345664 , time: Tue Aug 20 17:47:59 2024
lattice.json will be updated.

PV Changed: HALF:IN:QUAD:QL07:K1 , new value= 3.88939 , time: Tue Aug 20 17:47:59 2024
lattice.json will be updated.

PV Changed: HALF:IN:QUAD:QL08:K1 , new value= -2.046863 , time: Tue Aug 20 17:47:59 2024
lattice.json will be updated.

PV Changed: HALF:IN:QUAD:QL09:K1 , new value= 0.4677693 , time: Tue Aug 20 17:47:59 2024
lattice.json will be updated.

PV Changed: HALF:IN:QUAD:QL10:K1 , new value= -2.753931 , time: Tue Aug 20 17:47:59 2024
lattice.json will be updated.

PV Changed: HALF:IN:QUAD:QL11:K1 , new value= -1.069225 , time: Tue Aug 20 17:47:59 2024
lattice.json will be updated.

PV Changed: HALF:IN:QUAD:QL12:K1 , new value= 1.214364 , time: Tue Aug 20 17:47:59 2024
lattice.json will be updated.

PV Changed: HALF:IN:QUAD:QL13:K1 , new value= -4.968432 , time: Tue Aug 20 17:47:59 2024
lattice.json will be updated.

PV Changed: HALF:IN:QUAD:QL14:K1 , new value= 4.052411 , time: Tue Aug 20 17:47:59 2024
lattice.json will be updated.

PV Changed: HALF:IN:QUAD:QL15:K1 , new value= 1.387017 , time: Tue Aug 20 17:47:59 2024
lattice.json will be updated.

PV Changed: HALF:IN:QUAD:QL16:K1 , new value= -2.73906 , time: Tue Aug 20 17:47:59 2024
lattice.json will be updated.

PV Changed: HALF:IN:QUAD:QL17:K1 , new value= 1.473873 , time: Tue Aug 20 17:47:59 2024
lattice.json will be updated.

PV Changed: HALF:IN:QUAD:QL18:K1 , new value= -0.5071771 , time: Tue Aug 20 17:47:59 2024
lattice.json will be updated.

PV Changed: HALF:IN:QUAD:QL19:K1 , new value= -0.5812314 , time: Tue Aug 20 17:47:59 2024
lattice.json will be updated.

PV Changed: HALF:IN:QUAD:QL20:K1 , new value= 0.5812314 , time: Tue Aug 20 17:47:59 2024
lattice.json will be updated.

PV Changed: HALF:IN:QUAD:QL21:K1 , new value= -0.5812314 , time: Tue Aug 20 17:47:59 2024
lattice.json will be updated.

PV Changed: HALF:IN:QUAD:QL22:K1 , new value= 0.5812314 , time: Tue Aug 20 17:47:59 2024
lattice.json will be updated.

PV Changed: HALF:IN:QUAD:QL23:K1 , new value= -0.5812314 , time: Tue Aug 20 17:47:59 2024
lattice.json will be updated.

PV Changed: HALF:IN:QUAD:QL24:K1 , new value= 0.5812314 , time: Tue Aug 20 17:47:59 2024
lattice.json will be updated.

PV Changed: HALF:IN:QUAD:QL25:K1 , new value= -0.5812314 , time: Tue Aug 20 17:47:59 2024
lattice.json will be updated.

PV Changed: HALF:IN:QUAD:QL26:K1 , new value= 0.5812314 , time: Tue Aug 20 17:47:59 2024
lattice.json will be updated.

PV Changed: HALF:IN:QUAD:QL27:K1 , new value= -0.5812314 , time: Tue Aug 20 17:47:59 2024
lattice.json will be updated.

PV Changed: HALF:IN:QUAD:QT01:K1 , new value= -1.315043 , time: Tue Aug 20 17:47:59 2024
lattice.json will be updated.

PV Changed: HALF:IN:QUAD:QT02:K1 , new value= 1.402247 , time: Tue Aug 20 17:47:59 2024
lattice.json will be updated.

PV Changed: HALF:IN:QUAD:QT03:K1 , new value= -1.339706 , time: Tue Aug 20 17:47:59 2024
lattice.json will be updated.

PV Changed: HALF:IN:QUAD:QT04:K1 , new value= 0.8841496 , time: Tue Aug 20 17:47:59 2024
lattice.json will be updated.

PV Changed: HALF:IN:QUAD:QHL1:K1 , new value= 2.308226 , time: Tue Aug 20 17:47:59 2024
lattice.json will be updated.

PV Changed: HALF:IN:QUAD:QHL2:K1 , new value= -1.975459 , time: Tue Aug 20 17:47:59 2024
lattice.json will be updated.

PV Changed: HALF:IN:QUAD:QHL3:K1 , new value= 2.832848 , time: Tue Aug 20 17:47:59 2024
lattice.json will be updated.

PV Changed: HALF:IN:QUAD:QHL4:K1 , new value= -2.158739 , time: Tue Aug 20 17:47:59 2024
lattice.json will be updated.

PV Changed: HALF:IN:QUAD:QT13:K1 , new value= 0.9463534 , time: Tue Aug 20 17:47:59 2024
lattice.json will be updated.

PV Changed: HALF:IN:QUAD:QT14:K1 , new value= -1.247343 , time: Tue Aug 20 17:47:59 2024
lattice.json will be updated.

PV Changed: HALF:IN:QUAD:QT15:K1 , new value= 0.177407 , time: Tue Aug 20 17:47:59 2024
lattice.json will be updated.

PV Changed: HALF:IN:QUAD:QT16:K1 , new value= -0.3573785 , time: Tue Aug 20 17:47:59 2024
lattice.json will be updated.

PV Changed: HALF:IN:QUAD:QTR1:K1 , new value= 0.6594606 , time: Tue Aug 20 17:47:59 2024
lattice.json will be updated.

PV Changed: HALF:IN:QUAD:QT18:K1 , new value= -0.6594606 , time: Tue Aug 20 17:47:59 2024
lattice.json will be updated.

PV Changed: HALF:IN:QUAD:QT19:K1 , new value= 0.6594606 , time: Tue Aug 20 17:47:59 2024
lattice.json will be updated.

PV Changed: HALF:IN:QUAD:QT20:K1 , new value= -0.6594606 , time: Tue Aug 20 17:47:59 2024
lattice.json will be updated.

PV Changed: HALF:IN:QUAD:QT21:K1 , new value= 0.6594606 , time: Tue Aug 20 17:47:59 2024
lattice.json will be updated.

PV Changed: HALF:IN:QUAD:QT22:K1 , new value= -0.6594606 , time: Tue Aug 20 17:47:59 2024
lattice.json will be updated.

PV Changed: HALF:IN:QUAD:QT23:K1 , new value= 0.6594606 , time: Tue Aug 20 17:47:59 2024
lattice.json will be updated.

PV Changed: HALF:IN:QUAD:QT24:K1 , new value= 1.557907 , time: Tue Aug 20 17:47:59 2024
lattice.json will be updated.

PV Changed: HALF:IN:QUAD:QT25:K1 , new value= -2.509871 , time: Tue Aug 20 17:47:59 2024
lattice.json will be updated.

PV Changed: HALF:IN:QUAD:QT26:K1 , new value= -0.05559521 , time: Tue Aug 20 17:47:59 2024
lattice.json will be updated.

PV Changed: HALF:IN:QUAD:QT27:K1 , new value= 2.493402 , time: Tue Aug 20 17:47:59 2024
lattice.json will be updated.

PV Changed: HALF:IN:QUAD:QT28:K1 , new value= -3.42673 , time: Tue Aug 20 17:47:59 2024
lattice.json will be updated.

PV Changed: HALF:IN:QUAD:QT29:K1 , new value= 1.127802 , time: Tue Aug 20 17:47:59 2024
lattice.json will be updated.

PV Changed: HALF:IN:QUAD:QT30:K1 , new value= -2.960617 , time: Tue Aug 20 17:47:59 2024
lattice.json will be updated.

PV Changed: HALF:IN:QUAD:QT31:K1 , new value= 3.334709 , time: Tue Aug 20 17:47:59 2024
lattice.json will be updated.

PV Changed: HALF:IN:QUAD:QT32:K1 , new value= -3.457488 , time: Tue Aug 20 17:47:59 2024
lattice.json will be updated.

PV Changed: HALF:IN:QUAD:QT33:K1 , new value= -3.457488 , time: Tue Aug 20 17:47:59 2024
lattice.json will be updated.

PV Changed: HALF:IN:QUAD:QT34:K1 , new value= 3.334709 , time: Tue Aug 20 17:47:59 2024
lattice.json will be updated.

PV Changed: HALF:IN:QUAD:QT35:K1 , new value= -2.960617 , time: Tue Aug 20 17:47:59 2024
lattice.json will be updated.

PV Changed: HALF:IN:QUAD:QT36:K1 , new value= 1.127802 , time: Tue Aug 20 17:47:59 2024
lattice.json will be updated.

PV Changed: HALF:IN:COR:XC03:ao , new value= 0.0 , time: Tue Aug 20 17:47:59 2024
lattice.json will be updated.

PV Changed: HALF:IN:COR:XC04:ao , new value= 0.0 , time: Tue Aug 20 17:47:59 2024
lattice.json will be updated.

PV Changed: HALF:IN:COR:XC05:ao , new value= 0.0 , time: Tue Aug 20 17:47:59 2024
lattice.json will be updated.

PV Changed: HALF:IN:COR:XC06:ao , new value= 0.0 , time: Tue Aug 20 17:47:59 2024
lattice.json will be updated.

PV Changed: HALF:IN:COR:XC07:ao , new value= 0.0 , time: Tue Aug 20 17:47:59 2024
lattice.json will be updated.

PV Changed: HALF:IN:COR:XC08:ao , new value= 0.0 , time: Tue Aug 20 17:47:59 2024
lattice.json will be updated.

PV Changed: HALF:IN:COR:XC09:ao , new value= 0.0 , time: Tue Aug 20 17:47:59 2024
lattice.json will be updated.

PV Changed: HALF:IN:COR:XC10:ao , new value= 0.0 , time: Tue Aug 20 17:47:59 2024
lattice.json will be updated.

PV Changed: HALF:IN:COR:XC11:ao , new value= 0.0 , time: Tue Aug 20 17:47:59 2024
lattice.json will be updated.

PV Changed: HALF:IN:COR:XC12:ao , new value= 0.0 , time: Tue Aug 20 17:47:59 2024
lattice.json will be updated.

PV Changed: HALF:IN:COR:XC13:ao , new value= 0.0 , time: Tue Aug 20 17:47:59 2024
lattice.json will be updated.

PV Changed: HALF:IN:COR:XC14:ao , new value= 0.0 , time: Tue Aug 20 17:47:59 2024
lattice.json will be updated.

PV Changed: HALF:IN:COR:XC15:ao , new value= 0.0 , time: Tue Aug 20 17:47:59 2024
lattice.json will be updated.

PV Changed: HALF:IN:COR:XC16:ao , new value= 0.0 , time: Tue Aug 20 17:47:59 2024
lattice.json will be updated.

PV Changed: HALF:IN:COR:XC17:ao , new value= 0.0 , time: Tue Aug 20 17:47:59 2024
lattice.json will be updated.

PV Changed: HALF:IN:COR:XC18:ao , new value= 0.0 , time: Tue Aug 20 17:47:59 2024
lattice.json will be updated.

PV Changed: HALF:IN:COR:XC19:ao , new value= 0.0 , time: Tue Aug 20 17:47:59 2024
lattice.json will be updated.

PV Changed: HALF:IN:COR:XC20:ao , new value= 0.0 , time: Tue Aug 20 17:47:59 2024
lattice.json will be updated.

PV Changed: HALF:IN:COR:XC21:ao , new value= 0.0 , time: Tue Aug 20 17:47:59 2024
lattice.json will be updated.

PV Changed: HALF:IN:COR:XC22:ao , new value= 0.0 , time: Tue Aug 20 17:47:59 2024
lattice.json will be updated.

PV Changed: HALF:IN:COR:XC23:ao , new value= 0.0 , time: Tue Aug 20 17:47:59 2024
lattice.json will be updated.

PV Changed: HALF:IN:COR:XC24:ao , new value= 0.0 , time: Tue Aug 20 17:47:59 2024
lattice.json will be updated.

PV Changed: HALF:IN:COR:XC25:ao , new value= 0.0 , time: Tue Aug 20 17:47:59 2024
lattice.json will be updated.

PV Changed: HALF:IN:COR:XC26:ao , new value= 0.0 , time: Tue Aug 20 17:47:59 2024
lattice.json will be updated.

PV Changed: HALF:IN:COR:XC27:ao , new value= 0.0 , time: Tue Aug 20 17:47:59 2024
lattice.json will be updated.

PV Changed: HALF:IN:COR:XC28:ao , new value= 0.0 , time: Tue Aug 20 17:47:59 2024
lattice.json will be updated.

PV Changed: HALF:IN:COR:XC29:ao , new value= 0.0 , time: Tue Aug 20 17:47:59 2024
lattice.json will be updated.

PV Changed: HALF:IN:COR:XC30:ao , new value= 0.0 , time: Tue Aug 20 17:47:59 2024
lattice.json will be updated.

PV Changed: HALF:IN:COR:XC31:ao , new value= 0.0 , time: Tue Aug 20 17:47:59 2024
lattice.json will be updated.

PV Changed: HALF:IN:COR:XC32:ao , new value= 0.0 , time: Tue Aug 20 17:47:59 2024
lattice.json will be updated.

PV Changed: HALF:IN:COR:XC33:ao , new value= 0.0 , time: Tue Aug 20 17:47:59 2024
lattice.json will be updated.

PV Changed: HALF:IN:COR:XC34:ao , new value= 0.0 , time: Tue Aug 20 17:47:59 2024
lattice.json will be updated.

PV Changed: HALF:IN:COR:XC35:ao , new value= 0.0 , time: Tue Aug 20 17:47:59 2024
lattice.json will be updated.

PV Changed: HALF:IN:COR:XC36:ao , new value= 0.0 , time: Tue Aug 20 17:47:59 2024
lattice.json will be updated.

PV Changed: HALF:IN:COR:XC37:ao , new value= 0.0 , time: Tue Aug 20 17:47:59 2024
lattice.json will be updated.

PV Changed: HALF:IN:COR:XC38:ao , new value= 0.0 , time: Tue Aug 20 17:47:59 2024
lattice.json will be updated.

PV Changed: HALF:IN:COR:XC39:ao , new value= 0.0 , time: Tue Aug 20 17:47:59 2024
lattice.json will be updated.

PV Changed: HALF:IN:COR:XC40:ao , new value= 0.0 , time: Tue Aug 20 17:47:59 2024
lattice.json will be updated.

PV Changed: HALF:IN:COR:XC41:ao , new value= 0.0 , time: Tue Aug 20 17:47:59 2024
lattice.json will be updated.

PV Changed: HALF:IN:COR:XC42:ao , new value= 0.0 , time: Tue Aug 20 17:47:59 2024
lattice.json will be updated.

PV Changed: HALF:IN:COR:XC43:ao , new value= 0.0 , time: Tue Aug 20 17:47:59 2024
lattice.json will be updated.

PV Changed: HALF:IN:COR:YC03:ao , new value= 0.0 , time: Tue Aug 20 17:47:59 2024
lattice.json will be updated.

PV Changed: HALF:IN:COR:YC04:ao , new value= 0.0 , time: Tue Aug 20 17:47:59 2024
lattice.json will be updated.

PV Changed: HALF:IN:COR:YC05:ao , new value= 0.0 , time: Tue Aug 20 17:47:59 2024
lattice.json will be updated.

PV Changed: HALF:IN:COR:YC06:ao , new value= 0.0 , time: Tue Aug 20 17:47:59 2024
lattice.json will be updated.

PV Changed: HALF:IN:COR:YC07:ao , new value= 0.0 , time: Tue Aug 20 17:47:59 2024
lattice.json will be updated.

PV Changed: HALF:IN:COR:YC08:ao , new value= 0.0 , time: Tue Aug 20 17:47:59 2024
lattice.json will be updated.

PV Changed: HALF:IN:COR:YC09:ao , new value= 0.0 , time: Tue Aug 20 17:47:59 2024
lattice.json will be updated.

PV Changed: HALF:IN:COR:YC10:ao , new value= 0.0 , time: Tue Aug 20 17:47:59 2024
lattice.json will be updated.

PV Changed: HALF:IN:COR:YC11:ao , new value= 0.0 , time: Tue Aug 20 17:47:59 2024
lattice.json will be updated.

PV Changed: HALF:IN:COR:YC12:ao , new value= 0.0 , time: Tue Aug 20 17:47:59 2024
lattice.json will be updated.

PV Changed: HALF:IN:COR:YC13:ao , new value= 0.0 , time: Tue Aug 20 17:47:59 2024
lattice.json will be updated.

PV Changed: HALF:IN:COR:YC14:ao , new value= 0.0 , time: Tue Aug 20 17:47:59 2024
lattice.json will be updated.

PV Changed: HALF:IN:COR:YC15:ao , new value= 0.0BPMx1    [-2.133311779703404e-05, -2.276893298096304e-05, 7.040307715637516e-05, 7.120236877099395e-05, 4.679928775928911e-05, 3.074337168837852e-05, 2.3666879563970428e-05, 1.7592390101843447e-05, 1.2856161159522546e-05, -6.95436393914478e-06, -9.496905608148354e-06, -2.14725671043033e-05, -9.335582855688941e-06, -1.074077661848517e-05, -7.742499662507783e-07, 6.682192023642686e-06, 6.127125714043396e-06, 1.4094219380472858e-05, 1.4324321790487503e-05, 7.834844699159565e-06, -8.459974110589846e-06, 6.315170413492099e-05, -6.074358455589115e-05, -7.414164444902162e-05, -8.114273730116446e-05, -3.4901261017748367e-05, -3.061226919707402e-05, 1.0620784644510352e-05, 6.385439356365037e-05, 4.055485006734286e-05, 0.0, 0.0, 0.0, 0.0, 0.0, 0.0, 0.0, 0.0, 0.0, 0.0, 0.0]
BPMx    [[-2.13331178e-05 -2.27689330e-05  7.04030772e-05  7.12023688e-05
   4.67992878e-05  3.07433717e-05  2.36668796e-05  1.75923901e-05
   1.28561612e-05 -6.95436394e-06 -9.49690561e-06 -2.14725671e-05
  -9.33558286e-06 -1.07407766e-05 -7.74249966e-07  6.68219202e-06
   6.12712571e-06  1.40942194e-05  1.43243218e-05  7.83484470e-06
  -8.45997411e-06  6.31517041e-05 -6.07435846e-05 -7.41416444e-05
  -8.11427373e-05 -3.49012610e-05 -3.06122692e-05  1.06207846e-05
   6.38543936e-05  4.05548501e-05  0.00000000e+00  0.00000000e+00
   0.00000000e+00  0.00000000e+00  0.00000000e+00  0.00000000e+00
   0.00000000e+00  0.00000000e+00  0.00000000e+00  0.00000000e+00
   0.00000000e+00]
 [-2.13331178e-05 -2.27689330e-05  7.04030772e-05  7.12023688e-05
   4.67992878e-05  3.07433717e-05  2.36668796e-05  1.75923901e-05
   1.28561612e-05 -6.95436394e-06 -9.49690561e-06 -2.14725671e-05
  -9.33558286e-06 -1.07407766e-05 -7.74249966e-07  6.68219202e-06
   6.12712571e-06  1.40942194e-05  1.43243218e-05  7.83484470e-06
  -8.45997411e-06  6.31517041e-05 -6.07435846e-05 -7.41416444e-05
  -8.11427373e-05 -3.49012610e-05 -3.06122692e-05  1.06207846e-05
   6.38543936e-05  4.05548501e-05  6.54479674e-05  3.45473549e-05
   3.30824784e-05  1.75573546e-05 -7.93914973e-05 -1.63970215e-04
  -2.14285618e-04 -2.67881736e-04 -1.88585060e-04 -2.43102516e-04
  -1.81716122e-04]
 [-1.19141110e-05 -3.79199822e-05  5.56606208e-05  9.12345243e-05
   1.12068168e-04  1.50242155e-04  1.56418717e-04  1.68210891e-04
   1.45044103e-04  1.04957120e-04 -1.23830524e-05 -1.08722294e-04
  -7.23264274e-05 -1.26914285e-04 -3.39793130e-05  6.18167531e-06
   3.61479783e-05  1.15882144e-04  1.27379987e-04  7.04029147e-05
  -7.44175514e-05  1.21424216e-04 -1.14081503e-04 -1.41062257e-04
  -1.61395839e-04 -7.98461410e-05 -9.37323779e-05  5.18498293e-06
   1.08874026e-04  8.24463264e-05  1.53568268e-04  8.44648022e-05
   8.47789914e-05  4.81516356e-05 -6.29569687e-05 -1.77248645e-04
  -2.37552453e-04 -3.01711733e-04 -2.14299346e-04 -2.82498131e-04
  -2.13177135e-04]
 [-1.19141110e-05 -3.79199822e-05  5.56606208e-05  9.12345243e-05
   1.12068168e-04  1.50242155e-04  1.56418717e-04  1.68210891e-04
   1.45044103e-04  1.04957120e-04 -1.23830524e-05 -1.08722294e-04
  -7.23264274e-05 -1.26914285e-04 -3.39793130e-05  6.18167531e-06
   3.61479783e-05  1.15882144e-04  1.27379987e-04  7.04029147e-05
  -7.44175514e-05  1.21424216e-04 -1.14081503e-04 -1.41062257e-04
  -1.61395839e-04 -7.98461410e-05 -9.37323779e-05  5.18498293e-06
   1.08874026e-04  8.24463264e-05  1.53568268e-04  8.44648022e-05
   8.47789914e-05  4.81516356e-05 -6.29569687e-05 -1.77248645e-04
  -2.37552453e-04 -3.01711733e-04 -2.14299346e-04 -2.82498131e-04
  -2.13177135e-04]
 [-1.19141110e-05 -3.79199822e-05  5.56606208e-05  9.12345243e-05
   1.12068168e-04  1.50242155e-04  1.56418717e-04  1.68210891e-04
   1.45044103e-04  1.04957120e-04 -1.23830524e-05 -1.08722294e-04
  -7.23264274e-05 -1.26914285e-04 -3.39793130e-05  6.18167531e-06
   3.61479783e-05  1.15882144e-04  1.27379987e-04  7.04029147e-05
  -7.44175514e-05  1.21424216e-04 -1.14081503e-04 -1.41062257e-04
  -1.61395839e-04 -7.98461410e-05 -9.37323779e-05  5.18498293e-06
   1.08874026e-04  8.24463264e-05  1.53568268e-04  8.44648022e-05
   8.47789914e-05  4.81516356e-05 -6.29569687e-05 -1.77248645e-04
  -2.37552453e-04 -3.01711733e-04 -2.14299346e-04 -2.82498131e-04
  -2.13177135e-04]]
mi11   [ 5.84718809e-06 -4.63215643e-06 -1.38534847e-07  9.59186344e-06
  4.86052972e-05  9.39531226e-05  1.05318673e-04  1.20336611e-04
  1.05848371e-04  9.17283961e-05 -4.68688546e-07 -6.60570362e-05
 -4.91285041e-05 -9.22957756e-05 -2.72721277e-05 -3.13620398e-06
  2.25546355e-05  7.92528892e-05  8.87937632e-05  4.92383182e-05
 -5.16853858e-05  4.45731265e-05 -4.16208431e-05 -5.23267119e-05
 -6.31247252e-05 -3.58400849e-05 -5.11929924e-05 -5.03114101e-06
  3.45501933e-05  3.30021746e-05  5.72429202e-05  3.30422528e-05
  3.48773004e-05  2.11325488e-05  3.45917464e-05  3.16362071e-05
  3.58768947e-05  3.96199055e-05  2.44269110e-05  1.91850078e-05
  1.01997067e-05]
mi12,   [ 3.61923332e-06 -4.69278820e-06 -5.85499910e-06  1.07296368e-06
  5.37610371e-06  3.03207111e-06 -5.75691245e-06 -5.62871414e-06
 -6.13052246e-06 -1.09875047e-06  4.96419609e-07  1.01028540e-06
  2.49079679e-06  9.89231589e-07  8.89701145e-07 -1.68182471e-07
 -1.26255989e-06 -7.66071692e-07  3.56305149e-07  6.83611535e-07
  8.70430671e-07 -4.30741269e-07 -1.22174255e-06 -1.15170141e-06
 -9.16837017e-07 -1.12755985e-06  1.82661923e-08  1.17128264e-06
  9.20514496e-07  1.76043996e-06  1.20456908e-06  1.63528226e-06
  5.18282185e-07 -6.18101085e-07 -1.10515292e-06  3.57564054e-05
  1.19340920e-05 -6.83240098e-06 -4.41876719e-05 -2.29010802e-07
  4.05222764e-06]
mij11    [ 5.84718809e-06 -4.63215643e-06 -1.38534847e-07  9.59186344e-06
  4.86052972e-05  9.39531226e-05  1.05318673e-04  1.20336611e-04
  1.05848371e-04  9.17283961e-05 -4.68688546e-07 -6.60570362e-05
 -4.91285041e-05 -9.22957756e-05 -2.72721277e-05 -3.13620398e-06
  2.25546355e-05  7.92528892e-05  8.87937632e-05  4.92383182e-05
 -5.16853858e-05  4.45731265e-05 -4.16208431e-05 -5.23267119e-05
 -6.31247252e-05 -3.58400849e-05 -5.11929924e-05 -5.03114101e-06
  3.45501933e-05  3.30021746e-05  5.72429202e-05  3.30422528e-05
  3.48773004e-05  2.11325488e-05  3.45917464e-05  3.16362071e-05
  3.58768947e-05  3.96199055e-05  2.44269110e-05  1.91850078e-05
  1.01997067e-05  3.61923332e-06 -4.69278820e-06 -5.85499910e-06
  1.07296368e-06  5.37610371e-06  3.03207111e-06 -5.75691245e-06
 -5.62871414e-06 -6.13052246e-06 -1.09875047e-06  4.96419609e-07
  1.01028540e-06  2.49079679e-06  9.89231589e-07  8.89701145e-07
 -1.68182471e-07 -1.26255989e-06 -7.66071692e-07  3.56305149e-07
  6.83611535e-07  8.70430671e-07 -4.30741269e-07 -1.22174255e-06
 -1.15170141e-06 -9.16837017e-07 -1.12755985e-06  1.82661923e-08
  1.17128264e-06  9.20514496e-07  1.76043996e-06  1.20456908e-06
  1.63528226e-06  5.18282185e-07 -6.18101085e-07 -1.10515292e-06
  3.57564054e-05  1.19340920e-05 -6.83240098e-06 -4.41876719e-05
 -2.29010802e-07  4.05222764e-06]
mij     [[ 5.84718809e-06 -4.63215643e-06 -1.38534847e-07  9.59186344e-06
   4.86052972e-05  9.39531226e-05  1.05318673e-04  1.20336611e-04
   1.05848371e-04  9.17283961e-05 -4.68688546e-07 -6.60570362e-05
  -4.91285041e-05 -9.22957756e-05 -2.72721277e-05 -3.13620398e-06
   2.25546355e-05  7.92528892e-05  8.87937632e-05  4.92383182e-05
  -5.16853858e-05  4.45731265e-05 -4.16208431e-05 -5.23267119e-05
  -6.31247252e-05 -3.58400849e-05 -5.11929924e-05 -5.03114101e-06
   3.45501933e-05  3.30021746e-05  5.72429202e-05  3.30422528e-05
   3.48773004e-05  2.11325488e-05  3.45917464e-05  3.16362071e-05
   3.58768947e-05  3.96199055e-05  2.44269110e-05  1.91850078e-05
   1.01997067e-05  3.61923332e-06 -4.69278820e-06 -5.85499910e-06
   1.07296368e-06  5.37610371e-06  3.03207111e-06 -5.75691245e-06
  -5.62871414e-06 -6.13052246e-06 -1.09875047e-06  4.96419609e-07
   1.01028540e-06  2.49079679e-06  9.89231589e-07  8.89701145e-07
  -1.68182471e-07 -1.26255989e-06 -7.66071692e-07  3.56305149e-07
   6.83611535e-07  8.70430671e-07 -4.30741269e-07 -1.22174255e-06
  -1.15170141e-06 -9.16837017e-07 -1.12755985e-06  1.82661923e-08
   1.17128264e-06  9.20514496e-07  1.76043996e-06  1.20456908e-06
   1.63528226e-06  5.18282185e-07 -6.18101085e-07 -1.10515292e-06
   3.57564054e-05  1.19340920e-05 -6.83240098e-06 -4.41876719e-05
  -2.29010802e-07  4.05222764e-06]]

 0
BPMx1    [-2.7938762326016226e-05, -2.0099021999687525e-05, 6.571981644687864e-05, 6.189331488667538e-05, -1.245324742580257e-05, -8.601223833398874e-05, -0.00010761362877098442, -0.00013276246091229553, -0.0001194951424892019, -0.00012253119595208198, -9.677806972998961e-06, 5.953925086419168e-05, 5.154830906136249e-05, 0.00010436101333550817, 3.361094190329269e-05, 1.174235975435025e-05, -2.1456982551277237e-05, -8.40646209575167e-05, -9.598006176318845e-05, -5.337299558100782e-05, 5.569647642210759e-05, 8.287330714636154e-06, -9.154818856743353e-06, -9.237328932605293e-06, -2.6858958673025923e-06, 9.850587167478962e-06, 3.3669348520356555e-05, 1.719408575472996e-05, 2.127728213005351e-05, -4.849488003547793e-07, -2.239945524342449e-05, -1.5399702373217356e-05, -1.8841677422351973e-05, -1.3317917919805684e-05, -0.00010510239926832184, -0.00016646663152551045, -0.00021040751462674413, -0.00025589766531359197, -0.00017500632027027076, -0.00020717522851838475, -0.0001486305968374376]
BPMx    [[-2.79387623e-05 -2.00990220e-05  6.57198164e-05  6.18933149e-05
  -1.24532474e-05 -8.60122383e-05 -1.07613629e-04 -1.32762461e-04
  -1.19495142e-04 -1.22531196e-04 -9.67780697e-06  5.95392509e-05
   5.15483091e-05  1.04361013e-04  3.36109419e-05  1.17423598e-05
  -2.14569826e-05 -8.40646210e-05 -9.59800618e-05 -5.33729956e-05
   5.56964764e-05  8.28733071e-06 -9.15481886e-06 -9.23732893e-06
  -2.68589587e-06  9.85058717e-06  3.36693485e-05  1.71940858e-05
   2.12772821e-05 -4.84948800e-07 -2.23994552e-05 -1.53997024e-05
  -1.88416774e-05 -1.33179179e-05 -1.05102399e-04 -1.66466632e-04
  -2.10407515e-04 -2.55897665e-04 -1.75006320e-04 -2.07175229e-04
  -1.48630597e-04]
 [-2.79387623e-05 -2.00990220e-05  6.57198164e-05  6.18933149e-05
  -1.24532474e-05 -8.60122383e-05 -1.07613629e-04 -1.32762461e-04
  -1.19495142e-04 -1.22531196e-04 -9.67780697e-06  5.95392509e-05
   5.15483091e-05  1.04361013e-04  3.36109419e-05  1.17423598e-05
  -2.14569826e-05 -8.40646210e-05 -9.59800618e-05 -5.33729956e-05
   5.56964764e-05  8.28733071e-06 -9.15481886e-06 -9.23732893e-06
  -2.68589587e-06  9.85058717e-06  3.36693485e-05  1.71940858e-05
   2.12772821e-05 -4.84948800e-07 -2.23994552e-05 -1.53997024e-05
  -1.88416774e-05 -1.33179179e-05 -1.05102399e-04 -1.66466632e-04
  -2.10407515e-04 -2.55897665e-04 -1.75006320e-04 -2.07175229e-04
  -1.48630597e-04]
 [-2.13331178e-05 -1.16408806e-05  7.02353972e-05  5.63177621e-05
   2.72786813e-05  3.53525057e-06 -4.86321941e-06 -1.32617331e-05
  -1.37949536e-05 -2.62022459e-05 -6.65841978e-06  1.49778134e-07
   4.52350780e-06  1.28362086e-05  5.01969242e-06  3.92669263e-06
  -1.28690413e-06 -8.16032521e-06 -9.61541212e-06 -5.31550638e-06
   5.62332551e-06  4.95244959e-05 -4.79403215e-05 -5.82626680e-05
  -6.27745601e-05 -2.55172089e-05 -1.90147047e-05  1.04779641e-05
   5.19711697e-05  3.10997167e-05  4.72547290e-05  2.44537425e-05
   2.28558023e-05  1.16745835e-05 -8.17691227e-05 -1.60342096e-04
  -2.08518020e-04 -2.59924211e-04 -1.82807508e-04 -2.35157434e-04
  -1.75633344e-04]
 [-2.13331178e-05 -1.16408806e-05  7.02353972e-05  5.63177621e-05
   2.72786813e-05  3.53525057e-06 -4.86321941e-06 -1.32617331e-05
  -1.37949536e-05 -2.62022459e-05 -6.65841978e-06  1.49778134e-07
   4.52350780e-06  1.28362086e-05  5.01969242e-06  3.92669263e-06
  -1.28690413e-06 -8.16032521e-06 -9.61541212e-06 -5.31550638e-06
   5.62332551e-06  4.95244959e-05 -4.79403215e-05 -5.82626680e-05
  -6.27745601e-05 -2.55172089e-05 -1.90147047e-05  1.04779641e-05
   5.19711697e-05  3.10997167e-05  4.72547290e-05  2.44537425e-05
   2.28558023e-05  1.16745835e-05 -8.17691227e-05 -1.60342096e-04
  -2.08518020e-04 -2.59924211e-04 -1.82807508e-04 -2.35157434e-04
  -1.75633344e-04]
 [-2.13331178e-05 -1.16408806e-05  7.02353972e-05  5.63177621e-05
   2.72786813e-05  3.53525057e-06 -4.86321941e-06 -1.32617331e-05
  -1.37949536e-05 -2.62022459e-05 -6.65841978e-06  1.49778134e-07
   4.52350780e-06  1.28362086e-05  5.01969242e-06  3.92669263e-06
  -1.28690413e-06 -8.16032521e-06 -9.61541212e-06 -5.31550638e-06
   5.62332551e-06  4.95244959e-05 -4.79403215e-05 -5.82626680e-05
  -6.27745601e-05 -2.55172089e-05 -1.90147047e-05  1.04779641e-05
   5.19711697e-05  3.10997167e-05  4.72547290e-05  2.44537425e-05
   2.28558023e-05  1.16745835e-05 -8.17691227e-05 -1.60342096e-04
  -2.08518020e-04 -2.59924211e-04 -1.82807508e-04 -2.35157434e-04
  -1.75633344e-04]]
mi11   [-2.64225781e-06  1.44216272e-05 -7.11084971e-06 -2.37964775e-05
 -4.81550723e-05 -7.94742443e-05 -8.65461346e-05 -9.66353702e-05
 -8.43698543e-05 -6.80846112e-05  4.01768555e-06  5.94488767e-05
  4.12379364e-05  7.41670403e-05  2.03220947e-05 -2.32192410e-06
 -2.03827532e-05 -6.64484590e-05 -7.30921487e-05 -4.03615869e-05
  4.27477903e-05 -3.88330089e-05  3.66043698e-05  4.57135556e-05
  5.40352901e-05  2.92030832e-05  3.91606312e-05  2.03838508e-06
 -3.21558647e-05 -2.80355549e-05 -5.69827325e-05 -3.20282261e-05
 -3.29019570e-05 -1.92715039e-05 -1.29166395e-05  3.45033562e-06
  8.53930343e-06  1.43586838e-05  1.23142959e-05  2.36147923e-05
  2.02397821e-05]
mi12,   [-2.41280921e-06  3.12853155e-06  4.45475673e-06 -4.82210964e-07
 -3.69716975e-06 -2.78517359e-06  4.34436890e-06  4.42511867e-06
  4.90830590e-06  1.54701798e-06  1.46671915e-06  1.12041614e-07
 -7.36996578e-07 -6.36031776e-07 -1.31654128e-06 -4.86252284e-07
 -3.59865822e-07  1.87162549e-07  5.16020172e-07  6.43678635e-07
  3.80259365e-07 -5.83599137e-07 -2.38735288e-07 -1.63610607e-07
  1.74988962e-08  3.28065572e-07  2.45648237e-07  4.52107191e-07
  1.21011555e-07 -6.50010140e-08 -1.72937076e-07 -3.27697778e-07
 -1.33811016e-07  4.81452611e-08  2.49515797e-07 -6.03306945e-06
 -1.63068600e-06  1.35472367e-06  6.73214340e-06  1.39190853e-07
  1.56247869e-07]
mij11    [-2.64225781e-06  1.44216272e-05 -7.11084971e-06 -2.37964775e-05
 -4.81550723e-05 -7.94742443e-05 -8.65461346e-05 -9.66353702e-05
 -8.43698543e-05 -6.80846112e-05  4.01768555e-06  5.94488767e-05
  4.12379364e-05  7.41670403e-05  2.03220947e-05 -2.32192410e-06
 -2.03827532e-05 -6.64484590e-05 -7.30921487e-05 -4.03615869e-05
  4.27477903e-05 -3.88330089e-05  3.66043698e-05  4.57135556e-05
  5.40352901e-05  2.92030832e-05  3.91606312e-05  2.03838508e-06
 -3.21558647e-05 -2.80355549e-05 -5.69827325e-05 -3.20282261e-05
 -3.29019570e-05 -1.92715039e-05 -1.29166395e-05  3.45033562e-06
  8.53930343e-06  1.43586838e-05  1.23142959e-05  2.36147923e-05
  2.02397821e-05 -2.41280921e-06  3.12853155e-06  4.45475673e-06
 -4.82210964e-07 -3.69716975e-06 -2.78517359e-06  4.34436890e-06
  4.42511867e-06  4.90830590e-06  1.54701798e-06  1.46671915e-06
  1.12041614e-07 -7.36996578e-07 -6.36031776e-07 -1.31654128e-06
 -4.86252284e-07 -3.59865822e-07  1.87162549e-07  5.16020172e-07
  6.43678635e-07  3.80259365e-07 -5.83599137e-07 -2.38735288e-07
 -1.63610607e-07  1.74988962e-08  3.28065572e-07  2.45648237e-07
  4.52107191e-07  1.21011555e-07 -6.50010140e-08 -1.72937076e-07
 -3.27697778e-07 -1.33811016e-07  4.81452611e-08  2.49515797e-07
 -6.03306945e-06 -1.63068600e-06  1.35472367e-06  6.73214340e-06
  1.39190853e-07  1.56247869e-07]
mij     [[ 5.84718809e-06 -4.63215643e-06 -1.38534847e-07  9.59186344e-06
   4.86052972e-05  9.39531226e-05  1.05318673e-04  1.20336611e-04
   1.05848371e-04  9.17283961e-05 -4.68688546e-07 -6.60570362e-05
  -4.91285041e-05 -9.22957756e-05 -2.72721277e-05 -3.13620398e-06
   2.25546355e-05  7.92528892e-05  8.87937632e-05  4.92383182e-05
  -5.16853858e-05  4.45731265e-05 -4.16208431e-05 -5.23267119e-05
  -6.31247252e-05 -3.58400849e-05 -5.11929924e-05 -5.03114101e-06
   3.45501933e-05  3.30021746e-05  5.72429202e-05  3.30422528e-05
   3.48773004e-05  2.11325488e-05  3.45917464e-05  3.16362071e-05
   3.58768947e-05  3.96199055e-05  2.44269110e-05  1.91850078e-05
   1.01997067e-05  3.61923332e-06 -4.69278820e-06 -5.85499910e-06
   1.07296368e-06  5.37610371e-06  3.03207111e-06 -5.75691245e-06
  -5.62871414e-06 -6.13052246e-06 -1.09875047e-06  4.96419609e-07
   1.01028540e-06  2.49079679e-06  9.89231589e-07  8.89701145e-07
  -1.68182471e-07 -1.26255989e-06 -7.66071692e-07  3.56305149e-07
   6.83611535e-07  8.70430671e-07 -4.30741269e-07 -1.22174255e-06
  -1.15170141e-06 -9.16837017e-07 -1.12755985e-06  1.82661923e-08
   1.17128264e-06  9.20514496e-07  1.76043996e-06  1.20456908e-06
   1.63528226e-06  5.18282185e-07 -6.18101085e-07 -1.10515292e-06
   3.57564054e-05  1.19340920e-05 -6.83240098e-06 -4.41876719e-05
  -2.29010802e-07  4.05222764e-06]
 [-2.64225781e-06  1.44216272e-05 -7.11084971e-06 -2.37964775e-05
  -4.81550723e-05 -7.94742443e-05 -8.65461346e-05 -9.66353702e-05
  -8.43698543e-05 -6.80846112e-05  4.01768555e-06  5.94488767e-05
   4.12379364e-05  7.41670403e-05  2.03220947e-05 -2.32192410e-06
  -2.03827532e-05 -6.64484590e-05 -7.30921487e-05 -4.03615869e-05
   4.27477903e-05 -3.88330089e-05  3.66043698e-05  4.57135556e-05
   5.40352901e-05  2.92030832e-05  3.91606312e-05  2.03838508e-06
  -3.21558647e-05 -2.80355549e-05 -5.69827325e-05 -3.20282261e-05
  -3.29019570e-05 -1.92715039e-05 -1.29166395e-05  3.45033562e-06
   8.53930343e-06  1.43586838e-05  1.23142959e-05  2.36147923e-05
   2.02397821e-05 -2.41280921e-06  3.12853155e-06  4.45475673e-06
  -4.82210964e-07 -3.69716975e-06 -2.78517359e-06  4.34436890e-06
   4.42511867e-06  4.90830590e-06  1.54701798e-06  1.46671915e-06
   1.12041614e-07 -7.36996578e-07 -6.36031776e-07 -1.31654128e-06
  -4.86252284e-07 -3.59865822e-07  1.87162549e-07  5.16020172e-07
   6.43678635e-07  3.80259365e-07 -5.83599137e-07 -2.38735288e-07
  -1.63610607e-07  1.74988962e-08  3.28065572e-07  2.45648237e-07
   4.52107191e-07  1.21011555e-07 -6.50010140e-08 -1.72937076e-07
  -3.27697778e-07 -1.33811016e-07  4.81452611e-08  2.49515797e-07
  -6.03306945e-06 -1.63068600e-06  1.35472367e-06  6.73214340e-06
   1.39190853e-07  1.56247869e-07]]

 0
BPMx1    [-2.133311779703404e-05, -3.389698531351376e-05, 7.686616896287876e-05, 8.8851135315656e-05, 6.760655728432627e-05, 5.810431154969689e-05, 5.194424412183534e-05, 4.7782115776481315e-05, 3.881726989050626e-05, 1.0739043092706439e-05, -1.3190220316252833e-05, -4.4466581353158854e-05, -2.3511512095862482e-05, -3.411018936892873e-05, -6.087301235852132e-06, 1.0736931316393108e-05, 1.4106498134219737e-05, 3.6948100631076605e-05, 3.856744898177682e-05, 2.1107732639035037e-05, -2.2774836932916707e-05, 7.744717437293633e-05, -7.430303241592798e-05, -9.089194295316285e-05, -0.00010027434062819864, -4.433716487368038e-05, -4.162346715280111e-05, 1.1288043574259777e-05, 7.681905684434211e-05, 5.035182762144876e-05, 8.365605245758813e-05, 4.456230273279047e-05, 4.313450869185717e-05, 2.3267712613431056e-05, -7.728996159214017e-05, -0.00016771728331632264, -0.0002201368966446551, -0.00027585929274657285, -0.00019429978419801655, -0.00025068482154840113, -0.00018743169817927435]
BPMx    [[-2.13331178e-05 -3.38969853e-05  7.68661690e-05  8.88511353e-05
   6.76065573e-05  5.81043115e-05  5.19442441e-05  4.77821158e-05
   3.88172699e-05  1.07390431e-05 -1.31902203e-05 -4.44665814e-05
  -2.35115121e-05 -3.41101894e-05 -6.08730124e-06  1.07369313e-05
   1.41064981e-05  3.69481006e-05  3.85674490e-05  2.11077326e-05
  -2.27748369e-05  7.74471744e-05 -7.43030324e-05 -9.08919430e-05
  -1.00274341e-04 -4.43371649e-05 -4.16234672e-05  1.12880436e-05
   7.68190568e-05  5.03518276e-05  8.36560525e-05  4.45623027e-05
   4.31345087e-05  2.32677126e-05 -7.72899616e-05 -1.67717283e-04
  -2.20136897e-04 -2.75859293e-04 -1.94299784e-04 -2.50684822e-04
  -1.87431698e-04]
 [-2.13331178e-05 -2.27689330e-05  7.01009195e-05  6.73712405e-05
  -2.32954437e-06 -6.97200591e-05 -8.99426098e-05 -1.13095754e-04
  -1.02344371e-04 -1.08589148e-04 -1.01587738e-05  4.83288377e-05
   4.34253548e-05  8.92572263e-05  2.91580644e-05  1.12466608e-05
  -1.77370020e-05 -7.09810375e-05 -8.13000891e-05 -4.52305789e-05
   4.71540815e-05  1.56931655e-05 -1.58532382e-05 -1.76811928e-05
  -1.29582696e-05  3.90103010e-06  2.49696268e-05  1.61972286e-05
   2.66979897e-05  4.90865696e-06 -1.06844497e-05 -8.71722465e-06
  -1.18715772e-05 -9.15611306e-06 -1.02370348e-04 -1.67464947e-04
  -2.12591052e-04 -2.59414916e-04 -1.77933427e-04 -2.12520045e-04
  -1.53150879e-04]
 [-2.13331178e-05 -2.27689330e-05  7.01009195e-05  6.73712405e-05
  -2.32954437e-06 -6.97200591e-05 -8.99426098e-05 -1.13095754e-04
  -1.02344371e-04 -1.08589148e-04 -1.01587738e-05  4.83288377e-05
   4.34253548e-05  8.92572263e-05  2.91580644e-05  1.12466608e-05
  -1.77370020e-05 -7.09810375e-05 -8.13000891e-05 -4.52305789e-05
   4.71540815e-05  1.56931655e-05 -1.58532382e-05 -1.76811928e-05
  -1.29582696e-05  3.90103010e-06  2.49696268e-05  1.61972286e-05
   2.66979897e-05  4.90865696e-06 -1.06844497e-05 -8.71722465e-06
  -1.18715772e-05 -9.15611306e-06 -1.02370348e-04 -1.67464947e-04
  -2.12591052e-04 -2.59414916e-04 -1.77933427e-04 -2.12520045e-04
  -1.53150879e-04]
 [-2.13331178e-05 -2.27689330e-05  7.01009195e-05  6.73712405e-05
  -2.32954437e-06 -6.97200591e-05 -8.99426098e-05 -1.13095754e-04
  -1.02344371e-04 -1.08589148e-04 -1.01587738e-05  4.83288377e-05
   4.34253548e-05  8.92572263e-05  2.91580644e-05  1.12466608e-05
  -1.77370020e-05 -7.09810375e-05 -8.13000891e-05 -4.52305789e-05
   4.71540815e-05  1.56931655e-05 -1.58532382e-05 -1.76811928e-05
  -1.29582696e-05  3.90103010e-06  2.49696268e-05  1.61972286e-05
   2.66979897e-05  4.90865696e-06 -1.06844497e-05 -8.71722465e-06
  -1.18715772e-05 -9.15611306e-06 -1.02370348e-04 -1.67464947e-04
  -2.12591052e-04 -2.59414916e-04 -1.77933427e-04 -2.12520045e-04
  -1.53150879e-04]
 [-2.13331178e-05 -2.27689330e-05  7.01009195e-05  6.73712405e-05
  -2.32954437e-06 -6.97200591e-05 -8.99426098e-05 -1.13095754e-04
  -1.02344371e-04 -1.08589148e-04 -1.01587738e-05  4.83288377e-05
   4.34253548e-05  8.92572263e-05  2.91580644e-05  1.12466608e-05
  -1.77370020e-05 -7.09810375e-05 -8.13000891e-05 -4.52305789e-05
   4.71540815e-05  1.56931655e-05 -1.58532382e-05 -1.76811928e-05
  -1.29582696e-05  3.90103010e-06  2.49696268e-05  1.61972286e-05
   2.66979897e-05  4.90865696e-06 -1.06844497e-05 -8.71722465e-06
  -1.18715772e-05 -9.15611306e-06 -1.02370348e-04 -1.67464947e-04
  -2.12591052e-04 -2.59414916e-04 -1.77933427e-04 -2.12520045e-04
  -1.53150879e-04]]
mi11   [ 0.00000000e+00 -2.22561047e-06  1.61743793e-05  1.84962048e-06
 -6.17030875e-05 -1.32718562e-04 -1.51303937e-04 -1.75121613e-04
 -1.54666857e-04 -1.38659197e-04 -2.17799961e-06  9.17321978e-05
  7.04777441e-05  1.34810265e-04  4.08871122e-05  7.73987891e-06
 -3.14803445e-05 -1.13957182e-04 -1.28527635e-04 -7.13787149e-05
  7.46880575e-05 -6.30687885e-05  5.80612587e-05  7.32297502e-05
  8.91987639e-05  5.17892466e-05  7.59509764e-05  8.86624520e-06
 -4.68214913e-05 -4.68097635e-05 -1.01906506e-04 -5.81536148e-05
 -6.06820569e-05 -3.62519828e-05 -2.58706882e-05  5.02575221e-06
  1.44116490e-05  2.52250067e-05  2.21311786e-05  4.38978545e-05
  3.79565752e-05]
mi12,   [ 0.00000000e+00  5.80145466e-13  5.39020835e-06 -4.83345592e-07
 -4.35086006e-06 -3.30723951e-06  5.29371186e-06  5.34359207e-06
  5.90468650e-06  1.39780769e-06  3.17399925e-07 -6.21180121e-07
 -1.94873453e-06 -8.35755210e-07 -8.59650823e-07  5.99210738e-08
  9.01280249e-07  5.60872323e-07 -2.53568453e-07 -4.89824689e-07
 -6.10929998e-07  3.35979938e-07  9.64520825e-07  8.72004545e-07
  6.02716317e-07  5.54973523e-07 -1.65054603e-07 -1.07356099e-06
 -6.81130511e-07 -1.10613669e-06 -1.89287422e-07  2.58382189e-08
  9.26396225e-08  2.04025611e-07 -9.39469530e-08 -9.75213423e-06
 -1.16828575e-06  2.91904139e-06  8.37302197e-06 -3.17167970e-07
 -1.51010105e-07]
mij11    [ 0.00000000e+00 -2.22561047e-06  1.61743793e-05  1.84962048e-06
 -6.17030875e-05 -1.32718562e-04 -1.51303937e-04 -1.75121613e-04
 -1.54666857e-04 -1.38659197e-04 -2.17799961e-06  9.17321978e-05
  7.04777441e-05  1.34810265e-04  4.08871122e-05  7.73987891e-06
 -3.14803445e-05 -1.13957182e-04 -1.28527635e-04 -7.13787149e-05
  7.46880575e-05 -6.30687885e-05  5.80612587e-05  7.32297502e-05
  8.91987639e-05  5.17892466e-05  7.59509764e-05  8.86624520e-06
 -4.68214913e-05 -4.68097635e-05 -1.01906506e-04 -5.81536148e-05
 -6.06820569e-05 -3.62519828e-05 -2.58706882e-05  5.02575221e-06
  1.44116490e-05  2.52250067e-05  2.21311786e-05  4.38978545e-05
  3.79565752e-05  0.00000000e+00  5.80145466e-13  5.39020835e-06
 -4.83345592e-07 -4.35086006e-06 -3.30723951e-06  5.29371186e-06
  5.34359207e-06  5.90468650e-06  1.39780769e-06  3.17399925e-07
 -6.21180121e-07 -1.94873453e-06 -8.35755210e-07 -8.59650823e-07
  5.99210738e-08  9.01280249e-07  5.60872323e-07 -2.53568453e-07
 -4.89824689e-07 -6.10929998e-07  3.35979938e-07  9.64520825e-07
  8.72004545e-07  6.02716317e-07  5.54973523e-07 -1.65054603e-07
 -1.07356099e-06 -6.81130511e-07 -1.10613669e-06 -1.89287422e-07
  2.58382189e-08  9.26396225e-08  2.04025611e-07 -9.39469530e-08
 -9.75213423e-06 -1.16828575e-06  2.91904139e-06  8.37302197e-06
 -3.17167970e-07 -1.51010105e-07]
mij     [[ 5.84718809e-06 -4.63215643e-06 -1.38534847e-07  9.59186344e-06
   4.86052972e-05  9.39531226e-05  1.05318673e-04  1.20336611e-04
   1.05848371e-04  9.17283961e-05 -4.68688546e-07 -6.60570362e-05
  -4.91285041e-05 -9.22957756e-05 -2.72721277e-05 -3.13620398e-06
   2.25546355e-05  7.92528892e-05  8.87937632e-05  4.92383182e-05
  -5.16853858e-05  4.45731265e-05 -4.16208431e-05 -5.23267119e-05
  -6.31247252e-05 -3.58400849e-05 -5.11929924e-05 -5.03114101e-06
   3.45501933e-05  3.30021746e-05  5.72429202e-05  3.30422528e-05
   3.48773004e-05  2.11325488e-05  3.45917464e-05  3.16362071e-05
   3.58768947e-05  3.96199055e-05  2.44269110e-05  1.91850078e-05
   1.01997067e-05  3.61923332e-06 -4.69278820e-06 -5.85499910e-06
   1.07296368e-06  5.37610371e-06  3.03207111e-06 -5.75691245e-06
  -5.62871414e-06 -6.13052246e-06 -1.09875047e-06  4.96419609e-07
   1.01028540e-06  2.49079679e-06  9.89231589e-07  8.89701145e-07
  -1.68182471e-07 -1.26255989e-06 -7.66071692e-07  3.56305149e-07
   6.83611535e-07  8.70430671e-07 -4.30741269e-07 -1.22174255e-06
  -1.15170141e-06 -9.16837017e-07 -1.12755985e-06  1.82661923e-08
   1.17128264e-06  9.20514496e-07  1.76043996e-06  1.20456908e-06
   1.63528226e-06  5.18282185e-07 -6.18101085e-07 -1.10515292e-06
   3.57564054e-05  1.19340920e-05 -6.83240098e-06 -4.41876719e-05
  -2.29010802e-07  4.05222764e-06]
 [-2.64225781e-06  1.44216272e-05 -7.11084971e-06 -2.37964775e-05
  -4.81550723e-05 -7.94742443e-05 -8.65461346e-05 -9.66353702e-05
  -8.43698543e-05 -6.80846112e-05  4.01768555e-06  5.94488767e-05
   4.12379364e-05  7.41670403e-05  2.03220947e-05 -2.32192410e-06
  -2.03827532e-05 -6.64484590e-05 -7.30921487e-05 -4.03615869e-05
   4.27477903e-05 -3.88330089e-05  3.66043698e-05  4.57135556e-05
   5.40352901e-05  2.92030832e-05  3.91606312e-05  2.03838508e-06
  -3.21558647e-05 -2.80355549e-05 -5.69827325e-05 -3.20282261e-05
  -3.29019570e-05 -1.92715039e-05 -1.29166395e-05  3.45033562e-06
   8.53930343e-06  1.43586838e-05  1.23142959e-05  2.36147923e-05
   2.02397821e-05 -2.41280921e-06  3.12853155e-06  4.45475673e-06
  -4.82210964e-07 -3.69716975e-06 -2.78517359e-06  4.34436890e-06
   4.42511867e-06  4.90830590e-06  1.54701798e-06  1.46671915e-06
   1.12041614e-07 -7.36996578e-07 -6.36031776e-07 -1.31654128e-06
  -4.86252284e-07 -3.59865822e-07  1.87162549e-07  5.16020172e-07
   6.43678635e-07  3.80259365e-07 -5.83599137e-07 -2.38735288e-07
  -1.63610607e-07  1.74988962e-08  3.28065572e-07  2.45648237e-07
   4.52107191e-07  1.21011555e-07 -6.50010140e-08 -1.72937076e-07
  -3.27697778e-07 -1.33811016e-07  4.81452611e-08  2.49515797e-07
  -6.03306945e-06 -1.63068600e-06  1.35472367e-06  6.73214340e-06
   1.39190853e-07  1.56247869e-07]
 [ 0.00000000e+00 -2.22561047e-06  1.61743793e-05  1.84962048e-06
  -6.17030875e-05 -1.32718562e-04 -1.51303937e-04 -1.75121613e-04
  -1.54666857e-04 -1.38659197e-04 -2.17799961e-06  9.17321978e-05
   7.04777441e-05  1.34810265e-04  4.08871122e-05  7.73987891e-06
  -3.14803445e-05 -1.13957182e-04 -1.28527635e-04 -7.13787149e-05
   7.46880575e-05 -6.30687885e-05  5.80612587e-05  7.32297502e-05
   8.91987639e-05  5.17892466e-05  7.59509764e-05  8.86624520e-06
  -4.68214913e-05 -4.68097635e-05 -1.01906506e-04 -5.81536148e-05
  -6.06820569e-05 -3.62519828e-05 -2.58706882e-05  5.02575221e-06
   1.44116490e-05  2.52250067e-05  2.21311786e-05  4.38978545e-05
   3.79565752e-05  0.00000000e+00  5.80145466e-13  5.39020835e-06
  -4.83345592e-07 -4.35086006e-06 -3.30723951e-06  5.29371186e-06
   5.34359207e-06  5.90468650e-06  1.39780769e-06  3.17399925e-07
  -6.21180121e-07 -1.94873453e-06 -8.35755210e-07 -8.59650823e-07
   5.99210738e-08  9.01280249e-07  5.60872323e-07 -2.53568453e-07
  -4.89824689e-07 -6.10929998e-07  3.35979938e-07  9.64520825e-07
   8.72004545e-07  6.02716317e-07  5.54973523e-07 -1.65054603e-07
  -1.07356099e-06 -6.81130511e-07 -1.10613669e-06 -1.89287422e-07
   2.58382189e-08  9.26396225e-08  2.04025611e-07 -9.39469530e-08
  -9.75213423e-06 -1.16828575e-06  2.91904139e-06  8.37302197e-06
  -3.17167970e-07 -1.51010105e-07]]

 0
BPMx1    [-2.133311779703404e-05, -2.276893298096304e-05, 5.1574257677206644e-05, 7.04291886185771e-05, 9.228334039426312e-05, 0.00012813423661426474, 0.0001346590243859581, 0.0001460257301137867, 0.00012627961101064752, 9.4566895321006e-05, -8.19413591503379e-06, -8.953526433035593e-05, -6.140604205360317e-05, -0.00011009745826951306, -3.076216728464512e-05, 1.4443797841773647e-06, 2.9574303662774235e-05, 9.844772430900295e-05, 0.00010932633944680208, 6.0577392692750184e-05, -6.368822004102042e-05, 0.00010996765331920947, -0.0001030422600889312, -0.00012752106805000285, -0.00014628574223771315, -7.289507690302824e-05, -8.661736717084474e-05, 3.887125845846369e-06, 9.775512053031602e-05, 7.478165403243016e-05, 0.00014028380869828558, 7.729467563789189e-05, 7.773251534038145e-05, 4.426482184207867e-05, -6.37618909646951e-05, -0.00017381022117788562, -0.00023249207462923505, -0.00029505726847798604, -0.00020968898942248473, -0.0002769335576745899, -0.00020916680295078184]
BPMx    [[-2.13331178e-05 -2.27689330e-05  5.15742577e-05  7.04291886e-05
   9.22833404e-05  1.28134237e-04  1.34659024e-04  1.46025730e-04
   1.26279611e-04  9.45668953e-05 -8.19413592e-06 -8.95352643e-05
  -6.14060421e-05 -1.10097458e-04 -3.07621673e-05  1.44437978e-06
   2.95743037e-05  9.84477243e-05  1.09326339e-04  6.05773927e-05
  -6.36882200e-05  1.09967653e-04 -1.03042260e-04 -1.27521068e-04
  -1.46285742e-04 -7.28950769e-05 -8.66173672e-05  3.88712585e-06
   9.77551205e-05  7.47816540e-05  1.40283809e-04  7.72946756e-05
   7.77325153e-05  4.42648218e-05 -6.37618910e-05 -1.73810221e-04
  -2.32492075e-04 -2.95057268e-04 -2.09688989e-04 -2.76933558e-04
  -2.09166803e-04]
 [-2.13331178e-05 -2.27689330e-05  5.15742577e-05  7.04291886e-05
   9.22833404e-05  1.28134237e-04  1.34659024e-04  1.46025730e-04
   1.26279611e-04  9.45668953e-05 -8.19413592e-06 -8.95352643e-05
  -6.14060421e-05 -1.10097458e-04 -3.07621673e-05  1.44437978e-06
   2.95743037e-05  9.84477243e-05  1.09326339e-04  6.05773927e-05
  -6.36882200e-05  1.09967653e-04 -1.03042260e-04 -1.27521068e-04
  -1.46285742e-04 -7.28950769e-05 -8.66173672e-05  3.88712585e-06
   9.77551205e-05  7.47816540e-05  1.40283809e-04  7.72946756e-05
   7.77325153e-05  4.42648218e-05 -6.37618910e-05 -1.73810221e-04
  -2.32492075e-04 -2.95057268e-04 -2.09688989e-04 -2.76933558e-04
  -2.09166803e-04]
 [-2.13331178e-05 -2.27689330e-05  7.04030772e-05  1.04756475e-04
   9.15400106e-05  9.36461333e-05  8.97674013e-05  8.92110073e-05
   7.47580020e-05  3.80652719e-05 -1.58776026e-05 -7.13190938e-05
  -4.14233986e-05 -6.55071642e-05 -1.43260309e-05  1.28017665e-05
   2.32206153e-05  6.56384347e-05  6.98438355e-05  3.83416970e-05
  -4.11100189e-05  9.46346328e-05 -9.03011398e-05 -1.10814529e-04
  -1.23618867e-04 -5.66771212e-05 -5.76694208e-05  1.08352645e-05
   9.12024290e-05  6.24307690e-05  1.07684365e-04  5.79997007e-05
   5.68653542e-05  3.12544583e-05 -7.37795197e-05 -1.72313837e-04
  -2.27589716e-04 -2.86269728e-04 -2.01957366e-04 -2.61567772e-04
  -1.95877704e-04]
 [-2.13331178e-05 -2.27689330e-05  7.04030772e-05  1.04756475e-04
   9.15400106e-05  9.36461333e-05  8.97674013e-05  8.92110073e-05
   7.47580020e-05  3.80652719e-05 -1.58776026e-05 -7.13190938e-05
  -4.14233986e-05 -6.55071642e-05 -1.43260309e-05  1.28017665e-05
   2.32206153e-05  6.56384347e-05  6.98438355e-05  3.83416970e-05
  -4.11100189e-05  9.46346328e-05 -9.03011398e-05 -1.10814529e-04
  -1.23618867e-04 -5.66771212e-05 -5.76694208e-05  1.08352645e-05
   9.12024290e-05  6.24307690e-05  1.07684365e-04  5.79997007e-05
   5.68653542e-05  3.12544583e-05 -7.37795197e-05 -1.72313837e-04
  -2.27589716e-04 -2.86269728e-04 -2.01957366e-04 -2.61567772e-04
  -1.95877704e-04]
 [-2.13331178e-05 -2.27689330e-05  7.04030772e-05  1.04756475e-04
   9.15400106e-05  9.36461333e-05  8.97674013e-05  8.92110073e-05
   7.47580020e-05  3.80652719e-05 -1.58776026e-05 -7.13190938e-05
  -4.14233986e-05 -6.55071642e-05 -1.43260309e-05  1.28017665e-05
   2.32206153e-05  6.56384347e-05  6.98438355e-05  3.83416970e-05
  -4.11100189e-05  9.46346328e-05 -9.03011398e-05 -1.10814529e-04
  -1.23618867e-04 -5.66771212e-05 -5.76694208e-05  1.08352645e-05
   9.12024290e-05  6.24307690e-05  1.07684365e-04  5.79997007e-05
   5.68653542e-05  3.12544583e-05 -7.37795197e-05 -1.72313837e-04
  -2.27589716e-04 -2.86269728e-04 -2.01957366e-04 -2.61567772e-04
  -1.95877704e-04]]
mi11   [ 0.00000000e+00  0.00000000e+00 -7.53152779e-06  2.65339517e-05
  5.39863250e-05  8.92792952e-05  9.72783880e-05  1.08669752e-04
  9.48922615e-05  7.66267872e-05 -4.58181386e-06 -6.70991617e-05
 -4.64967617e-05 -8.35528177e-05 -2.28356795e-05  2.80062277e-06
  2.30527347e-05  7.49734096e-05  8.24125080e-05  4.55003142e-05
 -4.82090179e-05  4.39105784e-05 -4.05634845e-05 -5.06875038e-05
 -6.00349223e-05 -3.26163013e-05 -4.40448466e-05 -2.52146127e-06
  3.54371690e-05  3.11897813e-05  6.37196835e-05  3.58586369e-05
  3.68840362e-05  2.16392948e-05  1.07404158e-05 -1.06107372e-05
 -1.79253465e-05 -2.55796860e-05 -1.91385974e-05 -2.83029652e-05
 -2.23080979e-05]
mi12,   [ 0.00000000e+00  0.00000000e+00 -3.30851513e-07 -1.39965245e-07
  6.76883834e-08  4.59007017e-07 -3.03873257e-07 -4.03860190e-07
 -4.93202845e-07 -4.91312916e-07 -1.08584940e-06 -4.75768927e-07
 -5.62159283e-07 -1.66265265e-08  4.33230224e-07  3.61099180e-07
  7.28162030e-07  1.97645096e-07 -4.55042638e-07 -6.64498990e-07
 -5.81554380e-07  5.25910954e-07  6.37207088e-07  5.63877593e-07
  3.60397278e-07  2.59623171e-07 -1.54518471e-07 -7.44581034e-07
 -4.44866284e-07 -6.73264089e-07 -9.27285757e-08  6.14232746e-08
  7.74619939e-08  1.23285015e-07 -9.14521030e-08 -2.29375724e-07
  3.10770068e-07  2.38007159e-07 -3.77552171e-07 -1.79653461e-07
 -1.94199438e-07]
mij11    [ 0.00000000e+00  0.00000000e+00 -7.53152779e-06  2.65339517e-05
  5.39863250e-05  8.92792952e-05  9.72783880e-05  1.08669752e-04
  9.48922615e-05  7.66267872e-05 -4.58181386e-06 -6.70991617e-05
 -4.64967617e-05 -8.35528177e-05 -2.28356795e-05  2.80062277e-06
  2.30527347e-05  7.49734096e-05  8.24125080e-05  4.55003142e-05
 -4.82090179e-05  4.39105784e-05 -4.05634845e-05 -5.06875038e-05
 -6.00349223e-05 -3.26163013e-05 -4.40448466e-05 -2.52146127e-06
  3.54371690e-05  3.11897813e-05  6.37196835e-05  3.58586369e-05
  3.68840362e-05  2.16392948e-05  1.07404158e-05 -1.06107372e-05
 -1.79253465e-05 -2.55796860e-05 -1.91385974e-05 -2.83029652e-05
 -2.23080979e-05  0.00000000e+00  0.00000000e+00 -3.30851513e-07
 -1.39965245e-07  6.76883834e-08  4.59007017e-07 -3.03873257e-07
 -4.03860190e-07 -4.93202845e-07 -4.91312916e-07 -1.08584940e-06
 -4.75768927e-07 -5.62159283e-07 -1.66265265e-08  4.33230224e-07
  3.61099180e-07  7.28162030e-07  1.97645096e-07 -4.55042638e-07
 -6.64498990e-07 -5.81554380e-07  5.25910954e-07  6.37207088e-07
  5.63877593e-07  3.60397278e-07  2.59623171e-07 -1.54518471e-07
 -7.44581034e-07 -4.44866284e-07 -6.73264089e-07 -9.27285757e-08
  6.14232746e-08  7.74619939e-08  1.23285015e-07 -9.14521030e-08
 -2.29375724e-07  3.10770068e-07  2.38007159e-07 -3.77552171e-07
 -1.79653461e-07 -1.94199438e-07]
mij     [[ 5.84718809e-06 -4.63215643e-06 -1.38534847e-07  9.59186344e-06
   4.86052972e-05  9.39531226e-05  1.05318673e-04  1.20336611e-04
   1.05848371e-04  9.17283961e-05 -4.68688546e-07 -6.60570362e-05
  -4.91285041e-05 -9.22957756e-05 -2.72721277e-05 -3.13620398e-06
   2.25546355e-05  7.92528892e-05  8.87937632e-05  4.92383182e-05
  -5.16853858e-05  4.45731265e-05 -4.16208431e-05 -5.23267119e-05
  -6.31247252e-05 -3.58400849e-05 -5.11929924e-05 -5.03114101e-06
   3.45501933e-05  3.30021746e-05  5.72429202e-05  3.30422528e-05
   3.48773004e-05  2.11325488e-05  3.45917464e-05  3.16362071e-05
   3.58768947e-05  3.96199055e-05  2.44269110e-05  1.91850078e-05
   1.01997067e-05  3.61923332e-06 -4.69278820e-06 -5.85499910e-06
   1.07296368e-06  5.37610371e-06  3.03207111e-06 -5.75691245e-06
  -5.62871414e-06 -6.13052246e-06 -1.09875047e-06  4.96419609e-07
   1.01028540e-06  2.49079679e-06  9.89231589e-07  8.89701145e-07
  -1.68182471e-07 -1.26255989e-06 -7.66071692e-07  3.56305149e-07
   6.83611535e-07  8.70430671e-07 -4.30741269e-07 -1.22174255e-06
  -1.15170141e-06 -9.16837017e-07 -1.12755985e-06  1.82661923e-08
   1.17128264e-06  9.20514496e-07  1.76043996e-06  1.20456908e-06
   1.63528226e-06  5.18282185e-07 -6.18101085e-07 -1.10515292e-06
   3.57564054e-05  1.19340920e-05 -6.83240098e-06 -4.41876719e-05
  -2.29010802e-07  4.05222764e-06]
 [-2.64225781e-06  1.44216272e-05 -7.11084971e-06 -2.37964775e-05
  -4.81550723e-05 -7.94742443e-05 -8.65461346e-05 -9.66353702e-05
  -8.43698543e-05 -6.80846112e-05  4.01768555e-06  5.94488767e-05
   4.12379364e-05  7.41670403e-05  2.03220947e-05 -2.32192410e-06
  -2.03827532e-05 -6.64484590e-05 -7.30921487e-05 -4.03615869e-05
   4.27477903e-05 -3.88330089e-05  3.66043698e-05  4.57135556e-05
   5.40352901e-05  2.92030832e-05  3.91606312e-05  2.03838508e-06
  -3.21558647e-05 -2.80355549e-05 -5.69827325e-05 -3.20282261e-05
  -3.29019570e-05 -1.92715039e-05 -1.29166395e-05  3.45033562e-06
   8.53930343e-06  1.43586838e-05  1.23142959e-05  2.36147923e-05
   2.02397821e-05 -2.41280921e-06  3.12853155e-06  4.45475673e-06
  -4.82210964e-07 -3.69716975e-06 -2.78517359e-06  4.34436890e-06
   4.42511867e-06  4.90830590e-06  1.54701798e-06  1.46671915e-06
   1.12041614e-07 -7.36996578e-07 -6.36031776e-07 -1.31654128e-06
  -4.86252284e-07 -3.59865822e-07  1.87162549e-07  5.16020172e-07
   6.43678635e-07  3.80259365e-07 -5.83599137e-07 -2.38735288e-07
  -1.63610607e-07  1.74988962e-08  3.28065572e-07  2.45648237e-07
   4.52107191e-07  1.21011555e-07 -6.50010140e-08 -1.72937076e-07
  -3.27697778e-07 -1.33811016e-07  4.81452611e-08  2.49515797e-07
  -6.03306945e-06 -1.63068600e-06  1.35472367e-06  6.73214340e-06
   1.39190853e-07  1.56247869e-07]
 [ 0.00000000e+00 -2.22561047e-06  1.61743793e-05  1.84962048e-06
  -6.17030875e-05 -1.32718562e-04 -1.51303937e-04 -1.75121613e-04
  -1.54666857e-04 -1.38659197e-04 -2.17799961e-06  9.17321978e-05
   7.04777441e-05  1.34810265e-04  4.08871122e-05  7.73987891e-06
  -3.14803445e-05 -1.13957182e-04 -1.28527635e-04 -7.13787149e-05
   7.46880575e-05 -6.30687885e-05  5.80612587e-05  7.32297502e-05
   8.91987639e-05  5.17892466e-05  7.59509764e-05  8.86624520e-06
  -4.68214913e-05 -4.68097635e-05 -1.01906506e-04 -5.81536148e-05
  -6.06820569e-05 -3.62519828e-05 -2.58706882e-05  5.02575221e-06
   1.44116490e-05  2.52250067e-05  2.21311786e-05  4.38978545e-05
   3.79565752e-05  0.00000000e+00  5.80145466e-13  5.39020835e-06
  -4.83345592e-07 -4.35086006e-06 -3.30723951e-06  5.29371186e-06
   5.34359207e-06  5.90468650e-06  1.39780769e-06  3.17399925e-07
  -6.21180121e-07 -1.94873453e-06 -8.35755210e-07 -8.59650823e-07
   5.99210738e-08  9.01280249e-07  5.60872323e-07 -2.53568453e-07
  -4.89824689e-07 -6.10929998e-07  3.35979938e-07  9.64520825e-07
   8.72004545e-07  6.02716317e-07  5.54973523e-07 -1.65054603e-07
  -1.07356099e-06 -6.81130511e-07 -1.10613669e-06 -1.89287422e-07
   2.58382189e-08  9.26396225e-08  2.04025611e-07 -9.39469530e-08
  -9.75213423e-06 -1.16828575e-06  2.91904139e-06  8.37302197e-06
  -3.17167970e-07 -1.51010105e-07]
 [ 0.00000000e+00  0.00000000e+00 -7.53152779e-06  2.65339517e-05
   5.39863250e-05  8.92792952e-05  9.72783880e-05  1.08669752e-04
   9.48922615e-05  7.66267872e-05 -4.58181386e-06 -6.70991617e-05
  -4.64967617e-05 -8.35528177e-05 -2.28356795e-05  2.80062277e-06
   2.30527347e-05  7.49734096e-05  8.24125080e-05  4.55003142e-05
  -4.82090179e-05  4.39105784e-05 -4.05634845e-05 -5.06875038e-05
  -6.00349223e-05 -3.26163013e-05 -4.40448466e-05 -2.52146127e-06
   3.54371690e-05  3.11897813e-05  6.37196835e-05  3.58586369e-05
   3.68840362e-05  2.16392948e-05  1.07404158e-05 -1.06107372e-05
  -1.79253465e-05 -2.55796860e-05 -1.91385974e-05 -2.83029652e-05
  -2.23080979e-05  0.00000000e+00  0.00000000e+00 -3.30851513e-07
  -1.39965245e-07  6.76883834e-08  4.59007017e-07 -3.03873257e-07
  -4.03860190e-07 -4.93202845e-07 -4.91312916e-07 -1.08584940e-06
  -4.75768927e-07 -5.62159283e-07 -1.66265265e-08  4.33230224e-07
   3.61099180e-07  7.28162030e-07  1.97645096e-07 -4.55042638e-07
  -6.64498990e-07 -5.81554380e-07  5.25910954e-07  6.37207088e-07
   5.63877593e-07  3.60397278e-07  2.59623171e-07 -1.54518471e-07
  -7.44581034e-07 -4.44866284e-07 -6.73264089e-07 -9.27285757e-08
   6.14232746e-08  7.74619939e-08  1.23285015e-07 -9.14521030e-08
  -2.29375724e-07  3.10770068e-07  2.38007159e-07 -3.77552171e-07
  -1.79653461e-07 -1.94199438e-07]]

 0
BPMx1    [-2.133311779703404e-05, -2.276893298096304e-05, 7.040307715637516e-05, 3.764836453901517e-05, 2.058355416932258e-06, -3.216062312563445e-05, -4.2435496677865925e-05, -5.402876391481431e-05, -4.904802783632723e-05, -5.197829110700769e-05, -3.1189350363715387e-06, 2.8368728729297893e-05, 2.2749441984371152e-05, 4.4020669227880484e-05, 1.277601072605853e-05, 5.624707308892077e-07, -1.0964816875816898e-05, -3.7444388272570504e-05, -4.11886752390436e-05, -2.2668362912604323e-05, 2.418621024700279e-05, 3.167234921100916e-05, -3.118941246786133e-05, -3.747304888888333e-05, -3.8671913444715154e-05, -1.3128589433951213e-05, -3.55997401826658e-06, 1.0405607510425347e-05, 3.65089417776297e-05, 1.868172361027979e-05, 2.3217854861428937e-05, 1.1098622556382137e-05, 9.303401278478144e-06, 3.862542642516493e-06, -8.500179356924455e-05, -0.0001556268643972181, -0.0002009823777735694, -0.0002494952783396969, -0.00017521411930320662, -0.00022464002053120563, -0.00016755694032411165]
BPMx    [[-2.13331178e-05 -2.27689330e-05  7.04030772e-05  3.76483645e-05
   2.05835542e-06 -3.21606231e-05 -4.24354967e-05 -5.40287639e-05
  -4.90480278e-05 -5.19782911e-05 -3.11893504e-06  2.83687287e-05
   2.27494420e-05  4.40206692e-05  1.27760107e-05  5.62470731e-07
  -1.09648169e-05 -3.74443883e-05 -4.11886752e-05 -2.26683629e-05
   2.41862102e-05  3.16723492e-05 -3.11894125e-05 -3.74730489e-05
  -3.86719134e-05 -1.31285894e-05 -3.55997402e-06  1.04056075e-05
   3.65089418e-05  1.86817236e-05  2.32178549e-05  1.10986226e-05
   9.30340128e-06  3.86254264e-06 -8.50017936e-05 -1.55626864e-04
  -2.00982378e-04 -2.49495278e-04 -1.75214119e-04 -2.24640021e-04
  -1.67556940e-04]
 [-2.13331178e-05 -2.27689330e-05  7.04030772e-05  3.76483645e-05
   2.05835542e-06 -3.21606231e-05 -4.24354967e-05 -5.40287639e-05
  -4.90480278e-05 -5.19782911e-05 -3.11893504e-06  2.83687287e-05
   2.27494420e-05  4.40206692e-05  1.27760107e-05  5.62470731e-07
  -1.09648169e-05 -3.74443883e-05 -4.11886752e-05 -2.26683629e-05
   2.41862102e-05  3.16723492e-05 -3.11894125e-05 -3.74730489e-05
  -3.86719134e-05 -1.31285894e-05 -3.55997402e-06  1.04056075e-05
   3.65089418e-05  1.86817236e-05  2.32178549e-05  1.10986226e-05
   9.30340128e-06  3.86254264e-06 -8.50017936e-05 -1.55626864e-04
  -2.00982378e-04 -2.49495278e-04 -1.75214119e-04 -2.24640021e-04
  -1.67556940e-04]
 [-2.13331178e-05 -2.27689330e-05  7.04030772e-05  7.12023688e-05
   1.12127562e-04  1.69455472e-04  1.81528921e-04  2.00067263e-04
   1.73952510e-04  1.37001359e-04 -7.54546259e-06 -1.17615650e-04
  -8.29799822e-05 -1.51395037e-04 -4.33419410e-05 -1.11142843e-06
   3.91192495e-05  1.33217601e-04  1.48602611e-04  8.23965308e-05
  -8.65033444e-05  1.29248214e-04 -1.20422243e-04 -1.49471236e-04
  -1.73134175e-04 -8.86327493e-05 -1.09949382e-04  9.92165145e-07
   1.11594277e-04  8.89011128e-05  1.71300402e-04  9.50279128e-05
   9.62723798e-05  5.53665709e-05 -5.73892357e-05 -1.78148466e-04
  -2.40383238e-04 -3.06757331e-04 -2.18745400e-04 -2.91362023e-04
  -2.20850016e-04]
 [-2.13331178e-05 -2.27689330e-05  7.04030772e-05  7.12023688e-05
   1.12127562e-04  1.69455472e-04  1.81528921e-04  2.00067263e-04
   1.73952510e-04  1.37001359e-04 -7.54546259e-06 -1.17615650e-04
  -8.29799822e-05 -1.51395037e-04 -4.33419410e-05 -1.11142843e-06
   3.91192495e-05  1.33217601e-04  1.48602611e-04  8.23965308e-05
  -8.65033444e-05  1.29248214e-04 -1.20422243e-04 -1.49471236e-04
  -1.73134175e-04 -8.86327493e-05 -1.09949382e-04  9.92165145e-07
   1.11594277e-04  8.89011128e-05  1.71300402e-04  9.50279128e-05
   9.62723798e-05  5.53665709e-05 -5.73892357e-05 -1.78148466e-04
  -2.40383238e-04 -3.06757331e-04 -2.18745400e-04 -2.91362023e-04
  -2.20850016e-04]
 [-2.13331178e-05 -2.27689330e-05  7.04030772e-05  7.12023688e-05
   1.12127562e-04  1.69455472e-04  1.81528921e-04  2.00067263e-04
   1.73952510e-04  1.37001359e-04 -7.54546259e-06 -1.17615650e-04
  -8.29799822e-05 -1.51395037e-04 -4.33419410e-05 -1.11142843e-06
   3.91192495e-05  1.33217601e-04  1.48602611e-04  8.23965308e-05
  -8.65033444e-05  1.29248214e-04 -1.20422243e-04 -1.49471236e-04
  -1.73134175e-04 -8.86327493e-05 -1.09949382e-04  9.92165145e-07
   1.11594277e-04  8.89011128e-05  1.71300402e-04  9.50279128e-05
   9.62723798e-05  5.53665709e-05 -5.73892357e-05 -1.78148466e-04
  -2.40383238e-04 -3.06757331e-04 -2.18745400e-04 -2.91362023e-04
  -2.20850016e-04]]
mi11   [ 0.00000000e+00  0.00000000e+00  0.00000000e+00 -1.34216017e-05
  6.04975559e-05  1.41292861e-04  1.62993230e-04  1.90320901e-04
  1.68553466e-04  1.54737662e-04  4.89451753e-06 -9.54297757e-05
 -7.55352135e-05 -1.46871751e-04 -4.56576109e-05 -1.17973813e-05
  3.27525196e-05  1.22325563e-04  1.38920215e-04  7.72679242e-05
 -8.05880575e-05  6.67184926e-05 -6.13450052e-05 -7.75770197e-05
 -9.52354351e-05 -5.62674357e-05 -8.41651273e-05 -1.09616300e-05
  4.82907807e-05  5.01179975e-05  1.10923677e-04  6.35168490e-05
  6.65093100e-05  3.99036684e-05  3.05976385e-05 -2.08801705e-06
 -1.16503561e-05 -2.30292625e-05 -2.17244011e-05 -4.75384075e-05
 -4.21024166e-05]
mi12,   [ 0.00000000e+00  0.00000000e+00  0.00000000e+00  4.72467868e-11
  6.18034570e-11 -1.02603128e-10 -7.31673397e-11 -2.31192171e-11
 -8.74935453e-13  1.02254246e-10 -8.06935589e-10 -2.28990219e-09
 -6.06036494e-09 -1.82514948e-09 -2.41585121e-10  1.57534013e-09
  5.20828449e-09  2.66292835e-09 -1.90676858e-09 -3.27314126e-09
 -3.65952734e-09  2.29825176e-09 -4.68644428e-07 -3.71008744e-07
 -1.24184508e-07  2.00840443e-07  2.83221417e-07  7.01858842e-07
  2.69263055e-07  1.63982315e-07 -1.43365772e-07 -3.54278405e-07
 -1.57499360e-07  1.92946916e-08  2.79826555e-07  1.34676464e-05
  1.40778691e-06 -4.13939427e-06 -1.12320163e-05  4.79144978e-07
  1.69012710e-07]
mij11    [ 0.00000000e+00  0.00000000e+00  0.00000000e+00 -1.34216017e-05
  6.04975559e-05  1.41292861e-04  1.62993230e-04  1.90320901e-04
  1.68553466e-04  1.54737662e-04  4.89451753e-06 -9.54297757e-05
 -7.55352135e-05 -1.46871751e-04 -4.56576109e-05 -1.17973813e-05
  3.27525196e-05  1.22325563e-04  1.38920215e-04  7.72679242e-05
 -8.05880575e-05  6.67184926e-05 -6.13450052e-05 -7.75770197e-05
 -9.52354351e-05 -5.62674357e-05 -8.41651273e-05 -1.09616300e-05
  4.82907807e-05  5.01179975e-05  1.10923677e-04  6.35168490e-05
  6.65093100e-05  3.99036684e-05  3.05976385e-05 -2.08801705e-06
 -1.16503561e-05 -2.30292625e-05 -2.17244011e-05 -4.75384075e-05
 -4.21024166e-05  0.00000000e+00  0.00000000e+00  0.00000000e+00
  4.72467868e-11  6.18034570e-11 -1.02603128e-10 -7.31673397e-11
 -2.31192171e-11 -8.74935453e-13  1.02254246e-10 -8.06935589e-10
 -2.28990219e-09 -6.06036494e-09 -1.82514948e-09 -2.41585121e-10
  1.57534013e-09  5.20828449e-09  2.66292835e-09 -1.90676858e-09
 -3.27314126e-09 -3.65952734e-09  2.29825176e-09 -4.68644428e-07
 -3.71008744e-07 -1.24184508e-07  2.00840443e-07  2.83221417e-07
  7.01858842e-07  2.69263055e-07  1.63982315e-07 -1.43365772e-07
 -3.54278405e-07 -1.57499360e-07  1.92946916e-08  2.79826555e-07
  1.34676464e-05  1.40778691e-06 -4.13939427e-06 -1.12320163e-05
  4.79144978e-07  1.69012710e-07]
mij     [[ 5.84718809e-06 -4.63215643e-06 -1.38534847e-07  9.59186344e-06
   4.86052972e-05  9.39531226e-05  1.05318673e-04  1.20336611e-04
   1.05848371e-04  9.17283961e-05 -4.68688546e-07 -6.60570362e-05
  -4.91285041e-05 -9.22957756e-05 -2.72721277e-05 -3.13620398e-06
   2.25546355e-05  7.92528892e-05  8.87937632e-05  4.92383182e-05
  -5.16853858e-05  4.45731265e-05 -4.16208431e-05 -5.23267119e-05
  -6.31247252e-05 -3.58400849e-05 -5.11929924e-05 -5.03114101e-06
   3.45501933e-05  3.30021746e-05  5.72429202e-05  3.30422528e-05
   3.48773004e-05  2.11325488e-05  3.45917464e-05  3.16362071e-05
   3.58768947e-05  3.96199055e-05  2.44269110e-05  1.91850078e-05
   1.01997067e-05  3.61923332e-06 -4.69278820e-06 -5.85499910e-06
   1.07296368e-06  5.37610371e-06  3.03207111e-06 -5.75691245e-06
  -5.62871414e-06 -6.13052246e-06 -1.09875047e-06  4.96419609e-07
   1.01028540e-06  2.49079679e-06  9.89231589e-07  8.89701145e-07
  -1.68182471e-07 -1.26255989e-06 -7.66071692e-07  3.56305149e-07
   6.83611535e-07  8.70430671e-07 -4.30741269e-07 -1.22174255e-06
  -1.15170141e-06 -9.16837017e-07 -1.12755985e-06  1.82661923e-08
   1.17128264e-06  9.20514496e-07  1.76043996e-06  1.20456908e-06
   1.63528226e-06  5.18282185e-07 -6.18101085e-07 -1.10515292e-06
   3.57564054e-05  1.19340920e-05 -6.83240098e-06 -4.41876719e-05
  -2.29010802e-07  4.05222764e-06]
 [-2.64225781e-06  1.44216272e-05 -7.11084971e-06 -2.37964775e-05
  -4.81550723e-05 -7.94742443e-05 -8.65461346e-05 -9.66353702e-05
  -8.43698543e-05 -6.80846112e-05  4.01768555e-06  5.94488767e-05
   4.12379364e-05  7.41670403e-05  2.03220947e-05 -2.32192410e-06
  -2.03827532e-05 -6.64484590e-05 -7.30921487e-05 -4.03615869e-05
   4.27477903e-05 -3.88330089e-05  3.66043698e-05  4.57135556e-05
   5.40352901e-05  2.92030832e-05  3.91606312e-05  2.03838508e-06
  -3.21558647e-05 -2.80355549e-05 -5.69827325e-05 -3.20282261e-05
  -3.29019570e-05 -1.92715039e-05 -1.29166395e-05  3.45033562e-06
   8.53930343e-06  1.43586838e-05  1.23142959e-05  2.36147923e-05
   2.02397821e-05 -2.41280921e-06  3.12853155e-06  4.45475673e-06
  -4.82210964e-07 -3.69716975e-06 -2.78517359e-06  4.34436890e-06
   4.42511867e-06  4.90830590e-06  1.54701798e-06  1.46671915e-06
   1.12041614e-07 -7.36996578e-07 -6.36031776e-07 -1.31654128e-06
  -4.86252284e-07 -3.59865822e-07  1.87162549e-07  5.16020172e-07
   6.43678635e-07  3.80259365e-07 -5.83599137e-07 -2.38735288e-07
  -1.63610607e-07  1.74988962e-08  3.28065572e-07  2.45648237e-07
   4.52107191e-07  1.21011555e-07 -6.50010140e-08 -1.72937076e-07
  -3.27697778e-07 -1.33811016e-07  4.81452611e-08  2.49515797e-07
  -6.03306945e-06 -1.63068600e-06  1.35472367e-06  6.73214340e-06
   1.39190853e-07  1.56247869e-07]
 [ 0.00000000e+00 -2.22561047e-06  1.61743793e-05  1.84962048e-06
  -6.17030875e-05 -1.32718562e-04 -1.51303937e-04 -1.75121613e-04
  -1.54666857e-04 -1.38659197e-04 -2.17799961e-06  9.17321978e-05
   7.04777441e-05  1.34810265e-04  4.08871122e-05  7.73987891e-06
  -3.14803445e-05 -1.13957182e-04 -1.28527635e-04 -7.13787149e-05
   7.46880575e-05 -6.30687885e-05  5.80612587e-05  7.32297502e-05
   8.91987639e-05  5.17892466e-05  7.59509764e-05  8.86624520e-06
  -4.68214913e-05 -4.68097635e-05 -1.01906506e-04 -5.81536148e-05
  -6.06820569e-05 -3.62519828e-05 -2.58706882e-05  5.02575221e-06
   1.44116490e-05  2.52250067e-05  2.21311786e-05  4.38978545e-05
   3.79565752e-05  0.00000000e+00  5.80145466e-13  5.39020835e-06
  -4.83345592e-07 -4.35086006e-06 -3.30723951e-06  5.29371186e-06
   5.34359207e-06  5.90468650e-06  1.39780769e-06  3.17399925e-07
  -6.21180121e-07 -1.94873453e-06 -8.35755210e-07 -8.59650823e-07
   5.99210738e-08  9.01280249e-07  5.60872323e-07 -2.53568453e-07
  -4.89824689e-07 -6.10929998e-07  3.35979938e-07  9.64520825e-07
   8.72004545e-07  6.02716317e-07  5.54973523e-07 -1.65054603e-07
  -1.07356099e-06 -6.81130511e-07 -1.10613669e-06 -1.89287422e-07
   2.58382189e-08  9.26396225e-08  2.04025611e-07 -9.39469530e-08
  -9.75213423e-06 -1.16828575e-06  2.91904139e-06  8.37302197e-06
  -3.17167970e-07 -1.51010105e-07]
 [ 0.00000000e+00  0.00000000e+00 -7.53152779e-06  2.65339517e-05
   5.39863250e-05  8.92792952e-05  9.72783880e-05  1.08669752e-04
   9.48922615e-05  7.66267872e-05 -4.58181386e-06 -6.70991617e-05
  -4.64967617e-05 -8.35528177e-05 -2.28356795e-05  2.80062277e-06
   2.30527347e-05  7.49734096e-05  8.24125080e-05  4.55003142e-05
  -4.82090179e-05  4.39105784e-05 -4.05634845e-05 -5.06875038e-05
  -6.00349223e-05 -3.26163013e-05 -4.40448466e-05 -2.52146127e-06
   3.54371690e-05  3.11897813e-05  6.37196835e-05  3.58586369e-05
   3.68840362e-05  2.16392948e-05  1.07404158e-05 -1.06107372e-05
  -1.79253465e-05 -2.55796860e-05 -1.91385974e-05 -2.83029652e-05
  -2.23080979e-05  0.00000000e+00  0.00000000e+00 -3.30851513e-07
  -1.39965245e-07  6.76883834e-08  4.59007017e-07 -3.03873257e-07
  -4.03860190e-07 -4.93202845e-07 -4.91312916e-07 -1.08584940e-06
  -4.75768927e-07 -5.62159283e-07 -1.66265265e-08  4.33230224e-07
   3.61099180e-07  7.28162030e-07  1.97645096e-07 -4.55042638e-07
  -6.64498990e-07 -5.81554380e-07  5.25910954e-07  6.37207088e-07
   5.63877593e-07  3.60397278e-07  2.59623171e-07 -1.54518471e-07
  -7.44581034e-07 -4.44866284e-07 -6.73264089e-07 -9.27285757e-08
   6.14232746e-08  7.74619939e-08  1.23285015e-07 -9.14521030e-08
  -2.29375724e-07  3.10770068e-07  2.38007159e-07 -3.77552171e-07
  -1.79653461e-07 -1.94199438e-07]
 [ 0.00000000e+00  0.00000000e+00  0.00000000e+00 -1.34216017e-05
   6.04975559e-05  1.41292861e-04  1.62993230e-04  1.90320901e-04
   1.68553466e-04  1.54737662e-04  4.89451753e-06 -9.54297757e-05
  -7.55352135e-05 -1.46871751e-04 -4.56576109e-05 -1.17973813e-05
   3.27525196e-05  1.22325563e-04  1.38920215e-04  7.72679242e-05
  -8.05880575e-05  6.67184926e-05 -6.13450052e-05 -7.75770197e-05
  -9.52354351e-05 -5.62674357e-05 -8.41651273e-05 -1.09616300e-05
   4.82907807e-05  5.01179975e-05  1.10923677e-04  6.35168490e-05
   6.65093100e-05  3.99036684e-05  3.05976385e-05 -2.08801705e-06
  -1.16503561e-05 -2.30292625e-05 -2.17244011e-05 -4.75384075e-05
  -4.21024166e-05  0.00000000e+00  0.00000000e+00  0.00000000e+00
   4.72467868e-11  6.18034570e-11 -1.02603128e-10 -7.31673397e-11
  -2.31192171e-11 -8.74935453e-13  1.02254246e-10 -8.06935589e-10
  -2.28990219e-09 -6.06036494e-09 -1.82514948e-09 -2.41585121e-10
   1.57534013e-09  5.20828449e-09  2.66292835e-09 -1.90676858e-09
  -3.27314126e-09 -3.65952734e-09  2.29825176e-09 -4.68644428e-07
  -3.71008744e-07 -1.24184508e-07  2.00840443e-07  2.83221417e-07
   7.01858842e-07  2.69263055e-07  1.63982315e-07 -1.43365772e-07
  -3.54278405e-07 -1.57499360e-07  1.92946916e-08  2.79826555e-07
   1.34676464e-05  1.40778691e-06 -4.13939427e-06 -1.12320163e-05
   4.79144978e-07  1.69012710e-07]]

 0
[?2004l
